[diag_cbc_small] step    500 loss 0.0397 | SEEN psnr   9.08 top1@100 0.008 | UNSEEN psnr   9.12 top1@100 0.012 | floor 11.12
[diag_cbc_small] step   1000 loss 0.0246 | SEEN psnr   9.55 top1@100 0.014 | UNSEEN psnr   9.60 top1@100 0.010 | floor 11.12
[diag_cbc_small] step   1500 loss 0.0188 | SEEN psnr   9.74 top1@100 0.012 | UNSEEN psnr   9.79 top1@100 0.015 | floor 11.12
[diag_cbc_small] step   2000 loss 0.0138 | SEEN psnr   9.82 top1@100 0.013 | UNSEEN psnr   9.87 top1@100 0.009 | floor 11.12
[diag_cbc_small] step   2500 loss 0.0112 | SEEN psnr   9.85 top1@100 0.012 | UNSEEN psnr   9.91 top1@100 0.010 | floor 11.12
[diag_cbc_small] step   3000 loss 0.0107 | SEEN psnr   9.86 top1@100 0.012 | UNSEEN psnr   9.92 top1@100 0.010 | floor 11.12
{
  "config": {
    "name": "diag_cbc_small",
    "cipher": {
      "mode": "diffuse_only",
      "rounds": 1,
      "feedback": "cbc"
    },
    "dataset": "shapes",
    "eval_dataset": null,
    "model": "resunet",
    "model_kw": {},
    "n_keys": 1,
    "batch_size": 64,
    "steps": 3000,
    "lr": 0.0002,
    "warmup_steps": 200,
    "eval_n": 500,
    "eval_every": 500,
    "seed": 0,
    "device": "cuda:1",
    "workers": 4,
    "input_repr": "both",
    "coords": true,
    "prev_ch": true,
    "out_mode": "regress",
    "train_subset": 200,
    "loss": "l1",
    "amp": true
  },
  "cipher_tag": "logistic_r1_diffuse_only_full2d_keyed_cbc_float64",
  "n_params": 27188675,
  "floor": {
    "psnr": 11.116665840148926,
    "ssim": 0.5264865756034851,
    "mse": 0.08431728929281235,
    "mae": 0.2506794333457947,
    "top1_pool10": 0.0991,
    "chance_pool10": 0.1,
    "top1_pool100": 0.0101,
    "chance_pool100": 0.01
  },
  "seen": {
    "psnr": 9.860252380371094,
    "ssim": 0.29732468724250793,
    "mse": 0.11029896885156631,
    "mae": 0.27660807967185974,
    "top1_pool10": 0.0966,
    "chance_pool10": 0.1,
    "top1_pool100": 0.0118,
    "chance_pool100": 0.01
  },
  "unseen": {
    "psnr": 9.917089462280273,
    "ssim": 0.2901386320590973,
    "mse": 0.10829488188028336,
    "mae": 0.2746025323867798,
    "top1_pool10": 0.1021,
    "chance_pool10": 0.1,
    "top1_pool100": 0.0101,
    "chance_pool100": 0.01
  },
  "mismatch_control": {
    "psnr": 9.959282875061035,
    "ssim": 0.2902301847934723,
    "mse": 0.10731109976768494,
    "mae": 0.27392369508743286,
    "top1_pool10": 0.0948,
    "chance_pool10": 0.1,
    "top1_pool100": 0.0085,
    "chance_pool100": 0.01
  },
  "gain_over_floor_unseen": {
    "psnr_gain_db": -1.1995763778686523,
    "ssim_gain": -0.23634794354438782,
    "top1_pool10_gain": 0.0030000000000000027,
    "top1_pool100_gain": 0.0
  },
  "gain_over_floor_seen": {
    "psnr_gain_db": -1.256413459777832,
    "ssim_gain": -0.22916188836097717,
    "top1_pool10_gain": -0.0024999999999999883,
    "top1_pool100_gain": 0.0017000000000000001
  },
  "kgg_psnr": 0.04523756209936658,
  "kgg_top1_100": 1.0,
  "train_seconds": 71.87142038345337
}
