[E1_nkeys_4__resunet_cifar] step   1000 loss 0.0833 | SEEN psnr  19.11 top1@100 0.975 | UNSEEN psnr  12.26 top1@100 0.012 | floor 12.68
[E1_nkeys_4__resunet_cifar] step   2000 loss 0.0728 | SEEN psnr  20.32 top1@100 0.997 | UNSEEN psnr  12.10 top1@100 0.010 | floor 12.68
[E1_nkeys_4__resunet_cifar] step   3000 loss 0.0653 | SEEN psnr  20.99 top1@100 1.000 | UNSEEN psnr  12.15 top1@100 0.012 | floor 12.68
[E1_nkeys_4__resunet_cifar] step   4000 loss 0.0607 | SEEN psnr  21.45 top1@100 1.000 | UNSEEN psnr  12.11 top1@100 0.010 | floor 12.68
[E1_nkeys_4__resunet_cifar] step   5000 loss 0.0613 | SEEN psnr  21.59 top1@100 1.000 | UNSEEN psnr  12.12 top1@100 0.010 | floor 12.68
{
  "config": {
    "name": "E1_nkeys_4__resunet_cifar",
    "cipher": {
      "name": "chaos",
      "map": "logistic",
      "rounds": 2,
      "mode": "permute_diffuse",
      "perm_scope": "full2d",
      "perm_keyed": true,
      "feedback": "none",
      "precision": "float64"
    },
    "dataset": "cifar10",
    "eval_dataset": null,
    "model": "resunet",
    "model_kw": {},
    "n_keys": 4,
    "batch_size": 256,
    "steps": 5000,
    "lr": 0.0002,
    "warmup_steps": 200,
    "eval_n": 2000,
    "eval_every": 1000,
    "seed": 0,
    "device": "cuda:2",
    "workers": 6,
    "input_repr": "both",
    "coords": true,
    "prev_ch": true,
    "out_mode": "regress",
    "train_subset": null,
    "loss": "l1",
    "amp": true
  },
  "cipher_tag": "logistic_r2_permute_diffuse_full2d_keyed_none_float64",
  "n_params": 27188675,
  "floor": {
    "psnr": 12.681406021118164,
    "ssim": 0.35571393370628357,
    "mse": 0.06180805340409279,
    "mae": 0.20674438774585724,
    "top1_pool10": 0.100375,
    "chance_pool10": 0.1,
    "top1_pool100": 0.010025,
    "chance_pool100": 0.01,
    "top1_pool1000": 0.001075,
    "chance_pool1000": 0.001
  },
  "seen": {
    "psnr": 21.594453811645508,
    "ssim": 0.7521191239356995,
    "mse": 0.0078009795397520065,
    "mae": 0.06279903650283813,
    "top1_pool10": 1.0,
    "chance_pool10": 0.1,
    "top1_pool100": 0.99985,
    "chance_pool100": 0.01,
    "top1_pool1000": 0.999,
    "chance_pool1000": 0.001
  },
  "unseen": {
    "psnr": 12.115007400512695,
    "ssim": 0.3152512013912201,
    "mse": 0.0682295560836792,
    "mae": 0.21714799106121063,
    "top1_pool10": 0.11085,
    "chance_pool10": 0.1,
    "top1_pool100": 0.010175,
    "chance_pool100": 0.01,
    "top1_pool1000": 0.00075,
    "chance_pool1000": 0.001
  },
  "mismatch_control": {
    "psnr": 12.073859214782715,
    "ssim": 0.3120509088039398,
    "mse": 0.06882136315107346,
    "mae": 0.21822386980056763,
    "top1_pool10": 0.0988,
    "chance_pool10": 0.1,
    "top1_pool100": 0.009375,
    "chance_pool100": 0.01,
    "top1_pool1000": 0.0019,
    "chance_pool1000": 0.001
  },
  "gain_over_floor_unseen": {
    "psnr_gain_db": -0.5663986206054688,
    "ssim_gain": -0.04046273231506348,
    "top1_pool10_gain": 0.010474999999999998,
    "top1_pool100_gain": 0.00015000000000000083,
    "top1_pool1000_gain": -0.000325
  },
  "gain_over_floor_seen": {
    "psnr_gain_db": 8.913047790527344,
    "ssim_gain": 0.3964051902294159,
    "top1_pool10_gain": 0.899625,
    "top1_pool100_gain": 0.9898250000000001,
    "top1_pool1000_gain": 0.997925
  },
  "kgg_psnr": 1.0635471315667608,
  "kgg_top1_100": 0.9998484580607683,
  "train_seconds": 693.9525921344757
}
