[E1_nkeys_1024__linearmixer_shapesB] step   1000 loss 0.2287 | SEEN psnr  11.74 top1@100 0.025 | UNSEEN psnr  10.49 top1@100 0.011 | floor 11.09
[E1_nkeys_1024__linearmixer_shapesB] step   2000 loss 0.2191 | SEEN psnr  11.96 top1@100 0.032 | UNSEEN psnr  10.40 top1@100 0.009 | floor 11.09
[E1_nkeys_1024__linearmixer_shapesB] step   3000 loss 0.2205 | SEEN psnr  11.99 top1@100 0.034 | UNSEEN psnr  10.33 top1@100 0.012 | floor 11.09
[E1_nkeys_1024__linearmixer_shapesB] step   4000 loss 0.2265 | SEEN psnr  12.03 top1@100 0.035 | UNSEEN psnr  10.29 top1@100 0.010 | floor 11.09
[E1_nkeys_1024__linearmixer_shapesB] step   5000 loss 0.2194 | SEEN psnr  12.04 top1@100 0.036 | UNSEEN psnr  10.30 top1@100 0.011 | floor 11.09
{
  "config": {
    "name": "E1_nkeys_1024__linearmixer_shapesB",
    "cipher": {
      "name": "chaos",
      "map": "logistic",
      "rounds": 2,
      "mode": "permute_diffuse",
      "perm_scope": "full2d",
      "perm_keyed": true,
      "feedback": "none",
      "precision": "float64"
    },
    "dataset": "shapes",
    "eval_dataset": null,
    "model": "linearmixer",
    "model_kw": {
      "pos_embed": 0
    },
    "n_keys": 1024,
    "batch_size": 256,
    "steps": 5000,
    "lr": 0.0005,
    "warmup_steps": 200,
    "eval_n": 2000,
    "eval_every": 1000,
    "seed": 0,
    "device": "cuda:1",
    "workers": 6,
    "input_repr": "pixel",
    "coords": false,
    "prev_ch": true,
    "out_mode": "regress",
    "train_subset": null,
    "loss": "l1",
    "amp": true
  },
  "cipher_tag": "logistic_r2_permute_diffuse_full2d_keyed_none_float64",
  "n_params": 18906403,
  "floor": {
    "psnr": 11.090311050415039,
    "ssim": 0.5391724705696106,
    "mse": 0.0847492590546608,
    "mae": 0.25266262888908386,
    "top1_pool10": 0.0982,
    "chance_pool10": 0.1,
    "top1_pool100": 0.010175,
    "chance_pool100": 0.01,
    "top1_pool1000": 0.001375,
    "chance_pool1000": 0.001
  },
  "seen": {
    "psnr": 12.043401718139648,
    "ssim": 0.5546258091926575,
    "mse": 0.07133147120475769,
    "mae": 0.21584497392177582,
    "top1_pool10": 0.247875,
    "chance_pool10": 0.1,
    "top1_pool100": 0.036125,
    "chance_pool100": 0.01,
    "top1_pool1000": 0.0061,
    "chance_pool1000": 0.001
  },
  "unseen": {
    "psnr": 10.296658515930176,
    "ssim": 0.5004995465278625,
    "mse": 0.10554609447717667,
    "mae": 0.27245935797691345,
    "top1_pool10": 0.108525,
    "chance_pool10": 0.1,
    "top1_pool100": 0.010875,
    "chance_pool100": 0.01,
    "top1_pool1000": 0.000975,
    "chance_pool1000": 0.001
  },
  "mismatch_control": {
    "psnr": 10.27818489074707,
    "ssim": 0.5001422166824341,
    "mse": 0.10551438480615616,
    "mae": 0.27252399921417236,
    "top1_pool10": 0.1043,
    "chance_pool10": 0.1,
    "top1_pool100": 0.007425,
    "chance_pool100": 0.01,
    "top1_pool1000": 0.0002,
    "chance_pool1000": 0.001
  },
  "gain_over_floor_unseen": {
    "psnr_gain_db": -0.7936525344848633,
    "ssim_gain": -0.03867292404174805,
    "top1_pool10_gain": 0.010325,
    "top1_pool100_gain": 0.0006999999999999992,
    "top1_pool1000_gain": -0.00039999999999999996
  },
  "gain_over_floor_seen": {
    "psnr_gain_db": 0.9530906677246094,
    "ssim_gain": 0.015453338623046875,
    "top1_pool10_gain": 0.149675,
    "top1_pool100_gain": 0.025949999999999997,
    "top1_pool1000_gain": 0.004725
  },
  "kgg_psnr": 1.8327146213482652,
  "kgg_top1_100": 0.9730250481695568,
  "train_seconds": 72.27974915504456
}
