[E1_nkeys_16__linearmixer_cifar] step   1000 loss 0.1065 | SEEN psnr  17.30 top1@100 0.885 | UNSEEN psnr  12.03 top1@100 0.014 | floor 12.68
[E1_nkeys_16__linearmixer_cifar] step   2000 loss 0.1003 | SEEN psnr  17.82 top1@100 0.950 | UNSEEN psnr  11.83 top1@100 0.014 | floor 12.68
[E1_nkeys_16__linearmixer_cifar] step   3000 loss 0.0968 | SEEN psnr  18.05 top1@100 0.966 | UNSEEN psnr  11.65 top1@100 0.012 | floor 12.68
[E1_nkeys_16__linearmixer_cifar] step   4000 loss 0.0940 | SEEN psnr  18.34 top1@100 0.976 | UNSEEN psnr  11.63 top1@100 0.012 | floor 12.68
[E1_nkeys_16__linearmixer_cifar] step   5000 loss 0.0932 | SEEN psnr  18.47 top1@100 0.982 | UNSEEN psnr  11.61 top1@100 0.012 | floor 12.68
{
  "config": {
    "name": "E1_nkeys_16__linearmixer_cifar",
    "cipher": {
      "name": "chaos",
      "map": "logistic",
      "rounds": 2,
      "mode": "permute_diffuse",
      "perm_scope": "full2d",
      "perm_keyed": true,
      "feedback": "none",
      "precision": "float64"
    },
    "dataset": "cifar10",
    "eval_dataset": null,
    "model": "linearmixer",
    "model_kw": {
      "pos_embed": 0
    },
    "n_keys": 16,
    "batch_size": 256,
    "steps": 5000,
    "lr": 0.0005,
    "warmup_steps": 200,
    "eval_n": 2000,
    "eval_every": 1000,
    "seed": 0,
    "device": "cuda:2",
    "workers": 6,
    "input_repr": "pixel",
    "coords": false,
    "prev_ch": true,
    "out_mode": "regress",
    "train_subset": null,
    "loss": "l1",
    "amp": true
  },
  "cipher_tag": "logistic_r2_permute_diffuse_full2d_keyed_none_float64",
  "n_params": 18906403,
  "floor": {
    "psnr": 12.681406021118164,
    "ssim": 0.35571393370628357,
    "mse": 0.06180805340409279,
    "mae": 0.20674438774585724,
    "top1_pool10": 0.100375,
    "chance_pool10": 0.1,
    "top1_pool100": 0.010025,
    "chance_pool100": 0.01,
    "top1_pool1000": 0.001075,
    "chance_pool1000": 0.001
  },
  "seen": {
    "psnr": 18.465192794799805,
    "ssim": 0.6227807402610779,
    "mse": 0.015783732756972313,
    "mae": 0.09330382943153381,
    "top1_pool10": 0.99705,
    "chance_pool10": 0.1,
    "top1_pool100": 0.981675,
    "chance_pool100": 0.01,
    "top1_pool1000": 0.9387,
    "chance_pool1000": 0.001
  },
  "unseen": {
    "psnr": 11.613041877746582,
    "ssim": 0.28641724586486816,
    "mse": 0.07564490288496017,
    "mae": 0.225992813706398,
    "top1_pool10": 0.11035,
    "chance_pool10": 0.1,
    "top1_pool100": 0.011975,
    "chance_pool100": 0.01,
    "top1_pool1000": 0.00185,
    "chance_pool1000": 0.001
  },
  "mismatch_control": {
    "psnr": 11.566880226135254,
    "ssim": 0.2862096130847931,
    "mse": 0.07666189968585968,
    "mae": 0.227649986743927,
    "top1_pool10": 0.106275,
    "chance_pool10": 0.1,
    "top1_pool100": 0.011475,
    "chance_pool100": 0.01,
    "top1_pool1000": 0.001975,
    "chance_pool1000": 0.001
  },
  "gain_over_floor_unseen": {
    "psnr_gain_db": -1.068364143371582,
    "ssim_gain": -0.0692966878414154,
    "top1_pool10_gain": 0.009974999999999998,
    "top1_pool100_gain": 0.0019500000000000003,
    "top1_pool1000_gain": 0.0007750000000000001
  },
  "gain_over_floor_seen": {
    "psnr_gain_db": 5.783786773681641,
    "ssim_gain": 0.2670668065547943,
    "top1_pool10_gain": 0.896675,
    "top1_pool100_gain": 0.97165,
    "top1_pool1000_gain": 0.9376249999999999
  },
  "kgg_psnr": 1.184717069486903,
  "kgg_top1_100": 0.9979931045129419,
  "train_seconds": 88.7454445362091
}
