[E1_nkeys_1024__resunet_shapesB] step   1000 loss 0.2494 | SEEN psnr  11.20 top1@100 0.010 | UNSEEN psnr  11.09 top1@100 0.010 | floor 11.09
[E1_nkeys_1024__resunet_shapesB] step   2000 loss 0.2542 | SEEN psnr  11.20 top1@100 0.011 | UNSEEN psnr  11.09 top1@100 0.010 | floor 11.09
[E1_nkeys_1024__resunet_shapesB] step   3000 loss 0.2516 | SEEN psnr  11.20 top1@100 0.010 | UNSEEN psnr  11.08 top1@100 0.010 | floor 11.09
[E1_nkeys_1024__resunet_shapesB] step   4000 loss 0.2523 | SEEN psnr  11.20 top1@100 0.010 | UNSEEN psnr  11.09 top1@100 0.010 | floor 11.09
[E1_nkeys_1024__resunet_shapesB] step   5000 loss 0.2481 | SEEN psnr  11.20 top1@100 0.011 | UNSEEN psnr  11.09 top1@100 0.011 | floor 11.09
{
  "config": {
    "name": "E1_nkeys_1024__resunet_shapesB",
    "cipher": {
      "name": "chaos",
      "map": "logistic",
      "rounds": 2,
      "mode": "permute_diffuse",
      "perm_scope": "full2d",
      "perm_keyed": true,
      "feedback": "none",
      "precision": "float64"
    },
    "dataset": "shapes",
    "eval_dataset": null,
    "model": "resunet",
    "model_kw": {},
    "n_keys": 1024,
    "batch_size": 256,
    "steps": 5000,
    "lr": 0.0002,
    "warmup_steps": 200,
    "eval_n": 2000,
    "eval_every": 1000,
    "seed": 0,
    "device": "cuda:2",
    "workers": 6,
    "input_repr": "both",
    "coords": true,
    "prev_ch": true,
    "out_mode": "regress",
    "train_subset": null,
    "loss": "l1",
    "amp": true
  },
  "cipher_tag": "logistic_r2_permute_diffuse_full2d_keyed_none_float64",
  "n_params": 27188675,
  "floor": {
    "psnr": 11.090311050415039,
    "ssim": 0.5391724705696106,
    "mse": 0.0847492590546608,
    "mae": 0.25266262888908386,
    "top1_pool10": 0.0982,
    "chance_pool10": 0.1,
    "top1_pool100": 0.010175,
    "chance_pool100": 0.01,
    "top1_pool1000": 0.001375,
    "chance_pool1000": 0.001
  },
  "seen": {
    "psnr": 11.202535629272461,
    "ssim": 0.5486923456192017,
    "mse": 0.08283110707998276,
    "mae": 0.24864140152931213,
    "top1_pool10": 0.101275,
    "chance_pool10": 0.1,
    "top1_pool100": 0.01055,
    "chance_pool100": 0.01,
    "top1_pool1000": 0.00115,
    "chance_pool1000": 0.001
  },
  "unseen": {
    "psnr": 11.08974838256836,
    "ssim": 0.5387601256370544,
    "mse": 0.0847504511475563,
    "mae": 0.25267353653907776,
    "top1_pool10": 0.1008,
    "chance_pool10": 0.1,
    "top1_pool100": 0.010975,
    "chance_pool100": 0.01,
    "top1_pool1000": 0.000775,
    "chance_pool1000": 0.001
  },
  "mismatch_control": {
    "psnr": 11.08979320526123,
    "ssim": 0.538768470287323,
    "mse": 0.08474931120872498,
    "mae": 0.25267234444618225,
    "top1_pool10": 0.100325,
    "chance_pool10": 0.1,
    "top1_pool100": 0.010725,
    "chance_pool100": 0.01,
    "top1_pool1000": 0.001,
    "chance_pool1000": 0.001
  },
  "gain_over_floor_unseen": {
    "psnr_gain_db": -0.0005626678466796875,
    "ssim_gain": -0.00041234493255615234,
    "top1_pool10_gain": 0.002600000000000005,
    "top1_pool100_gain": 0.0008000000000000004,
    "top1_pool1000_gain": -0.0006
  },
  "gain_over_floor_seen": {
    "psnr_gain_db": 0.11222457885742188,
    "ssim_gain": 0.009519875049591064,
    "top1_pool10_gain": 0.0030750000000000083,
    "top1_pool100_gain": 0.00037500000000000033,
    "top1_pool1000_gain": -0.00022499999999999994
  },
  "kgg_psnr": 1.0050137666134131,
  "kgg_top1_100": -1.1333333333333324,
  "train_seconds": 328.3052520751953
}
