[E1_nkeys_1024__linearmixer_cifar] step   1000 loss 0.1936 | SEEN psnr  13.10 top1@100 0.021 | UNSEEN psnr  12.31 top1@100 0.011 | floor 12.68
[E1_nkeys_1024__linearmixer_cifar] step   2000 loss 0.1878 | SEEN psnr  13.20 top1@100 0.028 | UNSEEN psnr  12.19 top1@100 0.010 | floor 12.68
[E1_nkeys_1024__linearmixer_cifar] step   3000 loss 0.1966 | SEEN psnr  13.18 top1@100 0.028 | UNSEEN psnr  12.15 top1@100 0.011 | floor 12.68
[E1_nkeys_1024__linearmixer_cifar] step   4000 loss 0.1924 | SEEN psnr  13.23 top1@100 0.032 | UNSEEN psnr  12.13 top1@100 0.009 | floor 12.68
[E1_nkeys_1024__linearmixer_cifar] step   5000 loss 0.1938 | SEEN psnr  13.25 top1@100 0.034 | UNSEEN psnr  12.11 top1@100 0.010 | floor 12.68
{
  "config": {
    "name": "E1_nkeys_1024__linearmixer_cifar",
    "cipher": {
      "name": "chaos",
      "map": "logistic",
      "rounds": 2,
      "mode": "permute_diffuse",
      "perm_scope": "full2d",
      "perm_keyed": true,
      "feedback": "none",
      "precision": "float64"
    },
    "dataset": "cifar10",
    "eval_dataset": null,
    "model": "linearmixer",
    "model_kw": {
      "pos_embed": 0
    },
    "n_keys": 1024,
    "batch_size": 256,
    "steps": 5000,
    "lr": 0.0005,
    "warmup_steps": 200,
    "eval_n": 2000,
    "eval_every": 1000,
    "seed": 0,
    "device": "cuda:0",
    "workers": 6,
    "input_repr": "pixel",
    "coords": false,
    "prev_ch": true,
    "out_mode": "regress",
    "train_subset": null,
    "loss": "l1",
    "amp": true
  },
  "cipher_tag": "logistic_r2_permute_diffuse_full2d_keyed_none_float64",
  "n_params": 18906403,
  "floor": {
    "psnr": 12.681406021118164,
    "ssim": 0.35571393370628357,
    "mse": 0.06180805340409279,
    "mae": 0.20674438774585724,
    "top1_pool10": 0.100375,
    "chance_pool10": 0.1,
    "top1_pool100": 0.010025,
    "chance_pool100": 0.01,
    "top1_pool1000": 0.001075,
    "chance_pool1000": 0.001
  },
  "seen": {
    "psnr": 13.252739906311035,
    "ssim": 0.37378454208374023,
    "mse": 0.05464283376932144,
    "mae": 0.18946711719036102,
    "top1_pool10": 0.219975,
    "chance_pool10": 0.1,
    "top1_pool100": 0.0337,
    "chance_pool100": 0.01,
    "top1_pool1000": 0.005125,
    "chance_pool1000": 0.001
  },
  "unseen": {
    "psnr": 12.107295989990234,
    "ssim": 0.338815838098526,
    "mse": 0.07174310088157654,
    "mae": 0.21924296021461487,
    "top1_pool10": 0.105,
    "chance_pool10": 0.1,
    "top1_pool100": 0.010225,
    "chance_pool100": 0.01,
    "top1_pool1000": 0.000725,
    "chance_pool1000": 0.001
  },
  "mismatch_control": {
    "psnr": 12.110552787780762,
    "ssim": 0.33793342113494873,
    "mse": 0.07118863612413406,
    "mae": 0.2187541276216507,
    "top1_pool10": 0.096075,
    "chance_pool10": 0.1,
    "top1_pool100": 0.011225,
    "chance_pool100": 0.01,
    "top1_pool1000": 0.001925,
    "chance_pool1000": 0.001
  },
  "gain_over_floor_unseen": {
    "psnr_gain_db": -0.5741100311279297,
    "ssim_gain": -0.01689809560775757,
    "top1_pool10_gain": 0.00462499999999999,
    "top1_pool100_gain": 0.00020000000000000052,
    "top1_pool1000_gain": -0.00035000000000000005
  },
  "gain_over_floor_seen": {
    "psnr_gain_db": 0.5713338851928711,
    "ssim_gain": 0.018070608377456665,
    "top1_pool10_gain": 0.1196,
    "top1_pool100_gain": 0.023675,
    "top1_pool1000_gain": 0.00405
  },
  "kgg_psnr": 2.0048590605371173,
  "kgg_top1_100": 0.9915522703273496,
  "train_seconds": 71.43626928329468
}
