[E1_nkeys_64__linearmixer_cifar] step   1000 loss 0.1353 | SEEN psnr  15.17 top1@100 0.332 | UNSEEN psnr  11.74 top1@100 0.011 | floor 12.68
[E1_nkeys_64__linearmixer_cifar] step   2000 loss 0.1363 | SEEN psnr  15.59 top1@100 0.464 | UNSEEN psnr  11.67 top1@100 0.011 | floor 12.68
[E1_nkeys_64__linearmixer_cifar] step   3000 loss 0.1347 | SEEN psnr  15.72 top1@100 0.524 | UNSEEN psnr  11.52 top1@100 0.011 | floor 12.68
[E1_nkeys_64__linearmixer_cifar] step   4000 loss 0.1258 | SEEN psnr  16.19 top1@100 0.625 | UNSEEN psnr  11.65 top1@100 0.010 | floor 12.68
[E1_nkeys_64__linearmixer_cifar] step   5000 loss 0.1206 | SEEN psnr  16.43 top1@100 0.673 | UNSEEN psnr  11.75 top1@100 0.010 | floor 12.68
{
  "config": {
    "name": "E1_nkeys_64__linearmixer_cifar",
    "cipher": {
      "name": "chaos",
      "map": "logistic",
      "rounds": 2,
      "mode": "permute_diffuse",
      "perm_scope": "full2d",
      "perm_keyed": true,
      "feedback": "none",
      "precision": "float64"
    },
    "dataset": "cifar10",
    "eval_dataset": null,
    "model": "linearmixer",
    "model_kw": {
      "pos_embed": 0
    },
    "n_keys": 64,
    "batch_size": 256,
    "steps": 5000,
    "lr": 0.0005,
    "warmup_steps": 200,
    "eval_n": 2000,
    "eval_every": 1000,
    "seed": 0,
    "device": "cuda:0",
    "workers": 6,
    "input_repr": "pixel",
    "coords": false,
    "prev_ch": true,
    "out_mode": "regress",
    "train_subset": null,
    "loss": "l1",
    "amp": true
  },
  "cipher_tag": "logistic_r2_permute_diffuse_full2d_keyed_none_float64",
  "n_params": 18906403,
  "floor": {
    "psnr": 12.681406021118164,
    "ssim": 0.35571393370628357,
    "mse": 0.06180805340409279,
    "mae": 0.20674438774585724,
    "top1_pool10": 0.100375,
    "chance_pool10": 0.1,
    "top1_pool100": 0.010025,
    "chance_pool100": 0.01,
    "top1_pool1000": 0.001075,
    "chance_pool1000": 0.001
  },
  "seen": {
    "psnr": 16.426589965820312,
    "ssim": 0.5005325078964233,
    "mse": 0.02553810551762581,
    "mae": 0.12134421616792679,
    "top1_pool10": 0.912025,
    "chance_pool10": 0.1,
    "top1_pool100": 0.6732,
    "chance_pool100": 0.01,
    "top1_pool1000": 0.41075,
    "chance_pool1000": 0.001
  },
  "unseen": {
    "psnr": 11.746556282043457,
    "ssim": 0.3040555715560913,
    "mse": 0.07440800964832306,
    "mae": 0.22459064424037933,
    "top1_pool10": 0.10115,
    "chance_pool10": 0.1,
    "top1_pool100": 0.009675,
    "chance_pool100": 0.01,
    "top1_pool1000": 0.00125,
    "chance_pool1000": 0.001
  },
  "mismatch_control": {
    "psnr": 11.711666107177734,
    "ssim": 0.30266276001930237,
    "mse": 0.07494191825389862,
    "mae": 0.22536258399486542,
    "top1_pool10": 0.100575,
    "chance_pool10": 0.1,
    "top1_pool100": 0.009725,
    "chance_pool100": 0.01,
    "top1_pool1000": 0.000475,
    "chance_pool1000": 0.001
  },
  "gain_over_floor_unseen": {
    "psnr_gain_db": -0.934849739074707,
    "ssim_gain": -0.05165836215019226,
    "top1_pool10_gain": 0.0007749999999999979,
    "top1_pool100_gain": -0.0003499999999999996,
    "top1_pool1000_gain": 0.00017500000000000003
  },
  "gain_over_floor_seen": {
    "psnr_gain_db": 3.7451839447021484,
    "ssim_gain": 0.14481857419013977,
    "top1_pool10_gain": 0.81165,
    "top1_pool100_gain": 0.6631750000000001,
    "top1_pool1000_gain": 0.409675
  },
  "kgg_psnr": 1.2496138381659796,
  "kgg_top1_100": 1.0005277641648131,
  "train_seconds": 73.05035066604614
}
