[E1_nkeys_inf__resunet_shapesB] step   1000 loss 0.2588 | SEEN psnr  11.20 top1@100 0.011 | UNSEEN psnr  11.09 top1@100 0.010 | floor 11.09
[E1_nkeys_inf__resunet_shapesB] step   2000 loss 0.2545 | SEEN psnr  11.20 top1@100 0.011 | UNSEEN psnr  11.09 top1@100 0.011 | floor 11.09
[E1_nkeys_inf__resunet_shapesB] step   3000 loss 0.2480 | SEEN psnr  11.20 top1@100 0.010 | UNSEEN psnr  11.09 top1@100 0.010 | floor 11.09
[E1_nkeys_inf__resunet_shapesB] step   4000 loss 0.2524 | SEEN psnr  11.20 top1@100 0.011 | UNSEEN psnr  11.09 top1@100 0.010 | floor 11.09
[E1_nkeys_inf__resunet_shapesB] step   5000 loss 0.2492 | SEEN psnr  11.20 top1@100 0.011 | UNSEEN psnr  11.09 top1@100 0.011 | floor 11.09
{
  "config": {
    "name": "E1_nkeys_inf__resunet_shapesB",
    "cipher": {
      "name": "chaos",
      "map": "logistic",
      "rounds": 2,
      "mode": "permute_diffuse",
      "perm_scope": "full2d",
      "perm_keyed": true,
      "feedback": "none",
      "precision": "float64"
    },
    "dataset": "shapes",
    "eval_dataset": null,
    "model": "resunet",
    "model_kw": {},
    "n_keys": null,
    "batch_size": 256,
    "steps": 5000,
    "lr": 0.0002,
    "warmup_steps": 200,
    "eval_n": 2000,
    "eval_every": 1000,
    "seed": 0,
    "device": "cuda:1",
    "workers": 6,
    "input_repr": "both",
    "coords": true,
    "prev_ch": true,
    "out_mode": "regress",
    "train_subset": null,
    "loss": "l1",
    "amp": true
  },
  "cipher_tag": "logistic_r2_permute_diffuse_full2d_keyed_none_float64",
  "n_params": 27188675,
  "floor": {
    "psnr": 11.090311050415039,
    "ssim": 0.5391724705696106,
    "mse": 0.0847492590546608,
    "mae": 0.25266262888908386,
    "top1_pool10": 0.0982,
    "chance_pool10": 0.1,
    "top1_pool100": 0.010175,
    "chance_pool100": 0.01,
    "top1_pool1000": 0.001375,
    "chance_pool1000": 0.001
  },
  "seen": {
    "psnr": 11.202390670776367,
    "ssim": 0.5487692952156067,
    "mse": 0.08283350616693497,
    "mae": 0.24864676594734192,
    "top1_pool10": 0.1022,
    "chance_pool10": 0.1,
    "top1_pool100": 0.0105,
    "chance_pool100": 0.01,
    "top1_pool1000": 0.001575,
    "chance_pool1000": 0.001
  },
  "unseen": {
    "psnr": 11.089760780334473,
    "ssim": 0.5388395190238953,
    "mse": 0.08475003391504288,
    "mae": 0.2526736557483673,
    "top1_pool10": 0.10035,
    "chance_pool10": 0.1,
    "top1_pool100": 0.010775,
    "chance_pool100": 0.01,
    "top1_pool1000": 0.00125,
    "chance_pool1000": 0.001
  },
  "mismatch_control": {
    "psnr": 11.089820861816406,
    "ssim": 0.5388380885124207,
    "mse": 0.08474881947040558,
    "mae": 0.25267165899276733,
    "top1_pool10": 0.10075,
    "chance_pool10": 0.1,
    "top1_pool100": 0.01115,
    "chance_pool100": 0.01,
    "top1_pool1000": 0.0011,
    "chance_pool1000": 0.001
  },
  "gain_over_floor_unseen": {
    "psnr_gain_db": -0.0005502700805664062,
    "ssim_gain": -0.00033295154571533203,
    "top1_pool10_gain": 0.002149999999999999,
    "top1_pool100_gain": 0.0005999999999999998,
    "top1_pool1000_gain": -0.0001249999999999999
  },
  "gain_over_floor_seen": {
    "psnr_gain_db": 0.11207962036132812,
    "ssim_gain": 0.009596824645996094,
    "top1_pool10_gain": 0.0040000000000000036,
    "top1_pool100_gain": 0.00032500000000000064,
    "top1_pool1000_gain": 0.0002000000000000001
  },
  "kgg_psnr": 1.0049096354787108,
  "kgg_top1_100": -0.846153846153842,
  "train_seconds": 327.72249960899353
}
