[E1_nkeys_1__linearmixer_cifar] step   1000 loss 0.0516 | SEEN psnr  23.20 top1@100 1.000 | UNSEEN psnr  12.04 top1@100 0.008 | floor 12.68
[E1_nkeys_1__linearmixer_cifar] step   2000 loss 0.0440 | SEEN psnr  24.49 top1@100 1.000 | UNSEEN psnr  11.86 top1@100 0.007 | floor 12.68
[E1_nkeys_1__linearmixer_cifar] step   3000 loss 0.0393 | SEEN psnr  25.31 top1@100 1.000 | UNSEEN psnr  11.66 top1@100 0.008 | floor 12.68
[E1_nkeys_1__linearmixer_cifar] step   4000 loss 0.0370 | SEEN psnr  25.71 top1@100 1.000 | UNSEEN psnr  11.49 top1@100 0.008 | floor 12.68
[E1_nkeys_1__linearmixer_cifar] step   5000 loss 0.0369 | SEEN psnr  25.82 top1@100 1.000 | UNSEEN psnr  11.45 top1@100 0.008 | floor 12.68
{
  "config": {
    "name": "E1_nkeys_1__linearmixer_cifar",
    "cipher": {
      "name": "chaos",
      "map": "logistic",
      "rounds": 2,
      "mode": "permute_diffuse",
      "perm_scope": "full2d",
      "perm_keyed": true,
      "feedback": "none",
      "precision": "float64"
    },
    "dataset": "cifar10",
    "eval_dataset": null,
    "model": "linearmixer",
    "model_kw": {
      "pos_embed": 0
    },
    "n_keys": 1,
    "batch_size": 256,
    "steps": 5000,
    "lr": 0.0005,
    "warmup_steps": 200,
    "eval_n": 2000,
    "eval_every": 1000,
    "seed": 0,
    "device": "cuda:2",
    "workers": 6,
    "input_repr": "pixel",
    "coords": false,
    "prev_ch": true,
    "out_mode": "regress",
    "train_subset": null,
    "loss": "l1",
    "amp": true
  },
  "cipher_tag": "logistic_r2_permute_diffuse_full2d_keyed_none_float64",
  "n_params": 18906403,
  "floor": {
    "psnr": 12.681406021118164,
    "ssim": 0.35571393370628357,
    "mse": 0.06180805340409279,
    "mae": 0.20674438774585724,
    "top1_pool10": 0.100375,
    "chance_pool10": 0.1,
    "top1_pool100": 0.010025,
    "chance_pool100": 0.01,
    "top1_pool1000": 0.001075,
    "chance_pool1000": 0.001
  },
  "seen": {
    "psnr": 25.82402229309082,
    "ssim": 0.8941406011581421,
    "mse": 0.0028684402350336313,
    "mae": 0.03887897729873657,
    "top1_pool10": 1.0,
    "chance_pool10": 0.1,
    "top1_pool100": 1.0,
    "chance_pool100": 0.01,
    "top1_pool1000": 1.0,
    "chance_pool1000": 0.001
  },
  "unseen": {
    "psnr": 11.451457977294922,
    "ssim": 0.2551056444644928,
    "mse": 0.07742735743522644,
    "mae": 0.22870740294456482,
    "top1_pool10": 0.064225,
    "chance_pool10": 0.1,
    "top1_pool100": 0.00805,
    "chance_pool100": 0.01,
    "top1_pool1000": 0.00095,
    "chance_pool1000": 0.001
  },
  "mismatch_control": {
    "psnr": 11.453948974609375,
    "ssim": 0.25665462017059326,
    "mse": 0.07748724520206451,
    "mae": 0.22938816249370575,
    "top1_pool10": 0.1079,
    "chance_pool10": 0.1,
    "top1_pool100": 0.013375,
    "chance_pool100": 0.01,
    "top1_pool1000": 0.0013,
    "chance_pool1000": 0.001
  },
  "gain_over_floor_unseen": {
    "psnr_gain_db": -1.2299480438232422,
    "ssim_gain": -0.10060828924179077,
    "top1_pool10_gain": -0.03615,
    "top1_pool100_gain": -0.0019749999999999993,
    "top1_pool1000_gain": -0.000125
  },
  "gain_over_floor_seen": {
    "psnr_gain_db": 13.142616271972656,
    "ssim_gain": 0.5384266674518585,
    "top1_pool10_gain": 0.899625,
    "top1_pool100_gain": 0.989975,
    "top1_pool1000_gain": 0.998925
  },
  "kgg_psnr": 1.093584718473914,
  "kgg_top1_100": 1.001994999873734,
  "train_seconds": 77.93529891967773
}
