[E1_nkeys_256__linearmixer_cifar] step   1000 loss 0.1707 | SEEN psnr  13.91 top1@100 0.071 | UNSEEN psnr  11.90 top1@100 0.012 | floor 12.68
[E1_nkeys_256__linearmixer_cifar] step   2000 loss 0.1637 | SEEN psnr  14.11 top1@100 0.100 | UNSEEN psnr  11.75 top1@100 0.012 | floor 12.68
[E1_nkeys_256__linearmixer_cifar] step   3000 loss 0.1668 | SEEN psnr  14.14 top1@100 0.123 | UNSEEN psnr  11.73 top1@100 0.011 | floor 12.68
[E1_nkeys_256__linearmixer_cifar] step   4000 loss 0.1639 | SEEN psnr  14.20 top1@100 0.113 | UNSEEN psnr  11.67 top1@100 0.011 | floor 12.68
[E1_nkeys_256__linearmixer_cifar] step   5000 loss 0.1673 | SEEN psnr  14.28 top1@100 0.126 | UNSEEN psnr  11.67 top1@100 0.012 | floor 12.68
{
  "config": {
    "name": "E1_nkeys_256__linearmixer_cifar",
    "cipher": {
      "name": "chaos",
      "map": "logistic",
      "rounds": 2,
      "mode": "permute_diffuse",
      "perm_scope": "full2d",
      "perm_keyed": true,
      "feedback": "none",
      "precision": "float64"
    },
    "dataset": "cifar10",
    "eval_dataset": null,
    "model": "linearmixer",
    "model_kw": {
      "pos_embed": 0
    },
    "n_keys": 256,
    "batch_size": 256,
    "steps": 5000,
    "lr": 0.0005,
    "warmup_steps": 200,
    "eval_n": 2000,
    "eval_every": 1000,
    "seed": 0,
    "device": "cuda:2",
    "workers": 6,
    "input_repr": "pixel",
    "coords": false,
    "prev_ch": true,
    "out_mode": "regress",
    "train_subset": null,
    "loss": "l1",
    "amp": true
  },
  "cipher_tag": "logistic_r2_permute_diffuse_full2d_keyed_none_float64",
  "n_params": 18906403,
  "floor": {
    "psnr": 12.681406021118164,
    "ssim": 0.35571393370628357,
    "mse": 0.06180805340409279,
    "mae": 0.20674438774585724,
    "top1_pool10": 0.100375,
    "chance_pool10": 0.1,
    "top1_pool100": 0.010025,
    "chance_pool100": 0.01,
    "top1_pool1000": 0.001075,
    "chance_pool1000": 0.001
  },
  "seen": {
    "psnr": 14.278674125671387,
    "ssim": 0.4106437563896179,
    "mse": 0.04254256561398506,
    "mae": 0.1631591022014618,
    "top1_pool10": 0.4646,
    "chance_pool10": 0.1,
    "top1_pool100": 0.125675,
    "chance_pool100": 0.01,
    "top1_pool1000": 0.028125,
    "chance_pool1000": 0.001
  },
  "unseen": {
    "psnr": 11.665672302246094,
    "ssim": 0.31930848956108093,
    "mse": 0.07789139449596405,
    "mae": 0.22817035019397736,
    "top1_pool10": 0.094975,
    "chance_pool10": 0.1,
    "top1_pool100": 0.011875,
    "chance_pool100": 0.01,
    "top1_pool1000": 0.001625,
    "chance_pool1000": 0.001
  },
  "mismatch_control": {
    "psnr": 11.673666000366211,
    "ssim": 0.3218187689781189,
    "mse": 0.0775924101471901,
    "mae": 0.22831815481185913,
    "top1_pool10": 0.101475,
    "chance_pool10": 0.1,
    "top1_pool100": 0.009875,
    "chance_pool100": 0.01,
    "top1_pool1000": 0.00035,
    "chance_pool1000": 0.001
  },
  "gain_over_floor_unseen": {
    "psnr_gain_db": -1.0157337188720703,
    "ssim_gain": -0.03640544414520264,
    "top1_pool10_gain": -0.005400000000000002,
    "top1_pool100_gain": 0.001850000000000001,
    "top1_pool1000_gain": 0.0005499999999999999
  },
  "gain_over_floor_seen": {
    "psnr_gain_db": 1.5972681045532227,
    "ssim_gain": 0.05492982268333435,
    "top1_pool10_gain": 0.364225,
    "top1_pool100_gain": 0.11565,
    "top1_pool1000_gain": 0.02705
  },
  "kgg_psnr": 1.6359193650562407,
  "kgg_top1_100": 0.98400345871163,
  "train_seconds": 96.11517333984375
}
