[E1_nkeys_1024__resunet_cifar] step   1000 loss 0.2026 | SEEN psnr  12.68 top1@100 0.010 | UNSEEN psnr  12.68 top1@100 0.010 | floor 12.68
[E1_nkeys_1024__resunet_cifar] step   2000 loss 0.1976 | SEEN psnr  12.69 top1@100 0.010 | UNSEEN psnr  12.68 top1@100 0.010 | floor 12.68
[E1_nkeys_1024__resunet_cifar] step   3000 loss 0.2070 | SEEN psnr  12.69 top1@100 0.010 | UNSEEN psnr  12.68 top1@100 0.010 | floor 12.68
[E1_nkeys_1024__resunet_cifar] step   4000 loss 0.2062 | SEEN psnr  12.70 top1@100 0.010 | UNSEEN psnr  12.68 top1@100 0.009 | floor 12.68
[E1_nkeys_1024__resunet_cifar] step   5000 loss 0.1944 | SEEN psnr  12.75 top1@100 0.012 | UNSEEN psnr  12.60 top1@100 0.011 | floor 12.68
{
  "config": {
    "name": "E1_nkeys_1024__resunet_cifar",
    "cipher": {
      "name": "chaos",
      "map": "logistic",
      "rounds": 2,
      "mode": "permute_diffuse",
      "perm_scope": "full2d",
      "perm_keyed": true,
      "feedback": "none",
      "precision": "float64"
    },
    "dataset": "cifar10",
    "eval_dataset": null,
    "model": "resunet",
    "model_kw": {},
    "n_keys": 1024,
    "batch_size": 256,
    "steps": 5000,
    "lr": 0.0002,
    "warmup_steps": 200,
    "eval_n": 2000,
    "eval_every": 1000,
    "seed": 0,
    "device": "cuda:2",
    "workers": 6,
    "input_repr": "both",
    "coords": true,
    "prev_ch": true,
    "out_mode": "regress",
    "train_subset": null,
    "loss": "l1",
    "amp": true
  },
  "cipher_tag": "logistic_r2_permute_diffuse_full2d_keyed_none_float64",
  "n_params": 27188675,
  "floor": {
    "psnr": 12.681406021118164,
    "ssim": 0.35571393370628357,
    "mse": 0.06180805340409279,
    "mae": 0.20674438774585724,
    "top1_pool10": 0.100375,
    "chance_pool10": 0.1,
    "top1_pool100": 0.010025,
    "chance_pool100": 0.01,
    "top1_pool1000": 0.001075,
    "chance_pool1000": 0.001
  },
  "seen": {
    "psnr": 12.749495506286621,
    "ssim": 0.3567717373371124,
    "mse": 0.06168244779109955,
    "mae": 0.2046077847480774,
    "top1_pool10": 0.105225,
    "chance_pool10": 0.1,
    "top1_pool100": 0.012,
    "chance_pool100": 0.01,
    "top1_pool1000": 0.001125,
    "chance_pool1000": 0.001
  },
  "unseen": {
    "psnr": 12.602848052978516,
    "ssim": 0.35162174701690674,
    "mse": 0.06361650675535202,
    "mae": 0.20814573764801025,
    "top1_pool10": 0.1005,
    "chance_pool10": 0.1,
    "top1_pool100": 0.0108,
    "chance_pool100": 0.01,
    "top1_pool1000": 0.00055,
    "chance_pool1000": 0.001
  },
  "mismatch_control": {
    "psnr": 12.604970932006836,
    "ssim": 0.35173162817955017,
    "mse": 0.06358454376459122,
    "mae": 0.2081562876701355,
    "top1_pool10": 0.097675,
    "chance_pool10": 0.1,
    "top1_pool100": 0.010325,
    "chance_pool100": 0.01,
    "top1_pool1000": 0.00195,
    "chance_pool1000": 0.001
  },
  "gain_over_floor_unseen": {
    "psnr_gain_db": -0.07855796813964844,
    "ssim_gain": -0.004092186689376831,
    "top1_pool10_gain": 0.0001250000000000001,
    "top1_pool100_gain": 0.0007750000000000014,
    "top1_pool1000_gain": -0.000525
  },
  "gain_over_floor_seen": {
    "psnr_gain_db": 0.06808948516845703,
    "ssim_gain": 0.0010578036308288574,
    "top1_pool10_gain": 0.004849999999999993,
    "top1_pool100_gain": 0.001975000000000001,
    "top1_pool1000_gain": 4.9999999999999914e-05
  },
  "kgg_psnr": 2.153745955712425,
  "kgg_top1_100": 0.6075949367088602,
  "train_seconds": 368.3571181297302
}
