[E1_nkeys_4__resunet_shapesB] step   1000 loss 0.1135 | SEEN psnr  14.68 top1@100 0.100 | UNSEEN psnr  10.34 top1@100 0.009 | floor 11.09
[E1_nkeys_4__resunet_shapesB] step   2000 loss 0.1067 | SEEN psnr  14.47 top1@100 0.098 | UNSEEN psnr  10.00 top1@100 0.005 | floor 11.09
[E1_nkeys_4__resunet_shapesB] step   3000 loss 0.1002 | SEEN psnr  14.40 top1@100 0.098 | UNSEEN psnr   9.98 top1@100 0.007 | floor 11.09
[E1_nkeys_4__resunet_shapesB] step   4000 loss 0.1060 | SEEN psnr  14.38 top1@100 0.098 | UNSEEN psnr   9.96 top1@100 0.010 | floor 11.09
[E1_nkeys_4__resunet_shapesB] step   5000 loss 0.0990 | SEEN psnr  14.37 top1@100 0.098 | UNSEEN psnr   9.97 top1@100 0.009 | floor 11.09
{
  "config": {
    "name": "E1_nkeys_4__resunet_shapesB",
    "cipher": {
      "name": "chaos",
      "map": "logistic",
      "rounds": 2,
      "mode": "permute_diffuse",
      "perm_scope": "full2d",
      "perm_keyed": true,
      "feedback": "none",
      "precision": "float64"
    },
    "dataset": "shapes",
    "eval_dataset": null,
    "model": "resunet",
    "model_kw": {},
    "n_keys": 4,
    "batch_size": 256,
    "steps": 5000,
    "lr": 0.0002,
    "warmup_steps": 200,
    "eval_n": 2000,
    "eval_every": 1000,
    "seed": 0,
    "device": "cuda:1",
    "workers": 6,
    "input_repr": "both",
    "coords": true,
    "prev_ch": true,
    "out_mode": "regress",
    "train_subset": null,
    "loss": "l1",
    "amp": true
  },
  "cipher_tag": "logistic_r2_permute_diffuse_full2d_keyed_none_float64",
  "n_params": 27188675,
  "floor": {
    "psnr": 11.090311050415039,
    "ssim": 0.5391724705696106,
    "mse": 0.0847492590546608,
    "mae": 0.25266262888908386,
    "top1_pool10": 0.0982,
    "chance_pool10": 0.1,
    "top1_pool100": 0.010175,
    "chance_pool100": 0.01,
    "top1_pool1000": 0.001375,
    "chance_pool1000": 0.001
  },
  "seen": {
    "psnr": 14.3699369430542,
    "ssim": 0.666205883026123,
    "mse": 0.04461254924535751,
    "mae": 0.09794288873672485,
    "top1_pool10": 0.441875,
    "chance_pool10": 0.1,
    "top1_pool100": 0.097875,
    "chance_pool100": 0.01,
    "top1_pool1000": 0.0193,
    "chance_pool1000": 0.001
  },
  "unseen": {
    "psnr": 9.971867561340332,
    "ssim": 0.5092017650604248,
    "mse": 0.1148814707994461,
    "mae": 0.28314945101737976,
    "top1_pool10": 0.1009,
    "chance_pool10": 0.1,
    "top1_pool100": 0.009475,
    "chance_pool100": 0.01,
    "top1_pool1000": 0.001075,
    "chance_pool1000": 0.001
  },
  "mismatch_control": {
    "psnr": 9.933504104614258,
    "ssim": 0.5083315968513489,
    "mse": 0.11645382642745972,
    "mae": 0.28394073247909546,
    "top1_pool10": 0.097775,
    "chance_pool10": 0.1,
    "top1_pool100": 0.009375,
    "chance_pool100": 0.01,
    "top1_pool1000": 0.003075,
    "chance_pool1000": 0.001
  },
  "gain_over_floor_unseen": {
    "psnr_gain_db": -1.118443489074707,
    "ssim_gain": -0.02997070550918579,
    "top1_pool10_gain": 0.002700000000000008,
    "top1_pool100_gain": -0.0006999999999999992,
    "top1_pool1000_gain": -0.0002999999999999999
  },
  "gain_over_floor_seen": {
    "psnr_gain_db": 3.27962589263916,
    "ssim_gain": 0.12703341245651245,
    "top1_pool10_gain": 0.343675,
    "top1_pool100_gain": 0.0877,
    "top1_pool1000_gain": 0.017925
  },
  "kgg_psnr": 1.3410277652658364,
  "kgg_top1_100": 1.0079817559863171,
  "train_seconds": 345.05284810066223
}
