[E1_nkeys_256__resunet_shapesB] step   1000 loss 0.2509 | SEEN psnr  11.20 top1@100 0.011 | UNSEEN psnr  11.09 top1@100 0.010 | floor 11.09
[E1_nkeys_256__resunet_shapesB] step   2000 loss 0.2541 | SEEN psnr  11.20 top1@100 0.010 | UNSEEN psnr  11.09 top1@100 0.010 | floor 11.09
[E1_nkeys_256__resunet_shapesB] step   3000 loss 0.2518 | SEEN psnr  11.20 top1@100 0.010 | UNSEEN psnr  11.09 top1@100 0.011 | floor 11.09
[E1_nkeys_256__resunet_shapesB] step   4000 loss 0.2488 | SEEN psnr  11.26 top1@100 0.014 | UNSEEN psnr  10.90 top1@100 0.008 | floor 11.09
[E1_nkeys_256__resunet_shapesB] step   5000 loss 0.2314 | SEEN psnr  11.54 top1@100 0.017 | UNSEEN psnr  10.67 top1@100 0.009 | floor 11.09
{
  "config": {
    "name": "E1_nkeys_256__resunet_shapesB",
    "cipher": {
      "name": "chaos",
      "map": "logistic",
      "rounds": 2,
      "mode": "permute_diffuse",
      "perm_scope": "full2d",
      "perm_keyed": true,
      "feedback": "none",
      "precision": "float64"
    },
    "dataset": "shapes",
    "eval_dataset": null,
    "model": "resunet",
    "model_kw": {},
    "n_keys": 256,
    "batch_size": 256,
    "steps": 5000,
    "lr": 0.0002,
    "warmup_steps": 200,
    "eval_n": 2000,
    "eval_every": 1000,
    "seed": 0,
    "device": "cuda:0",
    "workers": 6,
    "input_repr": "both",
    "coords": true,
    "prev_ch": true,
    "out_mode": "regress",
    "train_subset": null,
    "loss": "l1",
    "amp": true
  },
  "cipher_tag": "logistic_r2_permute_diffuse_full2d_keyed_none_float64",
  "n_params": 27188675,
  "floor": {
    "psnr": 11.090311050415039,
    "ssim": 0.5391724705696106,
    "mse": 0.0847492590546608,
    "mae": 0.25266262888908386,
    "top1_pool10": 0.0982,
    "chance_pool10": 0.1,
    "top1_pool100": 0.010175,
    "chance_pool100": 0.01,
    "top1_pool1000": 0.001375,
    "chance_pool1000": 0.001
  },
  "seen": {
    "psnr": 11.538604736328125,
    "ssim": 0.5543307065963745,
    "mse": 0.07829420268535614,
    "mae": 0.23346103727817535,
    "top1_pool10": 0.12485,
    "chance_pool10": 0.1,
    "top1_pool100": 0.016775,
    "chance_pool100": 0.01,
    "top1_pool1000": 0.002275,
    "chance_pool1000": 0.001
  },
  "unseen": {
    "psnr": 10.665656089782715,
    "ssim": 0.5236128568649292,
    "mse": 0.09527897834777832,
    "mae": 0.26350367069244385,
    "top1_pool10": 0.093825,
    "chance_pool10": 0.1,
    "top1_pool100": 0.009075,
    "chance_pool100": 0.01,
    "top1_pool1000": 0.00105,
    "chance_pool1000": 0.001
  },
  "mismatch_control": {
    "psnr": 10.723407745361328,
    "ssim": 0.5256074070930481,
    "mse": 0.0941898375749588,
    "mae": 0.2612020671367645,
    "top1_pool10": 0.10055,
    "chance_pool10": 0.1,
    "top1_pool100": 0.01145,
    "chance_pool100": 0.01,
    "top1_pool1000": 0.00105,
    "chance_pool1000": 0.001
  },
  "gain_over_floor_unseen": {
    "psnr_gain_db": -0.4246549606323242,
    "ssim_gain": -0.015559613704681396,
    "top1_pool10_gain": -0.00437499999999999,
    "top1_pool100_gain": -0.0011000000000000003,
    "top1_pool1000_gain": -0.000325
  },
  "gain_over_floor_seen": {
    "psnr_gain_db": 0.44829368591308594,
    "ssim_gain": 0.015158236026763916,
    "top1_pool10_gain": 0.026650000000000007,
    "top1_pool100_gain": 0.006600000000000002,
    "top1_pool1000_gain": 0.0009000000000000002
  },
  "kgg_psnr": 1.9472695555981023,
  "kgg_top1_100": 1.1666666666666667,
  "train_seconds": 327.40275025367737
}
