[E1_nkeys_1__resunet_shapesB] step   1000 loss 0.0927 | SEEN psnr  15.84 top1@100 0.382 | UNSEEN psnr  10.14 top1@100 0.003 | floor 11.09
[E1_nkeys_1__resunet_shapesB] step   2000 loss 0.0554 | SEEN psnr  20.61 top1@100 0.993 | UNSEEN psnr  10.03 top1@100 0.004 | floor 11.09
[E1_nkeys_1__resunet_shapesB] step   3000 loss 0.0385 | SEEN psnr  22.75 top1@100 1.000 | UNSEEN psnr  10.20 top1@100 0.005 | floor 11.09
[E1_nkeys_1__resunet_shapesB] step   4000 loss 0.0295 | SEEN psnr  23.53 top1@100 1.000 | UNSEEN psnr  10.34 top1@100 0.004 | floor 11.09
[E1_nkeys_1__resunet_shapesB] step   5000 loss 0.0285 | SEEN psnr  23.72 top1@100 1.000 | UNSEEN psnr  10.35 top1@100 0.004 | floor 11.09
{
  "config": {
    "name": "E1_nkeys_1__resunet_shapesB",
    "cipher": {
      "name": "chaos",
      "map": "logistic",
      "rounds": 2,
      "mode": "permute_diffuse",
      "perm_scope": "full2d",
      "perm_keyed": true,
      "feedback": "none",
      "precision": "float64"
    },
    "dataset": "shapes",
    "eval_dataset": null,
    "model": "resunet",
    "model_kw": {},
    "n_keys": 1,
    "batch_size": 256,
    "steps": 5000,
    "lr": 0.0002,
    "warmup_steps": 200,
    "eval_n": 2000,
    "eval_every": 1000,
    "seed": 0,
    "device": "cuda:0",
    "workers": 6,
    "input_repr": "both",
    "coords": true,
    "prev_ch": true,
    "out_mode": "regress",
    "train_subset": null,
    "loss": "l1",
    "amp": true
  },
  "cipher_tag": "logistic_r2_permute_diffuse_full2d_keyed_none_float64",
  "n_params": 27188675,
  "floor": {
    "psnr": 11.090311050415039,
    "ssim": 0.5391724705696106,
    "mse": 0.0847492590546608,
    "mae": 0.25266262888908386,
    "top1_pool10": 0.0982,
    "chance_pool10": 0.1,
    "top1_pool100": 0.010175,
    "chance_pool100": 0.01,
    "top1_pool1000": 0.001375,
    "chance_pool1000": 0.001
  },
  "seen": {
    "psnr": 23.719335556030273,
    "ssim": 0.8691049218177795,
    "mse": 0.004967551212757826,
    "mae": 0.033532384783029556,
    "top1_pool10": 1.0,
    "chance_pool10": 0.1,
    "top1_pool100": 1.0,
    "chance_pool100": 0.01,
    "top1_pool1000": 1.0,
    "chance_pool1000": 0.001
  },
  "unseen": {
    "psnr": 10.347993850708008,
    "ssim": 0.3693040609359741,
    "mse": 0.09859853237867355,
    "mae": 0.2684900760650635,
    "top1_pool10": 0.044825,
    "chance_pool10": 0.1,
    "top1_pool100": 0.003675,
    "chance_pool100": 0.01,
    "top1_pool1000": 0.0005,
    "chance_pool1000": 0.001
  },
  "mismatch_control": {
    "psnr": 10.474743843078613,
    "ssim": 0.37288898229599,
    "mse": 0.09604088217020035,
    "mae": 0.26388925313949585,
    "top1_pool10": 0.095325,
    "chance_pool10": 0.1,
    "top1_pool100": 0.0098,
    "chance_pool100": 0.01,
    "top1_pool1000": 0.0012,
    "chance_pool1000": 0.001
  },
  "gain_over_floor_unseen": {
    "psnr_gain_db": -0.7423171997070312,
    "ssim_gain": -0.16986840963363647,
    "top1_pool10_gain": -0.053375,
    "top1_pool100_gain": -0.006500000000000001,
    "top1_pool1000_gain": -0.0008749999999999999
  },
  "gain_over_floor_seen": {
    "psnr_gain_db": 12.629024505615234,
    "ssim_gain": 0.32993245124816895,
    "top1_pool10_gain": 0.9018,
    "top1_pool100_gain": 0.989825,
    "top1_pool1000_gain": 0.998625
  },
  "kgg_psnr": 1.05877866492198,
  "kgg_top1_100": 1.0065668173667064,
  "train_seconds": 342.94881677627563
}
