[E2_diffuse_only_r1__keyagnostic__resunet_shapes] step   1000 loss 0.2587 | SEEN psnr  11.20 top1@100 0.011 | UNSEEN psnr  11.09 top1@100 0.010 | floor 11.09
[E2_diffuse_only_r1__keyagnostic__resunet_shapes] step   2000 loss 0.2532 | SEEN psnr  11.20 top1@100 0.010 | UNSEEN psnr  11.09 top1@100 0.010 | floor 11.09
[E2_diffuse_only_r1__keyagnostic__resunet_shapes] step   3000 loss 0.2466 | SEEN psnr  11.20 top1@100 0.011 | UNSEEN psnr  11.09 top1@100 0.010 | floor 11.09
[E2_diffuse_only_r1__keyagnostic__resunet_shapes] step   4000 loss 0.2498 | SEEN psnr  11.20 top1@100 0.011 | UNSEEN psnr  11.09 top1@100 0.010 | floor 11.09
[E2_diffuse_only_r1__keyagnostic__resunet_shapes] step   5000 loss 0.2523 | SEEN psnr  11.20 top1@100 0.010 | UNSEEN psnr  11.09 top1@100 0.010 | floor 11.09
{
  "config": {
    "name": "E2_diffuse_only_r1__keyagnostic__resunet_shapes",
    "cipher": {
      "name": "chaos",
      "map": "logistic",
      "rounds": 1,
      "mode": "diffuse_only",
      "perm_scope": "full2d",
      "perm_keyed": true,
      "feedback": "cbc",
      "precision": "float64"
    },
    "dataset": "shapes",
    "eval_dataset": null,
    "model": "resunet",
    "model_kw": {},
    "n_keys": null,
    "batch_size": 256,
    "steps": 5000,
    "lr": 0.0002,
    "warmup_steps": 200,
    "eval_n": 2000,
    "eval_every": 1000,
    "seed": 0,
    "device": "cuda:2",
    "workers": 6,
    "input_repr": "both",
    "coords": true,
    "loss": "l1",
    "amp": true
  },
  "cipher_tag": "logistic_r1_diffuse_only_full2d_keyed_cbc_float64",
  "n_params": 27190851,
  "floor": {
    "psnr": 11.090311050415039,
    "ssim": 0.5391724705696106,
    "mse": 0.0847492590546608,
    "mae": 0.25266262888908386,
    "top1_pool10": 0.0982,
    "chance_pool10": 0.1,
    "top1_pool100": 0.010175,
    "chance_pool100": 0.01,
    "top1_pool1000": 0.001375,
    "chance_pool1000": 0.001
  },
  "seen": {
    "psnr": 11.202454566955566,
    "ssim": 0.5487930178642273,
    "mse": 0.08283239603042603,
    "mae": 0.2486444115638733,
    "top1_pool10": 0.100725,
    "chance_pool10": 0.1,
    "top1_pool100": 0.0102,
    "chance_pool100": 0.01,
    "top1_pool1000": 0.001225,
    "chance_pool1000": 0.001
  },
  "unseen": {
    "psnr": 11.089780807495117,
    "ssim": 0.5388676524162292,
    "mse": 0.08475211262702942,
    "mae": 0.2526746094226837,
    "top1_pool10": 0.10105,
    "chance_pool10": 0.1,
    "top1_pool100": 0.010225,
    "chance_pool100": 0.01,
    "top1_pool1000": 0.001525,
    "chance_pool1000": 0.001
  },
  "mismatch_control": {
    "psnr": 11.089755058288574,
    "ssim": 0.5388588905334473,
    "mse": 0.08475241810083389,
    "mae": 0.25267493724823,
    "top1_pool10": 0.100775,
    "chance_pool10": 0.1,
    "top1_pool100": 0.0105,
    "chance_pool100": 0.01,
    "top1_pool1000": 0.001375,
    "chance_pool1000": 0.001
  },
  "gain_over_floor_unseen": {
    "psnr_gain_db": -0.000530242919921875,
    "ssim_gain": -0.00030481815338134766,
    "top1_pool10_gain": 0.0028500000000000053,
    "top1_pool100_gain": 4.99999999999997e-05,
    "top1_pool1000_gain": 0.00015000000000000018
  },
  "gain_over_floor_seen": {
    "psnr_gain_db": 0.11214351654052734,
    "ssim_gain": 0.0096205472946167,
    "top1_pool10_gain": 0.0025249999999999995,
    "top1_pool100_gain": 2.5000000000000716e-05,
    "top1_pool1000_gain": -0.00014999999999999996
  },
  "kgg_psnr": 1.0047282530125605,
  "kgg_top1_100": -0.9999999999999306,
  "train_seconds": 328.6879286766052
}
