[E2_diffuse_only_r1__keyagnostic__linearmixer_shapes] step   1000 loss 0.2522 | SEEN psnr  11.19 top1@100 0.011 | UNSEEN psnr  11.08 top1@100 0.009 | floor 11.09
[E2_diffuse_only_r1__keyagnostic__linearmixer_shapes] step   2000 loss 0.2524 | SEEN psnr  11.20 top1@100 0.010 | UNSEEN psnr  11.09 top1@100 0.010 | floor 11.09
[E2_diffuse_only_r1__keyagnostic__linearmixer_shapes] step   3000 loss 0.2468 | SEEN psnr  11.20 top1@100 0.011 | UNSEEN psnr  11.09 top1@100 0.012 | floor 11.09
[E2_diffuse_only_r1__keyagnostic__linearmixer_shapes] step   4000 loss 0.2472 | SEEN psnr  11.20 top1@100 0.010 | UNSEEN psnr  11.09 top1@100 0.010 | floor 11.09
[E2_diffuse_only_r1__keyagnostic__linearmixer_shapes] step   5000 loss 0.2503 | SEEN psnr  11.20 top1@100 0.011 | UNSEEN psnr  11.09 top1@100 0.012 | floor 11.09
{
  "config": {
    "name": "E2_diffuse_only_r1__keyagnostic__linearmixer_shapes",
    "cipher": {
      "name": "chaos",
      "map": "logistic",
      "rounds": 1,
      "mode": "diffuse_only",
      "perm_scope": "full2d",
      "perm_keyed": true,
      "feedback": "cbc",
      "precision": "float64"
    },
    "dataset": "shapes",
    "eval_dataset": null,
    "model": "linearmixer",
    "model_kw": {
      "pos_embed": 0
    },
    "n_keys": null,
    "batch_size": 256,
    "steps": 5000,
    "lr": 0.0005,
    "warmup_steps": 200,
    "eval_n": 2000,
    "eval_every": 1000,
    "seed": 0,
    "device": "cuda:0",
    "workers": 6,
    "input_repr": "pixel",
    "coords": false,
    "loss": "l1",
    "amp": true
  },
  "cipher_tag": "logistic_r1_diffuse_only_full2d_keyed_cbc_float64",
  "n_params": 9469219,
  "floor": {
    "psnr": 11.090311050415039,
    "ssim": 0.5391724705696106,
    "mse": 0.0847492590546608,
    "mae": 0.25266262888908386,
    "top1_pool10": 0.0982,
    "chance_pool10": 0.1,
    "top1_pool100": 0.010175,
    "chance_pool100": 0.01,
    "top1_pool1000": 0.001375,
    "chance_pool1000": 0.001
  },
  "seen": {
    "psnr": 11.201302528381348,
    "ssim": 0.5462483167648315,
    "mse": 0.08284790813922882,
    "mae": 0.24866391718387604,
    "top1_pool10": 0.104825,
    "chance_pool10": 0.1,
    "top1_pool100": 0.0109,
    "chance_pool100": 0.01,
    "top1_pool1000": 0.001475,
    "chance_pool1000": 0.001
  },
  "unseen": {
    "psnr": 11.089288711547852,
    "ssim": 0.536388635635376,
    "mse": 0.08476227521896362,
    "mae": 0.25268498063087463,
    "top1_pool10": 0.103,
    "chance_pool10": 0.1,
    "top1_pool100": 0.0123,
    "chance_pool100": 0.01,
    "top1_pool1000": 0.002075,
    "chance_pool1000": 0.001
  },
  "mismatch_control": {
    "psnr": 11.089149475097656,
    "ssim": 0.5363777875900269,
    "mse": 0.08476200699806213,
    "mae": 0.25268545746803284,
    "top1_pool10": 0.099275,
    "chance_pool10": 0.1,
    "top1_pool100": 0.009625,
    "chance_pool100": 0.01,
    "top1_pool1000": 0.00065,
    "chance_pool1000": 0.001
  },
  "gain_over_floor_unseen": {
    "psnr_gain_db": -0.0010223388671875,
    "ssim_gain": -0.002783834934234619,
    "top1_pool10_gain": 0.004799999999999999,
    "top1_pool100_gain": 0.002125,
    "top1_pool1000_gain": 0.0007000000000000001
  },
  "gain_over_floor_seen": {
    "psnr_gain_db": 0.1109914779663086,
    "ssim_gain": 0.007075846195220947,
    "top1_pool10_gain": 0.006625000000000006,
    "top1_pool100_gain": 0.000725,
    "top1_pool1000_gain": 0.00010000000000000005
  },
  "kgg_psnr": 1.0092109672374832,
  "kgg_top1_100": -1.931034482758621,
  "train_seconds": 64.06805634498596
}
