[E2_diffuse_only_r1__keyagnostic__linearmixer_cifar] step   1000 loss 0.2076 | SEEN psnr  12.67 top1@100 0.010 | UNSEEN psnr  12.67 top1@100 0.011 | floor 12.68
[E2_diffuse_only_r1__keyagnostic__linearmixer_cifar] step   2000 loss 0.2030 | SEEN psnr  12.69 top1@100 0.010 | UNSEEN psnr  12.68 top1@100 0.010 | floor 12.68
[E2_diffuse_only_r1__keyagnostic__linearmixer_cifar] step   3000 loss 0.2037 | SEEN psnr  12.70 top1@100 0.010 | UNSEEN psnr  12.68 top1@100 0.010 | floor 12.68
[E2_diffuse_only_r1__keyagnostic__linearmixer_cifar] step   4000 loss 0.2058 | SEEN psnr  12.70 top1@100 0.010 | UNSEEN psnr  12.69 top1@100 0.010 | floor 12.68
[E2_diffuse_only_r1__keyagnostic__linearmixer_cifar] step   5000 loss 0.2114 | SEEN psnr  12.70 top1@100 0.010 | UNSEEN psnr  12.69 top1@100 0.010 | floor 12.68
{
  "config": {
    "name": "E2_diffuse_only_r1__keyagnostic__linearmixer_cifar",
    "cipher": {
      "name": "chaos",
      "map": "logistic",
      "rounds": 1,
      "mode": "diffuse_only",
      "perm_scope": "full2d",
      "perm_keyed": true,
      "feedback": "none",
      "precision": "float64"
    },
    "dataset": "cifar10",
    "eval_dataset": null,
    "model": "linearmixer",
    "model_kw": {
      "pos_embed": 0
    },
    "n_keys": null,
    "batch_size": 256,
    "steps": 5000,
    "lr": 0.0005,
    "warmup_steps": 200,
    "eval_n": 2000,
    "eval_every": 1000,
    "seed": 0,
    "device": "cuda:2",
    "workers": 6,
    "input_repr": "pixel",
    "coords": false,
    "prev_ch": true,
    "out_mode": "regress",
    "train_subset": null,
    "loss": "l1",
    "amp": true
  },
  "cipher_tag": "logistic_r1_diffuse_only_full2d_keyed_none_float64",
  "n_params": 18906403,
  "floor": {
    "psnr": 12.681406021118164,
    "ssim": 0.35571393370628357,
    "mse": 0.06180805340409279,
    "mae": 0.20674438774585724,
    "top1_pool10": 0.100375,
    "chance_pool10": 0.1,
    "top1_pool100": 0.010025,
    "chance_pool100": 0.01,
    "top1_pool1000": 0.001075,
    "chance_pool1000": 0.001
  },
  "seen": {
    "psnr": 12.696078300476074,
    "ssim": 0.3558516800403595,
    "mse": 0.062458716332912445,
    "mae": 0.20640301704406738,
    "top1_pool10": 0.099975,
    "chance_pool10": 0.1,
    "top1_pool100": 0.00965,
    "chance_pool100": 0.01,
    "top1_pool1000": 0.0013,
    "chance_pool1000": 0.001
  },
  "unseen": {
    "psnr": 12.686577796936035,
    "ssim": 0.3535231351852417,
    "mse": 0.06232781335711479,
    "mae": 0.20635119080543518,
    "top1_pool10": 0.1017,
    "chance_pool10": 0.1,
    "top1_pool100": 0.009825,
    "chance_pool100": 0.01,
    "top1_pool1000": 0.00125,
    "chance_pool1000": 0.001
  },
  "mismatch_control": {
    "psnr": 12.685575485229492,
    "ssim": 0.35349512100219727,
    "mse": 0.062344226986169815,
    "mae": 0.20638303458690643,
    "top1_pool10": 0.1008,
    "chance_pool10": 0.1,
    "top1_pool100": 0.00985,
    "chance_pool100": 0.01,
    "top1_pool1000": 0.00125,
    "chance_pool1000": 0.001
  },
  "gain_over_floor_unseen": {
    "psnr_gain_db": 0.005171775817871094,
    "ssim_gain": -0.00219079852104187,
    "top1_pool10_gain": 0.0013249999999999929,
    "top1_pool100_gain": -0.0001999999999999988,
    "top1_pool1000_gain": 0.00017500000000000003
  },
  "gain_over_floor_seen": {
    "psnr_gain_db": 0.014672279357910156,
    "ssim_gain": 0.00013774633407592773,
    "top1_pool10_gain": -0.00040000000000001146,
    "top1_pool100_gain": -0.0003749999999999986,
    "top1_pool1000_gain": 0.00022499999999999994
  },
  "kgg_psnr": 0.6475138121546962,
  "kgg_top1_100": 0.4666666666666679,
  "train_seconds": 92.82211256027222
}
