[E2_diffuse_only_r1_cbc__samekey__linearmixer_cifar] step   1000 loss 0.1942 | SEEN psnr  13.02 top1@100 0.024 | UNSEEN psnr  12.43 top1@100 0.013 | floor 12.68
[E2_diffuse_only_r1_cbc__samekey__linearmixer_cifar] step   2000 loss 0.1841 | SEEN psnr  13.02 top1@100 0.026 | UNSEEN psnr  12.06 top1@100 0.011 | floor 12.68
[E2_diffuse_only_r1_cbc__samekey__linearmixer_cifar] step   3000 loss 0.1750 | SEEN psnr  12.88 top1@100 0.029 | UNSEEN psnr  11.88 top1@100 0.009 | floor 12.68
[E2_diffuse_only_r1_cbc__samekey__linearmixer_cifar] step   4000 loss 0.1459 | SEEN psnr  12.50 top1@100 0.034 | UNSEEN psnr  11.53 top1@100 0.009 | floor 12.68
[E2_diffuse_only_r1_cbc__samekey__linearmixer_cifar] step   5000 loss 0.1406 | SEEN psnr  12.41 top1@100 0.037 | UNSEEN psnr  11.48 top1@100 0.009 | floor 12.68
{
  "config": {
    "name": "E2_diffuse_only_r1_cbc__samekey__linearmixer_cifar",
    "cipher": {
      "name": "chaos",
      "map": "logistic",
      "rounds": 1,
      "mode": "diffuse_only",
      "perm_scope": "full2d",
      "perm_keyed": true,
      "feedback": "cbc",
      "precision": "float64"
    },
    "dataset": "cifar10",
    "eval_dataset": null,
    "model": "linearmixer",
    "model_kw": {
      "pos_embed": 0
    },
    "n_keys": 1,
    "batch_size": 256,
    "steps": 5000,
    "lr": 0.0005,
    "warmup_steps": 200,
    "eval_n": 2000,
    "eval_every": 1000,
    "seed": 0,
    "device": "cuda:0",
    "workers": 6,
    "input_repr": "pixel",
    "coords": false,
    "prev_ch": true,
    "out_mode": "regress",
    "train_subset": null,
    "loss": "l1",
    "amp": true
  },
  "cipher_tag": "logistic_r1_diffuse_only_full2d_keyed_cbc_float64",
  "n_params": 18906403,
  "floor": {
    "psnr": 12.681406021118164,
    "ssim": 0.35571393370628357,
    "mse": 0.06180805340409279,
    "mae": 0.20674438774585724,
    "top1_pool10": 0.100375,
    "chance_pool10": 0.1,
    "top1_pool100": 0.010025,
    "chance_pool100": 0.01,
    "top1_pool1000": 0.001075,
    "chance_pool1000": 0.001
  },
  "seen": {
    "psnr": 12.414087295532227,
    "ssim": 0.31642264127731323,
    "mse": 0.06527046859264374,
    "mae": 0.20118048787117004,
    "top1_pool10": 0.225725,
    "chance_pool10": 0.1,
    "top1_pool100": 0.03705,
    "chance_pool100": 0.01,
    "top1_pool1000": 0.006325,
    "chance_pool1000": 0.001
  },
  "unseen": {
    "psnr": 11.48090648651123,
    "ssim": 0.27052614092826843,
    "mse": 0.08635411411523819,
    "mae": 0.23104369640350342,
    "top1_pool10": 0.098375,
    "chance_pool10": 0.1,
    "top1_pool100": 0.008925,
    "chance_pool100": 0.01,
    "top1_pool1000": 0.00075,
    "chance_pool1000": 0.001
  },
  "mismatch_control": {
    "psnr": 11.269881248474121,
    "ssim": 0.2672191858291626,
    "mse": 0.08615761995315552,
    "mae": 0.23596608638763428,
    "top1_pool10": 0.096675,
    "chance_pool10": 0.1,
    "top1_pool100": 0.0101,
    "chance_pool100": 0.01,
    "top1_pool1000": 0.0013,
    "chance_pool1000": 0.001
  },
  "gain_over_floor_unseen": {
    "psnr_gain_db": -1.2004995346069336,
    "ssim_gain": -0.08518779277801514,
    "top1_pool10_gain": -0.0020000000000000018,
    "top1_pool100_gain": -0.0010999999999999985,
    "top1_pool1000_gain": -0.000325
  },
  "gain_over_floor_seen": {
    "psnr_gain_db": -0.2673187255859375,
    "ssim_gain": -0.03929129242897034,
    "top1_pool10_gain": 0.12535000000000002,
    "top1_pool100_gain": 0.027025,
    "top1_pool1000_gain": 0.0052499999999999995
  },
  "kgg_psnr": -3.490892031508648,
  "kgg_top1_100": 1.0407030527289545,
  "train_seconds": 94.29333662986755
}
