[E2_diffuse_only_r1__keyagnostic__resunet_shapesB] step   1000 loss 0.2489 | SEEN psnr  11.20 top1@100 0.010 | UNSEEN psnr  11.09 top1@100 0.010 | floor 11.09
[E2_diffuse_only_r1__keyagnostic__resunet_shapesB] step   2000 loss 0.2541 | SEEN psnr  11.20 top1@100 0.011 | UNSEEN psnr  11.09 top1@100 0.010 | floor 11.09
[E2_diffuse_only_r1__keyagnostic__resunet_shapesB] step   3000 loss 0.2477 | SEEN psnr  11.20 top1@100 0.011 | UNSEEN psnr  11.09 top1@100 0.010 | floor 11.09
[E2_diffuse_only_r1__keyagnostic__resunet_shapesB] step   4000 loss 0.2537 | SEEN psnr  11.20 top1@100 0.010 | UNSEEN psnr  11.09 top1@100 0.010 | floor 11.09
[E2_diffuse_only_r1__keyagnostic__resunet_shapesB] step   5000 loss 0.2524 | SEEN psnr  11.20 top1@100 0.011 | UNSEEN psnr  11.09 top1@100 0.010 | floor 11.09
{
  "config": {
    "name": "E2_diffuse_only_r1__keyagnostic__resunet_shapesB",
    "cipher": {
      "name": "chaos",
      "map": "logistic",
      "rounds": 1,
      "mode": "diffuse_only",
      "perm_scope": "full2d",
      "perm_keyed": true,
      "feedback": "none",
      "precision": "float64"
    },
    "dataset": "shapes",
    "eval_dataset": null,
    "model": "resunet",
    "model_kw": {},
    "n_keys": null,
    "batch_size": 256,
    "steps": 5000,
    "lr": 0.0002,
    "warmup_steps": 200,
    "eval_n": 2000,
    "eval_every": 1000,
    "seed": 0,
    "device": "cuda:0",
    "workers": 6,
    "input_repr": "both",
    "coords": true,
    "prev_ch": true,
    "out_mode": "regress",
    "train_subset": null,
    "loss": "l1",
    "amp": true
  },
  "cipher_tag": "logistic_r1_diffuse_only_full2d_keyed_none_float64",
  "n_params": 27188675,
  "floor": {
    "psnr": 11.090311050415039,
    "ssim": 0.5391724705696106,
    "mse": 0.0847492590546608,
    "mae": 0.25266262888908386,
    "top1_pool10": 0.0982,
    "chance_pool10": 0.1,
    "top1_pool100": 0.010175,
    "chance_pool100": 0.01,
    "top1_pool1000": 0.001375,
    "chance_pool1000": 0.001
  },
  "seen": {
    "psnr": 11.20242977142334,
    "ssim": 0.5488292574882507,
    "mse": 0.08283225446939468,
    "mae": 0.2486456334590912,
    "top1_pool10": 0.1005,
    "chance_pool10": 0.1,
    "top1_pool100": 0.01105,
    "chance_pool100": 0.01,
    "top1_pool1000": 0.001075,
    "chance_pool1000": 0.001
  },
  "unseen": {
    "psnr": 11.089714050292969,
    "ssim": 0.5388866066932678,
    "mse": 0.08475082367658615,
    "mae": 0.25267499685287476,
    "top1_pool10": 0.10015,
    "chance_pool10": 0.1,
    "top1_pool100": 0.010475,
    "chance_pool100": 0.01,
    "top1_pool1000": 0.0015,
    "chance_pool1000": 0.001
  },
  "mismatch_control": {
    "psnr": 11.089737892150879,
    "ssim": 0.5388885736465454,
    "mse": 0.08475052565336227,
    "mae": 0.25267407298088074,
    "top1_pool10": 0.100325,
    "chance_pool10": 0.1,
    "top1_pool100": 0.010825,
    "chance_pool100": 0.01,
    "top1_pool1000": 0.0013,
    "chance_pool1000": 0.001
  },
  "gain_over_floor_unseen": {
    "psnr_gain_db": -0.0005970001220703125,
    "ssim_gain": -0.00028586387634277344,
    "top1_pool10_gain": 0.0019500000000000073,
    "top1_pool100_gain": 0.0002999999999999999,
    "top1_pool1000_gain": 0.0001250000000000001
  },
  "gain_over_floor_seen": {
    "psnr_gain_db": 0.11211872100830078,
    "ssim_gain": 0.009656786918640137,
    "top1_pool10_gain": 0.0023000000000000104,
    "top1_pool100_gain": 0.0008750000000000008,
    "top1_pool1000_gain": -0.0002999999999999999
  },
  "kgg_psnr": 1.0053247139880066,
  "kgg_top1_100": 0.6571428571428576,
  "train_seconds": 328.3501007556915
}
