[E2_diffuse_only_r1_cbc__keyagnostic__resunet_cifar] step   1000 loss 0.2052 | SEEN psnr  12.68 top1@100 0.010 | UNSEEN psnr  12.68 top1@100 0.010 | floor 12.68
[E2_diffuse_only_r1_cbc__keyagnostic__resunet_cifar] step   2000 loss 0.2023 | SEEN psnr  12.69 top1@100 0.010 | UNSEEN psnr  12.68 top1@100 0.010 | floor 12.68
[E2_diffuse_only_r1_cbc__keyagnostic__resunet_cifar] step   3000 loss 0.2046 | SEEN psnr  12.69 top1@100 0.010 | UNSEEN psnr  12.68 top1@100 0.010 | floor 12.68
[E2_diffuse_only_r1_cbc__keyagnostic__resunet_cifar] step   4000 loss 0.2074 | SEEN psnr  12.70 top1@100 0.010 | UNSEEN psnr  12.69 top1@100 0.010 | floor 12.68
[E2_diffuse_only_r1_cbc__keyagnostic__resunet_cifar] step   5000 loss 0.2082 | SEEN psnr  12.70 top1@100 0.010 | UNSEEN psnr  12.69 top1@100 0.010 | floor 12.68
{
  "config": {
    "name": "E2_diffuse_only_r1_cbc__keyagnostic__resunet_cifar",
    "cipher": {
      "name": "chaos",
      "map": "logistic",
      "rounds": 1,
      "mode": "diffuse_only",
      "perm_scope": "full2d",
      "perm_keyed": true,
      "feedback": "cbc",
      "precision": "float64"
    },
    "dataset": "cifar10",
    "eval_dataset": null,
    "model": "resunet",
    "model_kw": {},
    "n_keys": null,
    "batch_size": 256,
    "steps": 5000,
    "lr": 0.0002,
    "warmup_steps": 200,
    "eval_n": 2000,
    "eval_every": 1000,
    "seed": 0,
    "device": "cuda:0",
    "workers": 6,
    "input_repr": "both",
    "coords": true,
    "prev_ch": true,
    "out_mode": "regress",
    "train_subset": null,
    "loss": "l1",
    "amp": true
  },
  "cipher_tag": "logistic_r1_diffuse_only_full2d_keyed_cbc_float64",
  "n_params": 27188675,
  "floor": {
    "psnr": 12.681406021118164,
    "ssim": 0.35571393370628357,
    "mse": 0.06180805340409279,
    "mae": 0.20674438774585724,
    "top1_pool10": 0.100375,
    "chance_pool10": 0.1,
    "top1_pool100": 0.010025,
    "chance_pool100": 0.01,
    "top1_pool1000": 0.001075,
    "chance_pool1000": 0.001
  },
  "seen": {
    "psnr": 12.697683334350586,
    "ssim": 0.3561665713787079,
    "mse": 0.062433648854494095,
    "mae": 0.20637042820453644,
    "top1_pool10": 0.09985,
    "chance_pool10": 0.1,
    "top1_pool100": 0.009725,
    "chance_pool100": 0.01,
    "top1_pool1000": 0.00135,
    "chance_pool1000": 0.001
  },
  "unseen": {
    "psnr": 12.68746566772461,
    "ssim": 0.3538265526294708,
    "mse": 0.06231657415628433,
    "mae": 0.20634609460830688,
    "top1_pool10": 0.10075,
    "chance_pool10": 0.1,
    "top1_pool100": 0.009825,
    "chance_pool100": 0.01,
    "top1_pool1000": 0.001275,
    "chance_pool1000": 0.001
  },
  "mismatch_control": {
    "psnr": 12.687458992004395,
    "ssim": 0.3538300693035126,
    "mse": 0.06231706589460373,
    "mae": 0.20634618401527405,
    "top1_pool10": 0.100925,
    "chance_pool10": 0.1,
    "top1_pool100": 0.009925,
    "chance_pool100": 0.01,
    "top1_pool1000": 0.001325,
    "chance_pool1000": 0.001
  },
  "gain_over_floor_unseen": {
    "psnr_gain_db": 0.0060596466064453125,
    "ssim_gain": -0.0018873810768127441,
    "top1_pool10_gain": 0.00037500000000000033,
    "top1_pool100_gain": -0.0001999999999999988,
    "top1_pool1000_gain": 0.0002000000000000001
  },
  "gain_over_floor_seen": {
    "psnr_gain_db": 0.016277313232421875,
    "ssim_gain": 0.0004526376724243164,
    "top1_pool10_gain": -0.0005250000000000116,
    "top1_pool100_gain": -0.0002999999999999999,
    "top1_pool1000_gain": 0.00027500000000000007
  },
  "kgg_psnr": 0.627724396531521,
  "kgg_top1_100": 0.3333333333333372,
  "train_seconds": 681.1706299781799
}
