[E2_diffuse_only_r1_cbc__keyagnostic__linearmixer_cifar] step   1000 loss 0.2069 | SEEN psnr  12.67 top1@100 0.010 | UNSEEN psnr  12.66 top1@100 0.010 | floor 12.68
[E2_diffuse_only_r1_cbc__keyagnostic__linearmixer_cifar] step   2000 loss 0.2082 | SEEN psnr  12.67 top1@100 0.010 | UNSEEN psnr  12.67 top1@100 0.010 | floor 12.68
[E2_diffuse_only_r1_cbc__keyagnostic__linearmixer_cifar] step   3000 loss 0.2060 | SEEN psnr  12.69 top1@100 0.010 | UNSEEN psnr  12.68 top1@100 0.010 | floor 12.68
[E2_diffuse_only_r1_cbc__keyagnostic__linearmixer_cifar] step   4000 loss 0.2115 | SEEN psnr  12.70 top1@100 0.010 | UNSEEN psnr  12.69 top1@100 0.010 | floor 12.68
[E2_diffuse_only_r1_cbc__keyagnostic__linearmixer_cifar] step   5000 loss 0.2065 | SEEN psnr  12.70 top1@100 0.010 | UNSEEN psnr  12.69 top1@100 0.010 | floor 12.68
{
  "config": {
    "name": "E2_diffuse_only_r1_cbc__keyagnostic__linearmixer_cifar",
    "cipher": {
      "name": "chaos",
      "map": "logistic",
      "rounds": 1,
      "mode": "diffuse_only",
      "perm_scope": "full2d",
      "perm_keyed": true,
      "feedback": "cbc",
      "precision": "float64"
    },
    "dataset": "cifar10",
    "eval_dataset": null,
    "model": "linearmixer",
    "model_kw": {
      "pos_embed": 0
    },
    "n_keys": null,
    "batch_size": 256,
    "steps": 5000,
    "lr": 0.0005,
    "warmup_steps": 200,
    "eval_n": 2000,
    "eval_every": 1000,
    "seed": 0,
    "device": "cuda:2",
    "workers": 6,
    "input_repr": "pixel",
    "coords": false,
    "prev_ch": true,
    "out_mode": "regress",
    "train_subset": null,
    "loss": "l1",
    "amp": true
  },
  "cipher_tag": "logistic_r1_diffuse_only_full2d_keyed_cbc_float64",
  "n_params": 18906403,
  "floor": {
    "psnr": 12.681406021118164,
    "ssim": 0.35571393370628357,
    "mse": 0.06180805340409279,
    "mae": 0.20674438774585724,
    "top1_pool10": 0.100375,
    "chance_pool10": 0.1,
    "top1_pool100": 0.010025,
    "chance_pool100": 0.01,
    "top1_pool1000": 0.001075,
    "chance_pool1000": 0.001
  },
  "seen": {
    "psnr": 12.696420669555664,
    "ssim": 0.3558638095855713,
    "mse": 0.0624554306268692,
    "mae": 0.2063935548067093,
    "top1_pool10": 0.099525,
    "chance_pool10": 0.1,
    "top1_pool100": 0.010075,
    "chance_pool100": 0.01,
    "top1_pool1000": 0.00145,
    "chance_pool1000": 0.001
  },
  "unseen": {
    "psnr": 12.686285972595215,
    "ssim": 0.353519082069397,
    "mse": 0.06233593821525574,
    "mae": 0.2063668966293335,
    "top1_pool10": 0.100925,
    "chance_pool10": 0.1,
    "top1_pool100": 0.00975,
    "chance_pool100": 0.01,
    "top1_pool1000": 0.0014,
    "chance_pool1000": 0.001
  },
  "mismatch_control": {
    "psnr": 12.686223030090332,
    "ssim": 0.3535338044166565,
    "mse": 0.06233114004135132,
    "mae": 0.20636537671089172,
    "top1_pool10": 0.100625,
    "chance_pool10": 0.1,
    "top1_pool100": 0.010125,
    "chance_pool100": 0.01,
    "top1_pool1000": 0.001475,
    "chance_pool1000": 0.001
  },
  "gain_over_floor_unseen": {
    "psnr_gain_db": 0.004879951477050781,
    "ssim_gain": -0.0021948516368865967,
    "top1_pool10_gain": 0.0005499999999999949,
    "top1_pool100_gain": -0.0002749999999999992,
    "top1_pool1000_gain": 0.000325
  },
  "gain_over_floor_seen": {
    "psnr_gain_db": 0.0150146484375,
    "ssim_gain": 0.00014987587928771973,
    "top1_pool10_gain": -0.0008500000000000035,
    "top1_pool100_gain": 5.000000000000143e-05,
    "top1_pool1000_gain": 0.0003749999999999999
  },
  "kgg_psnr": 0.6749872967479674,
  "kgg_top1_100": 6.499999999999827,
  "train_seconds": 95.75149965286255
}
