[E2_diffuse_only_r1_cbc__samekey__resunet_shapesB] step   1000 loss 0.2494 | SEEN psnr  11.20 top1@100 0.010 | UNSEEN psnr  11.09 top1@100 0.010 | floor 11.09
[E2_diffuse_only_r1_cbc__samekey__resunet_shapesB] step   2000 loss 0.2494 | SEEN psnr  11.20 top1@100 0.011 | UNSEEN psnr  11.09 top1@100 0.011 | floor 11.09
[E2_diffuse_only_r1_cbc__samekey__resunet_shapesB] step   3000 loss 0.2517 | SEEN psnr  11.20 top1@100 0.011 | UNSEEN psnr  11.09 top1@100 0.010 | floor 11.09
[E2_diffuse_only_r1_cbc__samekey__resunet_shapesB] step   4000 loss 0.2143 | SEEN psnr  11.75 top1@100 0.020 | UNSEEN psnr  10.24 top1@100 0.009 | floor 11.09
[E2_diffuse_only_r1_cbc__samekey__resunet_shapesB] step   5000 loss 0.2117 | SEEN psnr  11.77 top1@100 0.020 | UNSEEN psnr  10.25 top1@100 0.010 | floor 11.09
{
  "config": {
    "name": "E2_diffuse_only_r1_cbc__samekey__resunet_shapesB",
    "cipher": {
      "name": "chaos",
      "map": "logistic",
      "rounds": 1,
      "mode": "diffuse_only",
      "perm_scope": "full2d",
      "perm_keyed": true,
      "feedback": "cbc",
      "precision": "float64"
    },
    "dataset": "shapes",
    "eval_dataset": null,
    "model": "resunet",
    "model_kw": {},
    "n_keys": 1,
    "batch_size": 256,
    "steps": 5000,
    "lr": 0.0002,
    "warmup_steps": 200,
    "eval_n": 2000,
    "eval_every": 1000,
    "seed": 0,
    "device": "cuda:1",
    "workers": 6,
    "input_repr": "both",
    "coords": true,
    "prev_ch": true,
    "out_mode": "regress",
    "train_subset": null,
    "loss": "l1",
    "amp": true
  },
  "cipher_tag": "logistic_r1_diffuse_only_full2d_keyed_cbc_float64",
  "n_params": 27188675,
  "floor": {
    "psnr": 11.090311050415039,
    "ssim": 0.5391724705696106,
    "mse": 0.0847492590546608,
    "mae": 0.25266262888908386,
    "top1_pool10": 0.0982,
    "chance_pool10": 0.1,
    "top1_pool100": 0.010175,
    "chance_pool100": 0.01,
    "top1_pool1000": 0.001375,
    "chance_pool1000": 0.001
  },
  "seen": {
    "psnr": 11.770647048950195,
    "ssim": 0.5772087574005127,
    "mse": 0.07612767070531845,
    "mae": 0.20872844755649567,
    "top1_pool10": 0.181075,
    "chance_pool10": 0.1,
    "top1_pool100": 0.019675,
    "chance_pool100": 0.01,
    "top1_pool1000": 0.002575,
    "chance_pool1000": 0.001
  },
  "unseen": {
    "psnr": 10.25253677368164,
    "ssim": 0.5117362141609192,
    "mse": 0.10944126546382904,
    "mae": 0.2760814428329468,
    "top1_pool10": 0.10615,
    "chance_pool10": 0.1,
    "top1_pool100": 0.009575,
    "chance_pool100": 0.01,
    "top1_pool1000": 0.001575,
    "chance_pool1000": 0.001
  },
  "mismatch_control": {
    "psnr": 10.122590065002441,
    "ssim": 0.5082104802131653,
    "mse": 0.11074110865592957,
    "mae": 0.27843591570854187,
    "top1_pool10": 0.09705,
    "chance_pool10": 0.1,
    "top1_pool100": 0.01025,
    "chance_pool100": 0.01,
    "top1_pool1000": 0.00055,
    "chance_pool1000": 0.001
  },
  "gain_over_floor_unseen": {
    "psnr_gain_db": -0.8377742767333984,
    "ssim_gain": -0.027436256408691406,
    "top1_pool10_gain": 0.007949999999999999,
    "top1_pool100_gain": -0.0005999999999999998,
    "top1_pool1000_gain": 0.0002000000000000001
  },
  "gain_over_floor_seen": {
    "psnr_gain_db": 0.6803359985351562,
    "ssim_gain": 0.0380362868309021,
    "top1_pool10_gain": 0.08287500000000002,
    "top1_pool100_gain": 0.009500000000000001,
    "top1_pool1000_gain": 0.0012000000000000001
  },
  "kgg_psnr": 2.231412535184417,
  "kgg_top1_100": 1.063157894736842,
  "train_seconds": 330.16357827186584
}
