[E2_diffuse_only_r1_cbc__keyagnostic__resunet_shapesB] step   1000 loss 0.2527 | SEEN psnr  11.20 top1@100 0.010 | UNSEEN psnr  11.09 top1@100 0.010 | floor 11.09
[E2_diffuse_only_r1_cbc__keyagnostic__resunet_shapesB] step   2000 loss 0.2493 | SEEN psnr  11.20 top1@100 0.011 | UNSEEN psnr  11.09 top1@100 0.010 | floor 11.09
[E2_diffuse_only_r1_cbc__keyagnostic__resunet_shapesB] step   3000 loss 0.2481 | SEEN psnr  11.20 top1@100 0.011 | UNSEEN psnr  11.08 top1@100 0.010 | floor 11.09
[E2_diffuse_only_r1_cbc__keyagnostic__resunet_shapesB] step   4000 loss 0.2498 | SEEN psnr  11.20 top1@100 0.010 | UNSEEN psnr  11.09 top1@100 0.011 | floor 11.09
[E2_diffuse_only_r1_cbc__keyagnostic__resunet_shapesB] step   5000 loss 0.2443 | SEEN psnr  11.20 top1@100 0.011 | UNSEEN psnr  11.09 top1@100 0.011 | floor 11.09
{
  "config": {
    "name": "E2_diffuse_only_r1_cbc__keyagnostic__resunet_shapesB",
    "cipher": {
      "name": "chaos",
      "map": "logistic",
      "rounds": 1,
      "mode": "diffuse_only",
      "perm_scope": "full2d",
      "perm_keyed": true,
      "feedback": "cbc",
      "precision": "float64"
    },
    "dataset": "shapes",
    "eval_dataset": null,
    "model": "resunet",
    "model_kw": {},
    "n_keys": null,
    "batch_size": 256,
    "steps": 5000,
    "lr": 0.0002,
    "warmup_steps": 200,
    "eval_n": 2000,
    "eval_every": 1000,
    "seed": 0,
    "device": "cuda:2",
    "workers": 6,
    "input_repr": "both",
    "coords": true,
    "prev_ch": true,
    "out_mode": "regress",
    "train_subset": null,
    "loss": "l1",
    "amp": true
  },
  "cipher_tag": "logistic_r1_diffuse_only_full2d_keyed_cbc_float64",
  "n_params": 27188675,
  "floor": {
    "psnr": 11.090311050415039,
    "ssim": 0.5391724705696106,
    "mse": 0.0847492590546608,
    "mae": 0.25266262888908386,
    "top1_pool10": 0.0982,
    "chance_pool10": 0.1,
    "top1_pool100": 0.010175,
    "chance_pool100": 0.01,
    "top1_pool1000": 0.001375,
    "chance_pool1000": 0.001
  },
  "seen": {
    "psnr": 11.202383041381836,
    "ssim": 0.548804759979248,
    "mse": 0.08283340185880661,
    "mae": 0.24864685535430908,
    "top1_pool10": 0.10105,
    "chance_pool10": 0.1,
    "top1_pool100": 0.0106,
    "chance_pool100": 0.01,
    "top1_pool1000": 0.00155,
    "chance_pool1000": 0.001
  },
  "unseen": {
    "psnr": 11.089815139770508,
    "ssim": 0.5388739109039307,
    "mse": 0.08474960923194885,
    "mae": 0.25267207622528076,
    "top1_pool10": 0.1008,
    "chance_pool10": 0.1,
    "top1_pool100": 0.011125,
    "chance_pool100": 0.01,
    "top1_pool1000": 0.001625,
    "chance_pool1000": 0.001
  },
  "mismatch_control": {
    "psnr": 11.089765548706055,
    "ssim": 0.5388688445091248,
    "mse": 0.0847504585981369,
    "mae": 0.2526734471321106,
    "top1_pool10": 0.101175,
    "chance_pool10": 0.1,
    "top1_pool100": 0.011,
    "chance_pool100": 0.01,
    "top1_pool1000": 0.001325,
    "chance_pool1000": 0.001
  },
  "gain_over_floor_unseen": {
    "psnr_gain_db": -0.00049591064453125,
    "ssim_gain": -0.00029855966567993164,
    "top1_pool10_gain": 0.002600000000000005,
    "top1_pool100_gain": 0.0009499999999999995,
    "top1_pool1000_gain": 0.00025
  },
  "gain_over_floor_seen": {
    "psnr_gain_db": 0.11207199096679688,
    "ssim_gain": 0.009632289409637451,
    "top1_pool10_gain": 0.0028500000000000053,
    "top1_pool100_gain": 0.00042500000000000003,
    "top1_pool1000_gain": 0.00017500000000000003
  },
  "kgg_psnr": 1.0044249293713197,
  "kgg_top1_100": -1.2352941176470573,
  "train_seconds": 331.44143867492676
}
