[E2_fixedperm_keyed_diff__samekey__resunet_shapesB] step   1000 loss 0.0911 | SEEN psnr  15.78 top1@100 0.351 | UNSEEN psnr  10.10 top1@100 0.006 | floor 11.09
[E2_fixedperm_keyed_diff__samekey__resunet_shapesB] step   2000 loss 0.0518 | SEEN psnr  20.93 top1@100 0.997 | UNSEEN psnr  10.17 top1@100 0.003 | floor 11.09
[E2_fixedperm_keyed_diff__samekey__resunet_shapesB] step   3000 loss 0.0378 | SEEN psnr  22.60 top1@100 1.000 | UNSEEN psnr  10.34 top1@100 0.003 | floor 11.09
[E2_fixedperm_keyed_diff__samekey__resunet_shapesB] step   4000 loss 0.0308 | SEEN psnr  23.37 top1@100 1.000 | UNSEEN psnr  10.38 top1@100 0.004 | floor 11.09
[E2_fixedperm_keyed_diff__samekey__resunet_shapesB] step   5000 loss 0.0293 | SEEN psnr  23.52 top1@100 1.000 | UNSEEN psnr  10.41 top1@100 0.003 | floor 11.09
{
  "config": {
    "name": "E2_fixedperm_keyed_diff__samekey__resunet_shapesB",
    "cipher": {
      "name": "chaos",
      "map": "logistic",
      "rounds": 2,
      "mode": "permute_diffuse",
      "perm_scope": "full2d",
      "perm_keyed": false,
      "feedback": "none",
      "precision": "float64"
    },
    "dataset": "shapes",
    "eval_dataset": null,
    "model": "resunet",
    "model_kw": {},
    "n_keys": 1,
    "batch_size": 256,
    "steps": 5000,
    "lr": 0.0002,
    "warmup_steps": 200,
    "eval_n": 2000,
    "eval_every": 1000,
    "seed": 0,
    "device": "cuda:2",
    "workers": 6,
    "input_repr": "both",
    "coords": true,
    "prev_ch": true,
    "out_mode": "regress",
    "train_subset": null,
    "loss": "l1",
    "amp": true
  },
  "cipher_tag": "logistic_r2_permute_diffuse_full2d_fixedperm_none_float64",
  "n_params": 27188675,
  "floor": {
    "psnr": 11.090311050415039,
    "ssim": 0.5391724705696106,
    "mse": 0.0847492590546608,
    "mae": 0.25266262888908386,
    "top1_pool10": 0.0982,
    "chance_pool10": 0.1,
    "top1_pool100": 0.010175,
    "chance_pool100": 0.01,
    "top1_pool1000": 0.001375,
    "chance_pool1000": 0.001
  },
  "seen": {
    "psnr": 23.522136688232422,
    "ssim": 0.8640105128288269,
    "mse": 0.005177059676498175,
    "mae": 0.03484159708023071,
    "top1_pool10": 1.0,
    "chance_pool10": 0.1,
    "top1_pool100": 1.0,
    "chance_pool100": 0.01,
    "top1_pool1000": 1.0,
    "chance_pool1000": 0.001
  },
  "unseen": {
    "psnr": 10.407520294189453,
    "ssim": 0.37497931718826294,
    "mse": 0.09745005518198013,
    "mae": 0.2666679620742798,
    "top1_pool10": 0.057,
    "chance_pool10": 0.1,
    "top1_pool100": 0.00335,
    "chance_pool100": 0.01,
    "top1_pool1000": 0.000125,
    "chance_pool1000": 0.001
  },
  "mismatch_control": {
    "psnr": 10.53857707977295,
    "ssim": 0.3799412250518799,
    "mse": 0.0946829542517662,
    "mae": 0.2622829079627991,
    "top1_pool10": 0.09445,
    "chance_pool10": 0.1,
    "top1_pool100": 0.009675,
    "chance_pool100": 0.01,
    "top1_pool1000": 0.001225,
    "chance_pool1000": 0.001
  },
  "gain_over_floor_unseen": {
    "psnr_gain_db": -0.6827907562255859,
    "ssim_gain": -0.16419315338134766,
    "top1_pool10_gain": -0.041199999999999994,
    "top1_pool100_gain": -0.0068249999999999995,
    "top1_pool1000_gain": -0.0012499999999999998
  },
  "gain_over_floor_seen": {
    "psnr_gain_db": 12.431825637817383,
    "ssim_gain": 0.3248380422592163,
    "top1_pool10_gain": 0.9018,
    "top1_pool100_gain": 0.989825,
    "top1_pool1000_gain": 0.998625
  },
  "kgg_psnr": 1.0549228066832397,
  "kgg_top1_100": 1.0068951582350416,
  "train_seconds": 329.0419113636017
}
