[E2_feedback_cbc__keyagnostic__linearmixer_cifar] step   1000 loss 0.2022 | SEEN psnr  12.66 top1@100 0.010 | UNSEEN psnr  12.66 top1@100 0.011 | floor 12.68
[E2_feedback_cbc__keyagnostic__linearmixer_cifar] step   2000 loss 0.1997 | SEEN psnr  12.67 top1@100 0.011 | UNSEEN psnr  12.67 top1@100 0.010 | floor 12.68
[E2_feedback_cbc__keyagnostic__linearmixer_cifar] step   3000 loss 0.2086 | SEEN psnr  12.69 top1@100 0.010 | UNSEEN psnr  12.68 top1@100 0.010 | floor 12.68
[E2_feedback_cbc__keyagnostic__linearmixer_cifar] step   4000 loss 0.2060 | SEEN psnr  12.70 top1@100 0.010 | UNSEEN psnr  12.69 top1@100 0.010 | floor 12.68
[E2_feedback_cbc__keyagnostic__linearmixer_cifar] step   5000 loss 0.2109 | SEEN psnr  12.70 top1@100 0.010 | UNSEEN psnr  12.69 top1@100 0.010 | floor 12.68
{
  "config": {
    "name": "E2_feedback_cbc__keyagnostic__linearmixer_cifar",
    "cipher": {
      "name": "chaos",
      "map": "logistic",
      "rounds": 2,
      "mode": "permute_diffuse",
      "perm_scope": "full2d",
      "perm_keyed": true,
      "feedback": "cbc",
      "precision": "float64"
    },
    "dataset": "cifar10",
    "eval_dataset": null,
    "model": "linearmixer",
    "model_kw": {
      "pos_embed": 0
    },
    "n_keys": null,
    "batch_size": 256,
    "steps": 5000,
    "lr": 0.0005,
    "warmup_steps": 200,
    "eval_n": 2000,
    "eval_every": 1000,
    "seed": 0,
    "device": "cuda:0",
    "workers": 6,
    "input_repr": "pixel",
    "coords": false,
    "prev_ch": true,
    "out_mode": "regress",
    "train_subset": null,
    "loss": "l1",
    "amp": true
  },
  "cipher_tag": "logistic_r2_permute_diffuse_full2d_keyed_cbc_float64",
  "n_params": 18906403,
  "floor": {
    "psnr": 12.681406021118164,
    "ssim": 0.35571393370628357,
    "mse": 0.06180805340409279,
    "mae": 0.20674438774585724,
    "top1_pool10": 0.100375,
    "chance_pool10": 0.1,
    "top1_pool100": 0.010025,
    "chance_pool100": 0.01,
    "top1_pool1000": 0.001075,
    "chance_pool1000": 0.001
  },
  "seen": {
    "psnr": 12.696538925170898,
    "ssim": 0.3558769226074219,
    "mse": 0.062454693019390106,
    "mae": 0.20639532804489136,
    "top1_pool10": 0.10035,
    "chance_pool10": 0.1,
    "top1_pool100": 0.00975,
    "chance_pool100": 0.01,
    "top1_pool1000": 0.001275,
    "chance_pool1000": 0.001
  },
  "unseen": {
    "psnr": 12.68663215637207,
    "ssim": 0.3535844385623932,
    "mse": 0.062334898859262466,
    "mae": 0.2063644379377365,
    "top1_pool10": 0.100675,
    "chance_pool10": 0.1,
    "top1_pool100": 0.00995,
    "chance_pool100": 0.01,
    "top1_pool1000": 0.00135,
    "chance_pool1000": 0.001
  },
  "mismatch_control": {
    "psnr": 12.686583518981934,
    "ssim": 0.35356467962265015,
    "mse": 0.062333520501852036,
    "mae": 0.20636653900146484,
    "top1_pool10": 0.1009,
    "chance_pool10": 0.1,
    "top1_pool100": 0.00985,
    "chance_pool100": 0.01,
    "top1_pool1000": 0.001475,
    "chance_pool1000": 0.001
  },
  "gain_over_floor_unseen": {
    "psnr_gain_db": 0.00522613525390625,
    "ssim_gain": -0.002129495143890381,
    "top1_pool10_gain": 0.0002999999999999947,
    "top1_pool100_gain": -7.499999999999868e-05,
    "top1_pool1000_gain": 0.00027500000000000007
  },
  "gain_over_floor_seen": {
    "psnr_gain_db": 0.015132904052734375,
    "ssim_gain": 0.00016298890113830566,
    "top1_pool10_gain": -2.5000000000011124e-05,
    "top1_pool100_gain": -0.0002749999999999992,
    "top1_pool1000_gain": 0.0002000000000000001
  },
  "kgg_psnr": 0.6546508696748172,
  "kgg_top1_100": 0.7272727272727313,
  "train_seconds": 83.71806859970093
}
