[E2_fixedperm_keyed_diff__keyagnostic__linearmixer_cifar] step   1000 loss 0.2016 | SEEN psnr  12.68 top1@100 0.010 | UNSEEN psnr  12.67 top1@100 0.009 | floor 12.68
[E2_fixedperm_keyed_diff__keyagnostic__linearmixer_cifar] step   2000 loss 0.2128 | SEEN psnr  12.70 top1@100 0.011 | UNSEEN psnr  12.69 top1@100 0.011 | floor 12.68
[E2_fixedperm_keyed_diff__keyagnostic__linearmixer_cifar] step   3000 loss 0.2020 | SEEN psnr  12.70 top1@100 0.012 | UNSEEN psnr  12.70 top1@100 0.013 | floor 12.68
[E2_fixedperm_keyed_diff__keyagnostic__linearmixer_cifar] step   4000 loss 0.2168 | SEEN psnr  12.73 top1@100 0.015 | UNSEEN psnr  12.73 top1@100 0.017 | floor 12.68
[E2_fixedperm_keyed_diff__keyagnostic__linearmixer_cifar] step   5000 loss 0.2036 | SEEN psnr  12.73 top1@100 0.016 | UNSEEN psnr  12.74 top1@100 0.017 | floor 12.68
{
  "config": {
    "name": "E2_fixedperm_keyed_diff__keyagnostic__linearmixer_cifar",
    "cipher": {
      "name": "chaos",
      "map": "logistic",
      "rounds": 2,
      "mode": "permute_diffuse",
      "perm_scope": "full2d",
      "perm_keyed": false,
      "feedback": "none",
      "precision": "float64"
    },
    "dataset": "cifar10",
    "eval_dataset": null,
    "model": "linearmixer",
    "model_kw": {
      "pos_embed": 0
    },
    "n_keys": null,
    "batch_size": 256,
    "steps": 5000,
    "lr": 0.0005,
    "warmup_steps": 200,
    "eval_n": 2000,
    "eval_every": 1000,
    "seed": 0,
    "device": "cuda:0",
    "workers": 6,
    "input_repr": "pixel",
    "coords": false,
    "prev_ch": true,
    "out_mode": "regress",
    "train_subset": null,
    "loss": "l1",
    "amp": true
  },
  "cipher_tag": "logistic_r2_permute_diffuse_full2d_fixedperm_none_float64",
  "n_params": 18906403,
  "floor": {
    "psnr": 12.681406021118164,
    "ssim": 0.35571393370628357,
    "mse": 0.06180805340409279,
    "mae": 0.20674438774585724,
    "top1_pool10": 0.100375,
    "chance_pool10": 0.1,
    "top1_pool100": 0.010025,
    "chance_pool100": 0.01,
    "top1_pool1000": 0.001075,
    "chance_pool1000": 0.001
  },
  "seen": {
    "psnr": 12.73276424407959,
    "ssim": 0.35617828369140625,
    "mse": 0.062056366354227066,
    "mae": 0.20542524755001068,
    "top1_pool10": 0.112125,
    "chance_pool10": 0.1,
    "top1_pool100": 0.01605,
    "chance_pool100": 0.01,
    "top1_pool1000": 0.003925,
    "chance_pool1000": 0.001
  },
  "unseen": {
    "psnr": 12.736027717590332,
    "ssim": 0.3542852997779846,
    "mse": 0.06178009510040283,
    "mae": 0.20506881177425385,
    "top1_pool10": 0.11385,
    "chance_pool10": 0.1,
    "top1_pool100": 0.017425,
    "chance_pool100": 0.01,
    "top1_pool1000": 0.004275,
    "chance_pool1000": 0.001
  },
  "mismatch_control": {
    "psnr": 12.651090621948242,
    "ssim": 0.3510245382785797,
    "mse": 0.06301777809858322,
    "mae": 0.20714367926120758,
    "top1_pool10": 0.101575,
    "chance_pool10": 0.1,
    "top1_pool100": 0.0107,
    "chance_pool100": 0.01,
    "top1_pool1000": 0.00175,
    "chance_pool1000": 0.001
  },
  "gain_over_floor_unseen": {
    "psnr_gain_db": 0.05462169647216797,
    "ssim_gain": -0.0014286339282989502,
    "top1_pool10_gain": 0.013475,
    "top1_pool100_gain": 0.0074,
    "top1_pool1000_gain": 0.0032
  },
  "gain_over_floor_seen": {
    "psnr_gain_db": 0.05135822296142578,
    "ssim_gain": 0.00046434998512268066,
    "top1_pool10_gain": 0.011749999999999997,
    "top1_pool100_gain": 0.006024999999999999,
    "top1_pool1000_gain": 0.0028499999999999997
  },
  "kgg_psnr": -0.06354334948842219,
  "kgg_top1_100": -0.22821576763485502,
  "train_seconds": 128.0679841041565
}
