[E2_feedback_cbc__samekey__resunet_cifar] step   1000 loss 0.2103 | SEEN psnr  12.68 top1@100 0.010 | UNSEEN psnr  12.68 top1@100 0.010 | floor 12.68
[E2_feedback_cbc__samekey__resunet_cifar] step   2000 loss 0.2090 | SEEN psnr  12.70 top1@100 0.009 | UNSEEN psnr  12.69 top1@100 0.010 | floor 12.68
[E2_feedback_cbc__samekey__resunet_cifar] step   3000 loss 0.2156 | SEEN psnr  12.69 top1@100 0.010 | UNSEEN psnr  12.69 top1@100 0.010 | floor 12.68
[E2_feedback_cbc__samekey__resunet_cifar] step   4000 loss 0.2076 | SEEN psnr  12.69 top1@100 0.010 | UNSEEN psnr  12.68 top1@100 0.010 | floor 12.68
[E2_feedback_cbc__samekey__resunet_cifar] step   5000 loss 0.2119 | SEEN psnr  12.67 top1@100 0.009 | UNSEEN psnr  12.66 top1@100 0.010 | floor 12.68
{
  "config": {
    "name": "E2_feedback_cbc__samekey__resunet_cifar",
    "cipher": {
      "name": "chaos",
      "map": "logistic",
      "rounds": 2,
      "mode": "permute_diffuse",
      "perm_scope": "full2d",
      "perm_keyed": true,
      "feedback": "cbc",
      "precision": "float64"
    },
    "dataset": "cifar10",
    "eval_dataset": null,
    "model": "resunet",
    "model_kw": {},
    "n_keys": 1,
    "batch_size": 256,
    "steps": 5000,
    "lr": 0.0002,
    "warmup_steps": 200,
    "eval_n": 2000,
    "eval_every": 1000,
    "seed": 0,
    "device": "cuda:0",
    "workers": 6,
    "input_repr": "both",
    "coords": true,
    "prev_ch": true,
    "out_mode": "regress",
    "train_subset": null,
    "loss": "l1",
    "amp": true
  },
  "cipher_tag": "logistic_r2_permute_diffuse_full2d_keyed_cbc_float64",
  "n_params": 27188675,
  "floor": {
    "psnr": 12.681406021118164,
    "ssim": 0.35571393370628357,
    "mse": 0.06180805340409279,
    "mae": 0.20674438774585724,
    "top1_pool10": 0.100375,
    "chance_pool10": 0.1,
    "top1_pool100": 0.010025,
    "chance_pool100": 0.01,
    "top1_pool1000": 0.001075,
    "chance_pool1000": 0.001
  },
  "seen": {
    "psnr": 12.668113708496094,
    "ssim": 0.3550427258014679,
    "mse": 0.06276462972164154,
    "mae": 0.2068006992340088,
    "top1_pool10": 0.09825,
    "chance_pool10": 0.1,
    "top1_pool100": 0.008775,
    "chance_pool100": 0.01,
    "top1_pool1000": 0.000225,
    "chance_pool1000": 0.001
  },
  "unseen": {
    "psnr": 12.6624116897583,
    "ssim": 0.3526116609573364,
    "mse": 0.06269504874944687,
    "mae": 0.20672079920768738,
    "top1_pool10": 0.10085,
    "chance_pool10": 0.1,
    "top1_pool100": 0.010125,
    "chance_pool100": 0.01,
    "top1_pool1000": 0.00155,
    "chance_pool1000": 0.001
  },
  "mismatch_control": {
    "psnr": 12.660160064697266,
    "ssim": 0.35247334837913513,
    "mse": 0.06274041533470154,
    "mae": 0.20686262845993042,
    "top1_pool10": 0.09905,
    "chance_pool10": 0.1,
    "top1_pool100": 0.010375,
    "chance_pool100": 0.01,
    "top1_pool1000": 0.0017,
    "chance_pool1000": 0.001
  },
  "gain_over_floor_unseen": {
    "psnr_gain_db": -0.01899433135986328,
    "ssim_gain": -0.0031022727489471436,
    "top1_pool10_gain": 0.0004749999999999893,
    "top1_pool100_gain": 0.00010000000000000113,
    "top1_pool1000_gain": 0.00047499999999999994
  },
  "gain_over_floor_seen": {
    "psnr_gain_db": -0.013292312622070312,
    "ssim_gain": -0.0006712079048156738,
    "top1_pool10_gain": -0.002125000000000002,
    "top1_pool100_gain": -0.0012499999999999994,
    "top1_pool1000_gain": -0.0008500000000000001
  },
  "kgg_psnr": -0.4289711579853637,
  "kgg_top1_100": 1.080000000000001,
  "train_seconds": 578.0503737926483
}
