[E2_float32__keyagnostic__resunet_cifar] step   1000 loss 0.2080 | SEEN psnr  12.68 top1@100 0.010 | UNSEEN psnr  12.68 top1@100 0.010 | floor 12.68
[E2_float32__keyagnostic__resunet_cifar] step   2000 loss 0.2045 | SEEN psnr  12.69 top1@100 0.010 | UNSEEN psnr  12.69 top1@100 0.010 | floor 12.68
[E2_float32__keyagnostic__resunet_cifar] step   3000 loss 0.2092 | SEEN psnr  12.70 top1@100 0.010 | UNSEEN psnr  12.69 top1@100 0.010 | floor 12.68
[E2_float32__keyagnostic__resunet_cifar] step   4000 loss 0.2116 | SEEN psnr  12.70 top1@100 0.010 | UNSEEN psnr  12.69 top1@100 0.010 | floor 12.68
[E2_float32__keyagnostic__resunet_cifar] step   5000 loss 0.2027 | SEEN psnr  12.70 top1@100 0.010 | UNSEEN psnr  12.69 top1@100 0.010 | floor 12.68
{
  "config": {
    "name": "E2_float32__keyagnostic__resunet_cifar",
    "cipher": {
      "name": "chaos",
      "map": "logistic",
      "rounds": 2,
      "mode": "permute_diffuse",
      "perm_scope": "full2d",
      "perm_keyed": true,
      "feedback": "none",
      "precision": "float32"
    },
    "dataset": "cifar10",
    "eval_dataset": null,
    "model": "resunet",
    "model_kw": {},
    "n_keys": null,
    "batch_size": 256,
    "steps": 5000,
    "lr": 0.0002,
    "warmup_steps": 200,
    "eval_n": 2000,
    "eval_every": 1000,
    "seed": 0,
    "device": "cuda:2",
    "workers": 6,
    "input_repr": "both",
    "coords": true,
    "prev_ch": true,
    "out_mode": "regress",
    "train_subset": null,
    "loss": "l1",
    "amp": true
  },
  "cipher_tag": "logistic_r2_permute_diffuse_full2d_keyed_none_float32",
  "n_params": 27188675,
  "floor": {
    "psnr": 12.681406021118164,
    "ssim": 0.35571393370628357,
    "mse": 0.06180805340409279,
    "mae": 0.20674438774585724,
    "top1_pool10": 0.100375,
    "chance_pool10": 0.1,
    "top1_pool100": 0.010025,
    "chance_pool100": 0.01,
    "top1_pool1000": 0.001075,
    "chance_pool1000": 0.001
  },
  "seen": {
    "psnr": 12.697779655456543,
    "ssim": 0.35617101192474365,
    "mse": 0.06243181973695755,
    "mae": 0.20636984705924988,
    "top1_pool10": 0.099725,
    "chance_pool10": 0.1,
    "top1_pool100": 0.0098,
    "chance_pool100": 0.01,
    "top1_pool1000": 0.00135,
    "chance_pool1000": 0.001
  },
  "unseen": {
    "psnr": 12.687443733215332,
    "ssim": 0.3538016974925995,
    "mse": 0.06231556087732315,
    "mae": 0.2063463181257248,
    "top1_pool10": 0.100775,
    "chance_pool10": 0.1,
    "top1_pool100": 0.0099,
    "chance_pool100": 0.01,
    "top1_pool1000": 0.0013,
    "chance_pool1000": 0.001
  },
  "mismatch_control": {
    "psnr": 12.687506675720215,
    "ssim": 0.3538026213645935,
    "mse": 0.06231529265642166,
    "mae": 0.20634590089321136,
    "top1_pool10": 0.1007,
    "chance_pool10": 0.1,
    "top1_pool100": 0.009775,
    "chance_pool100": 0.01,
    "top1_pool1000": 0.0013,
    "chance_pool1000": 0.001
  },
  "gain_over_floor_unseen": {
    "psnr_gain_db": 0.006037712097167969,
    "ssim_gain": -0.001912236213684082,
    "top1_pool10_gain": 0.0003999999999999976,
    "top1_pool100_gain": -0.00012499999999999838,
    "top1_pool1000_gain": 0.00022499999999999994
  },
  "gain_over_floor_seen": {
    "psnr_gain_db": 0.016373634338378906,
    "ssim_gain": 0.000457078218460083,
    "top1_pool10_gain": -0.0006500000000000117,
    "top1_pool100_gain": -0.0002249999999999995,
    "top1_pool1000_gain": 0.00027500000000000007
  },
  "kgg_psnr": 0.6312540043100938,
  "kgg_top1_100": 0.4444444444444504,
  "train_seconds": 593.6491281986237
}
