[E2_float32__samekey__resunet_cifar] step   1000 loss 0.0629 | SEEN psnr  21.27 top1@100 1.000 | UNSEEN psnr  12.11 top1@100 0.011 | floor 12.68
[E2_float32__samekey__resunet_cifar] step   2000 loss 0.0500 | SEEN psnr  22.92 top1@100 1.000 | UNSEEN psnr  12.04 top1@100 0.009 | floor 12.68
[E2_float32__samekey__resunet_cifar] step   3000 loss 0.0432 | SEEN psnr  23.82 top1@100 1.000 | UNSEEN psnr  11.96 top1@100 0.008 | floor 12.68
[E2_float32__samekey__resunet_cifar] step   4000 loss 0.0404 | SEEN psnr  24.38 top1@100 1.000 | UNSEEN psnr  11.91 top1@100 0.009 | floor 12.68
[E2_float32__samekey__resunet_cifar] step   5000 loss 0.0414 | SEEN psnr  24.54 top1@100 1.000 | UNSEEN psnr  11.89 top1@100 0.010 | floor 12.68
{
  "config": {
    "name": "E2_float32__samekey__resunet_cifar",
    "cipher": {
      "name": "chaos",
      "map": "logistic",
      "rounds": 2,
      "mode": "permute_diffuse",
      "perm_scope": "full2d",
      "perm_keyed": true,
      "feedback": "none",
      "precision": "float32"
    },
    "dataset": "cifar10",
    "eval_dataset": null,
    "model": "resunet",
    "model_kw": {},
    "n_keys": 1,
    "batch_size": 256,
    "steps": 5000,
    "lr": 0.0002,
    "warmup_steps": 200,
    "eval_n": 2000,
    "eval_every": 1000,
    "seed": 0,
    "device": "cuda:0",
    "workers": 6,
    "input_repr": "both",
    "coords": true,
    "prev_ch": true,
    "out_mode": "regress",
    "train_subset": null,
    "loss": "l1",
    "amp": true
  },
  "cipher_tag": "logistic_r2_permute_diffuse_full2d_keyed_none_float32",
  "n_params": 27188675,
  "floor": {
    "psnr": 12.681406021118164,
    "ssim": 0.35571393370628357,
    "mse": 0.06180805340409279,
    "mae": 0.20674438774585724,
    "top1_pool10": 0.100375,
    "chance_pool10": 0.1,
    "top1_pool100": 0.010025,
    "chance_pool100": 0.01,
    "top1_pool1000": 0.001075,
    "chance_pool1000": 0.001
  },
  "seen": {
    "psnr": 24.54300308227539,
    "ssim": 0.856989860534668,
    "mse": 0.003986277151852846,
    "mae": 0.044553689658641815,
    "top1_pool10": 1.0,
    "chance_pool10": 0.1,
    "top1_pool100": 1.0,
    "chance_pool100": 0.01,
    "top1_pool1000": 1.0,
    "chance_pool1000": 0.001
  },
  "unseen": {
    "psnr": 11.892826080322266,
    "ssim": 0.2908157408237457,
    "mse": 0.07149875909090042,
    "mae": 0.22217264771461487,
    "top1_pool10": 0.1112,
    "chance_pool10": 0.1,
    "top1_pool100": 0.0097,
    "chance_pool100": 0.01,
    "top1_pool1000": 0.001025,
    "chance_pool1000": 0.001
  },
  "mismatch_control": {
    "psnr": 11.95139217376709,
    "ssim": 0.2925396263599396,
    "mse": 0.07041322439908981,
    "mae": 0.22033695876598358,
    "top1_pool10": 0.094075,
    "chance_pool10": 0.1,
    "top1_pool100": 0.01045,
    "chance_pool100": 0.01,
    "top1_pool1000": 0.001925,
    "chance_pool1000": 0.001
  },
  "gain_over_floor_unseen": {
    "psnr_gain_db": -0.7885799407958984,
    "ssim_gain": -0.06489819288253784,
    "top1_pool10_gain": 0.010824999999999987,
    "top1_pool100_gain": -0.0003249999999999989,
    "top1_pool1000_gain": -4.9999999999999914e-05
  },
  "gain_over_floor_seen": {
    "psnr_gain_db": 11.861597061157227,
    "ssim_gain": 0.5012759268283844,
    "top1_pool10_gain": 0.899625,
    "top1_pool100_gain": 0.989975,
    "top1_pool1000_gain": 0.998925
  },
  "kgg_psnr": 1.0664817677358334,
  "kgg_top1_100": 1.0003282911184626,
  "train_seconds": 678.0732650756836
}
