[E2_float32__keyagnostic__resunet_shapes] step   1000 loss 0.2477 | SEEN psnr  11.20 top1@100 0.011 | UNSEEN psnr  11.09 top1@100 0.010 | floor 11.09
[E2_float32__keyagnostic__resunet_shapes] step   2000 loss 0.2542 | SEEN psnr  11.20 top1@100 0.010 | UNSEEN psnr  11.09 top1@100 0.010 | floor 11.09
[E2_float32__keyagnostic__resunet_shapes] step   3000 loss 0.2520 | SEEN psnr  11.20 top1@100 0.011 | UNSEEN psnr  11.09 top1@100 0.011 | floor 11.09
[E2_float32__keyagnostic__resunet_shapes] step   4000 loss 0.2568 | SEEN psnr  11.20 top1@100 0.010 | UNSEEN psnr  11.09 top1@100 0.010 | floor 11.09
[E2_float32__keyagnostic__resunet_shapes] step   5000 loss 0.2524 | SEEN psnr  11.20 top1@100 0.011 | UNSEEN psnr  11.09 top1@100 0.010 | floor 11.09
{
  "config": {
    "name": "E2_float32__keyagnostic__resunet_shapes",
    "cipher": {
      "name": "chaos",
      "map": "logistic",
      "rounds": 2,
      "mode": "permute_diffuse",
      "perm_scope": "full2d",
      "perm_keyed": true,
      "feedback": "cbc",
      "precision": "float32"
    },
    "dataset": "shapes",
    "eval_dataset": null,
    "model": "resunet",
    "model_kw": {},
    "n_keys": null,
    "batch_size": 256,
    "steps": 5000,
    "lr": 0.0002,
    "warmup_steps": 200,
    "eval_n": 2000,
    "eval_every": 1000,
    "seed": 0,
    "device": "cuda:2",
    "workers": 6,
    "input_repr": "both",
    "coords": true,
    "loss": "l1",
    "amp": true
  },
  "cipher_tag": "logistic_r2_permute_diffuse_full2d_keyed_cbc_float32",
  "n_params": 27190851,
  "floor": {
    "psnr": 11.090311050415039,
    "ssim": 0.5391724705696106,
    "mse": 0.0847492590546608,
    "mae": 0.25266262888908386,
    "top1_pool10": 0.0982,
    "chance_pool10": 0.1,
    "top1_pool100": 0.010175,
    "chance_pool100": 0.01,
    "top1_pool1000": 0.001375,
    "chance_pool1000": 0.001
  },
  "seen": {
    "psnr": 11.20250415802002,
    "ssim": 0.5487845540046692,
    "mse": 0.08283183723688126,
    "mae": 0.24864257872104645,
    "top1_pool10": 0.101975,
    "chance_pool10": 0.1,
    "top1_pool100": 0.010675,
    "chance_pool100": 0.01,
    "top1_pool1000": 0.001075,
    "chance_pool1000": 0.001
  },
  "unseen": {
    "psnr": 11.089810371398926,
    "ssim": 0.5388491153717041,
    "mse": 0.08475176990032196,
    "mae": 0.25267326831817627,
    "top1_pool10": 0.100825,
    "chance_pool10": 0.1,
    "top1_pool100": 0.01015,
    "chance_pool100": 0.01,
    "top1_pool1000": 0.00175,
    "chance_pool1000": 0.001
  },
  "mismatch_control": {
    "psnr": 11.08985424041748,
    "ssim": 0.5388506054878235,
    "mse": 0.08475107699632645,
    "mae": 0.25267186760902405,
    "top1_pool10": 0.1006,
    "chance_pool10": 0.1,
    "top1_pool100": 0.010075,
    "chance_pool100": 0.01,
    "top1_pool1000": 0.00095,
    "chance_pool1000": 0.001
  },
  "gain_over_floor_unseen": {
    "psnr_gain_db": -0.0005006790161132812,
    "ssim_gain": -0.00032335519790649414,
    "top1_pool10_gain": 0.0026250000000000023,
    "top1_pool100_gain": -2.5000000000000716e-05,
    "top1_pool1000_gain": 0.0003750000000000001
  },
  "gain_over_floor_seen": {
    "psnr_gain_db": 0.11219310760498047,
    "ssim_gain": 0.009612083435058594,
    "top1_pool10_gain": 0.0037750000000000006,
    "top1_pool100_gain": 0.0005000000000000004,
    "top1_pool1000_gain": -0.0002999999999999999
  },
  "kgg_psnr": 1.0044626539615618,
  "kgg_top1_100": 1.0500000000000014,
  "train_seconds": 329.21137619018555
}
