[E2_float32__keyagnostic__linearmixer_shapes] step   1000 loss 0.2495 | SEEN psnr  11.18 top1@100 0.011 | UNSEEN psnr  11.07 top1@100 0.011 | floor 11.09
[E2_float32__keyagnostic__linearmixer_shapes] step   2000 loss 0.2441 | SEEN psnr  11.19 top1@100 0.011 | UNSEEN psnr  11.08 top1@100 0.010 | floor 11.09
[E2_float32__keyagnostic__linearmixer_shapes] step   3000 loss 0.2564 | SEEN psnr  11.20 top1@100 0.010 | UNSEEN psnr  11.09 top1@100 0.009 | floor 11.09
[E2_float32__keyagnostic__linearmixer_shapes] step   4000 loss 0.2477 | SEEN psnr  11.20 top1@100 0.010 | UNSEEN psnr  11.09 top1@100 0.009 | floor 11.09
[E2_float32__keyagnostic__linearmixer_shapes] step   5000 loss 0.2536 | SEEN psnr  11.20 top1@100 0.011 | UNSEEN psnr  11.09 top1@100 0.009 | floor 11.09
{
  "config": {
    "name": "E2_float32__keyagnostic__linearmixer_shapes",
    "cipher": {
      "name": "chaos",
      "map": "logistic",
      "rounds": 2,
      "mode": "permute_diffuse",
      "perm_scope": "full2d",
      "perm_keyed": true,
      "feedback": "cbc",
      "precision": "float32"
    },
    "dataset": "shapes",
    "eval_dataset": null,
    "model": "linearmixer",
    "model_kw": {
      "pos_embed": 0
    },
    "n_keys": null,
    "batch_size": 256,
    "steps": 5000,
    "lr": 0.0005,
    "warmup_steps": 200,
    "eval_n": 2000,
    "eval_every": 1000,
    "seed": 0,
    "device": "cuda:0",
    "workers": 6,
    "input_repr": "pixel",
    "coords": false,
    "loss": "l1",
    "amp": true
  },
  "cipher_tag": "logistic_r2_permute_diffuse_full2d_keyed_cbc_float32",
  "n_params": 9469219,
  "floor": {
    "psnr": 11.090311050415039,
    "ssim": 0.5391724705696106,
    "mse": 0.0847492590546608,
    "mae": 0.25266262888908386,
    "top1_pool10": 0.0982,
    "chance_pool10": 0.1,
    "top1_pool100": 0.010175,
    "chance_pool100": 0.01,
    "top1_pool1000": 0.001375,
    "chance_pool1000": 0.001
  },
  "seen": {
    "psnr": 11.201726913452148,
    "ssim": 0.5473496913909912,
    "mse": 0.08284508436918259,
    "mae": 0.2486572116613388,
    "top1_pool10": 0.1001,
    "chance_pool10": 0.1,
    "top1_pool100": 0.011275,
    "chance_pool100": 0.01,
    "top1_pool1000": 0.001375,
    "chance_pool1000": 0.001
  },
  "unseen": {
    "psnr": 11.088963508605957,
    "ssim": 0.5374367833137512,
    "mse": 0.08476532995700836,
    "mae": 0.25268808007240295,
    "top1_pool10": 0.100175,
    "chance_pool10": 0.1,
    "top1_pool100": 0.00885,
    "chance_pool100": 0.01,
    "top1_pool1000": 0.000475,
    "chance_pool1000": 0.001
  },
  "mismatch_control": {
    "psnr": 11.08912467956543,
    "ssim": 0.537460446357727,
    "mse": 0.08476249128580093,
    "mae": 0.25268763303756714,
    "top1_pool10": 0.10315,
    "chance_pool10": 0.1,
    "top1_pool100": 0.01265,
    "chance_pool100": 0.01,
    "top1_pool1000": 0.00145,
    "chance_pool1000": 0.001
  },
  "gain_over_floor_unseen": {
    "psnr_gain_db": -0.0013475418090820312,
    "ssim_gain": -0.001735687255859375,
    "top1_pool10_gain": 0.0019750000000000045,
    "top1_pool100_gain": -0.0013249999999999998,
    "top1_pool1000_gain": -0.0009
  },
  "gain_over_floor_seen": {
    "psnr_gain_db": 0.11141586303710938,
    "ssim_gain": 0.008177220821380615,
    "top1_pool10_gain": 0.001899999999999999,
    "top1_pool100_gain": 0.0011000000000000003,
    "top1_pool1000_gain": 0.0
  },
  "kgg_psnr": 1.0120947033245455,
  "kgg_top1_100": 2.204545454545454,
  "train_seconds": 62.977821350097656
}
