[E2_float32__keyagnostic__resunet_shapesB] step   1000 loss 0.2485 | SEEN psnr  11.20 top1@100 0.010 | UNSEEN psnr  11.09 top1@100 0.011 | floor 11.09
[E2_float32__keyagnostic__resunet_shapesB] step   2000 loss 0.2483 | SEEN psnr  11.20 top1@100 0.011 | UNSEEN psnr  11.09 top1@100 0.010 | floor 11.09
[E2_float32__keyagnostic__resunet_shapesB] step   3000 loss 0.2471 | SEEN psnr  11.20 top1@100 0.011 | UNSEEN psnr  11.08 top1@100 0.010 | floor 11.09
[E2_float32__keyagnostic__resunet_shapesB] step   4000 loss 0.2423 | SEEN psnr  11.20 top1@100 0.010 | UNSEEN psnr  11.09 top1@100 0.011 | floor 11.09
[E2_float32__keyagnostic__resunet_shapesB] step   5000 loss 0.2476 | SEEN psnr  11.20 top1@100 0.010 | UNSEEN psnr  11.09 top1@100 0.010 | floor 11.09
{
  "config": {
    "name": "E2_float32__keyagnostic__resunet_shapesB",
    "cipher": {
      "name": "chaos",
      "map": "logistic",
      "rounds": 2,
      "mode": "permute_diffuse",
      "perm_scope": "full2d",
      "perm_keyed": true,
      "feedback": "none",
      "precision": "float32"
    },
    "dataset": "shapes",
    "eval_dataset": null,
    "model": "resunet",
    "model_kw": {},
    "n_keys": null,
    "batch_size": 256,
    "steps": 5000,
    "lr": 0.0002,
    "warmup_steps": 200,
    "eval_n": 2000,
    "eval_every": 1000,
    "seed": 0,
    "device": "cuda:0",
    "workers": 6,
    "input_repr": "both",
    "coords": true,
    "prev_ch": true,
    "out_mode": "regress",
    "train_subset": null,
    "loss": "l1",
    "amp": true
  },
  "cipher_tag": "logistic_r2_permute_diffuse_full2d_keyed_none_float32",
  "n_params": 27188675,
  "floor": {
    "psnr": 11.090311050415039,
    "ssim": 0.5391724705696106,
    "mse": 0.0847492590546608,
    "mae": 0.25266262888908386,
    "top1_pool10": 0.0982,
    "chance_pool10": 0.1,
    "top1_pool100": 0.010175,
    "chance_pool100": 0.01,
    "top1_pool1000": 0.001375,
    "chance_pool1000": 0.001
  },
  "seen": {
    "psnr": 11.202485084533691,
    "ssim": 0.5487251877784729,
    "mse": 0.08283154666423798,
    "mae": 0.24864201247692108,
    "top1_pool10": 0.100775,
    "chance_pool10": 0.1,
    "top1_pool100": 0.0104,
    "chance_pool100": 0.01,
    "top1_pool1000": 0.001475,
    "chance_pool1000": 0.001
  },
  "unseen": {
    "psnr": 11.089813232421875,
    "ssim": 0.5387920141220093,
    "mse": 0.08474967628717422,
    "mae": 0.25267231464385986,
    "top1_pool10": 0.100075,
    "chance_pool10": 0.1,
    "top1_pool100": 0.010375,
    "chance_pool100": 0.01,
    "top1_pool1000": 0.001475,
    "chance_pool1000": 0.001
  },
  "mismatch_control": {
    "psnr": 11.08973503112793,
    "ssim": 0.5387879610061646,
    "mse": 0.08475125581026077,
    "mae": 0.25267481803894043,
    "top1_pool10": 0.100575,
    "chance_pool10": 0.1,
    "top1_pool100": 0.01035,
    "chance_pool100": 0.01,
    "top1_pool1000": 0.001175,
    "chance_pool1000": 0.001
  },
  "gain_over_floor_unseen": {
    "psnr_gain_db": -0.0004978179931640625,
    "ssim_gain": -0.00038045644760131836,
    "top1_pool10_gain": 0.0018750000000000017,
    "top1_pool100_gain": 0.00020000000000000052,
    "top1_pool1000_gain": 0.00010000000000000005
  },
  "gain_over_floor_seen": {
    "psnr_gain_db": 0.11217403411865234,
    "ssim_gain": 0.009552717208862305,
    "top1_pool10_gain": 0.002575000000000008,
    "top1_pool100_gain": 0.0002249999999999995,
    "top1_pool1000_gain": 0.00010000000000000005
  },
  "kgg_psnr": 1.0044379075520944,
  "kgg_top1_100": 0.11111111111110683,
  "train_seconds": 329.35489773750305
}
