[E2_float32__samekey__linearmixer_cifar] step   1000 loss 0.0544 | SEEN psnr  23.12 top1@100 1.000 | UNSEEN psnr  12.03 top1@100 0.009 | floor 12.68
[E2_float32__samekey__linearmixer_cifar] step   2000 loss 0.0444 | SEEN psnr  24.43 top1@100 1.000 | UNSEEN psnr  11.91 top1@100 0.010 | floor 12.68
[E2_float32__samekey__linearmixer_cifar] step   3000 loss 0.0402 | SEEN psnr  25.12 top1@100 1.000 | UNSEEN psnr  11.63 top1@100 0.010 | floor 12.68
[E2_float32__samekey__linearmixer_cifar] step   4000 loss 0.0376 | SEEN psnr  25.53 top1@100 1.000 | UNSEEN psnr  11.46 top1@100 0.009 | floor 12.68
[E2_float32__samekey__linearmixer_cifar] step   5000 loss 0.0372 | SEEN psnr  25.64 top1@100 1.000 | UNSEEN psnr  11.41 top1@100 0.010 | floor 12.68
{
  "config": {
    "name": "E2_float32__samekey__linearmixer_cifar",
    "cipher": {
      "name": "chaos",
      "map": "logistic",
      "rounds": 2,
      "mode": "permute_diffuse",
      "perm_scope": "full2d",
      "perm_keyed": true,
      "feedback": "none",
      "precision": "float32"
    },
    "dataset": "cifar10",
    "eval_dataset": null,
    "model": "linearmixer",
    "model_kw": {
      "pos_embed": 0
    },
    "n_keys": 1,
    "batch_size": 256,
    "steps": 5000,
    "lr": 0.0005,
    "warmup_steps": 200,
    "eval_n": 2000,
    "eval_every": 1000,
    "seed": 0,
    "device": "cuda:2",
    "workers": 6,
    "input_repr": "pixel",
    "coords": false,
    "prev_ch": true,
    "out_mode": "regress",
    "train_subset": null,
    "loss": "l1",
    "amp": true
  },
  "cipher_tag": "logistic_r2_permute_diffuse_full2d_keyed_none_float32",
  "n_params": 18906403,
  "floor": {
    "psnr": 12.681406021118164,
    "ssim": 0.35571393370628357,
    "mse": 0.06180805340409279,
    "mae": 0.20674438774585724,
    "top1_pool10": 0.100375,
    "chance_pool10": 0.1,
    "top1_pool100": 0.010025,
    "chance_pool100": 0.01,
    "top1_pool1000": 0.001075,
    "chance_pool1000": 0.001
  },
  "seen": {
    "psnr": 25.6440486907959,
    "ssim": 0.8916929960250854,
    "mse": 0.0029897368513047695,
    "mae": 0.03976573795080185,
    "top1_pool10": 1.0,
    "chance_pool10": 0.1,
    "top1_pool100": 1.0,
    "chance_pool100": 0.01,
    "top1_pool1000": 1.0,
    "chance_pool1000": 0.001
  },
  "unseen": {
    "psnr": 11.408792495727539,
    "ssim": 0.2539508044719696,
    "mse": 0.07843824476003647,
    "mae": 0.23085299134254456,
    "top1_pool10": 0.090025,
    "chance_pool10": 0.1,
    "top1_pool100": 0.0096,
    "chance_pool100": 0.01,
    "top1_pool1000": 0.000725,
    "chance_pool1000": 0.001
  },
  "mismatch_control": {
    "psnr": 11.424625396728516,
    "ssim": 0.2548474669456482,
    "mse": 0.07795780897140503,
    "mae": 0.23011568188667297,
    "top1_pool10": 0.0941,
    "chance_pool10": 0.1,
    "top1_pool100": 0.008725,
    "chance_pool100": 0.01,
    "top1_pool1000": 0.00075,
    "chance_pool1000": 0.001
  },
  "gain_over_floor_unseen": {
    "psnr_gain_db": -1.272613525390625,
    "ssim_gain": -0.10176312923431396,
    "top1_pool10_gain": -0.010350000000000012,
    "top1_pool100_gain": -0.00042500000000000003,
    "top1_pool1000_gain": -0.00035000000000000005
  },
  "gain_over_floor_seen": {
    "psnr_gain_db": 12.962642669677734,
    "ssim_gain": 0.5359790623188019,
    "top1_pool10_gain": 0.899625,
    "top1_pool100_gain": 0.989975,
    "top1_pool1000_gain": 0.998925
  },
  "kgg_psnr": 1.098175469140064,
  "kgg_top1_100": 1.0004293037702972,
  "train_seconds": 104.28954100608826
}
