[E2_fixedperm_keyed_diff__samekey__linearmixer_cifar] step   1000 loss 0.0524 | SEEN psnr  22.97 top1@100 1.000 | UNSEEN psnr  11.67 top1@100 0.001 | floor 12.68
[E2_fixedperm_keyed_diff__samekey__linearmixer_cifar] step   2000 loss 0.0455 | SEEN psnr  24.35 top1@100 1.000 | UNSEEN psnr  11.45 top1@100 0.000 | floor 12.68
[E2_fixedperm_keyed_diff__samekey__linearmixer_cifar] step   3000 loss 0.0397 | SEEN psnr  25.06 top1@100 1.000 | UNSEEN psnr  11.21 top1@100 0.000 | floor 12.68
[E2_fixedperm_keyed_diff__samekey__linearmixer_cifar] step   4000 loss 0.0379 | SEEN psnr  25.49 top1@100 1.000 | UNSEEN psnr  11.04 top1@100 0.000 | floor 12.68
[E2_fixedperm_keyed_diff__samekey__linearmixer_cifar] step   5000 loss 0.0367 | SEEN psnr  25.60 top1@100 1.000 | UNSEEN psnr  11.01 top1@100 0.000 | floor 12.68
{
  "config": {
    "name": "E2_fixedperm_keyed_diff__samekey__linearmixer_cifar",
    "cipher": {
      "name": "chaos",
      "map": "logistic",
      "rounds": 2,
      "mode": "permute_diffuse",
      "perm_scope": "full2d",
      "perm_keyed": false,
      "feedback": "none",
      "precision": "float64"
    },
    "dataset": "cifar10",
    "eval_dataset": null,
    "model": "linearmixer",
    "model_kw": {
      "pos_embed": 0
    },
    "n_keys": 1,
    "batch_size": 256,
    "steps": 5000,
    "lr": 0.0005,
    "warmup_steps": 200,
    "eval_n": 2000,
    "eval_every": 1000,
    "seed": 0,
    "device": "cuda:2",
    "workers": 6,
    "input_repr": "pixel",
    "coords": false,
    "prev_ch": true,
    "out_mode": "regress",
    "train_subset": null,
    "loss": "l1",
    "amp": true
  },
  "cipher_tag": "logistic_r2_permute_diffuse_full2d_fixedperm_none_float64",
  "n_params": 18906403,
  "floor": {
    "psnr": 12.681406021118164,
    "ssim": 0.35571393370628357,
    "mse": 0.06180805340409279,
    "mae": 0.20674438774585724,
    "top1_pool10": 0.100375,
    "chance_pool10": 0.1,
    "top1_pool100": 0.010025,
    "chance_pool100": 0.01,
    "top1_pool1000": 0.001075,
    "chance_pool1000": 0.001
  },
  "seen": {
    "psnr": 25.60354232788086,
    "ssim": 0.8909505605697632,
    "mse": 0.0030230707488954067,
    "mae": 0.03982730209827423,
    "top1_pool10": 1.0,
    "chance_pool10": 0.1,
    "top1_pool100": 1.0,
    "chance_pool100": 0.01,
    "top1_pool1000": 1.0,
    "chance_pool1000": 0.001
  },
  "unseen": {
    "psnr": 11.007831573486328,
    "ssim": 0.23493564128875732,
    "mse": 0.08538168668746948,
    "mae": 0.24163512885570526,
    "top1_pool10": 0.009575,
    "chance_pool10": 0.1,
    "top1_pool100": 7.5e-05,
    "chance_pool100": 0.01,
    "top1_pool1000": 0.0,
    "chance_pool1000": 0.001
  },
  "mismatch_control": {
    "psnr": 11.312469482421875,
    "ssim": 0.24926231801509857,
    "mse": 0.079704150557518,
    "mae": 0.2325948029756546,
    "top1_pool10": 0.103675,
    "chance_pool10": 0.1,
    "top1_pool100": 0.009775,
    "chance_pool100": 0.01,
    "top1_pool1000": 0.0009,
    "chance_pool1000": 0.001
  },
  "gain_over_floor_unseen": {
    "psnr_gain_db": -1.673574447631836,
    "ssim_gain": -0.12077829241752625,
    "top1_pool10_gain": -0.0908,
    "top1_pool100_gain": -0.009949999999999999,
    "top1_pool1000_gain": -0.001075
  },
  "gain_over_floor_seen": {
    "psnr_gain_db": 12.922136306762695,
    "ssim_gain": 0.5352366268634796,
    "top1_pool10_gain": 0.899625,
    "top1_pool100_gain": 0.989975,
    "top1_pool1000_gain": 0.998925
  },
  "kgg_psnr": 1.1295122112863014,
  "kgg_top1_100": 1.010050758857547,
  "train_seconds": 99.43823599815369
}
