[E2_fixedperm_keyed_diff__keyagnostic__resunet_cifar] step   1000 loss 0.2102 | SEEN psnr  12.68 top1@100 0.010 | UNSEEN psnr  12.67 top1@100 0.010 | floor 12.68
[E2_fixedperm_keyed_diff__keyagnostic__resunet_cifar] step   2000 loss 0.2058 | SEEN psnr  12.69 top1@100 0.010 | UNSEEN psnr  12.68 top1@100 0.010 | floor 12.68
[E2_fixedperm_keyed_diff__keyagnostic__resunet_cifar] step   3000 loss 0.2079 | SEEN psnr  12.69 top1@100 0.010 | UNSEEN psnr  12.68 top1@100 0.010 | floor 12.68
[E2_fixedperm_keyed_diff__keyagnostic__resunet_cifar] step   4000 loss 0.2080 | SEEN psnr  12.70 top1@100 0.010 | UNSEEN psnr  12.69 top1@100 0.010 | floor 12.68
[E2_fixedperm_keyed_diff__keyagnostic__resunet_cifar] step   5000 loss 0.2082 | SEEN psnr  12.70 top1@100 0.010 | UNSEEN psnr  12.69 top1@100 0.010 | floor 12.68
{
  "config": {
    "name": "E2_fixedperm_keyed_diff__keyagnostic__resunet_cifar",
    "cipher": {
      "name": "chaos",
      "map": "logistic",
      "rounds": 2,
      "mode": "permute_diffuse",
      "perm_scope": "full2d",
      "perm_keyed": false,
      "feedback": "none",
      "precision": "float64"
    },
    "dataset": "cifar10",
    "eval_dataset": null,
    "model": "resunet",
    "model_kw": {},
    "n_keys": null,
    "batch_size": 256,
    "steps": 5000,
    "lr": 0.0002,
    "warmup_steps": 200,
    "eval_n": 2000,
    "eval_every": 1000,
    "seed": 0,
    "device": "cuda:2",
    "workers": 6,
    "input_repr": "both",
    "coords": true,
    "prev_ch": true,
    "out_mode": "regress",
    "train_subset": null,
    "loss": "l1",
    "amp": true
  },
  "cipher_tag": "logistic_r2_permute_diffuse_full2d_fixedperm_none_float64",
  "n_params": 27188675,
  "floor": {
    "psnr": 12.681406021118164,
    "ssim": 0.35571393370628357,
    "mse": 0.06180805340409279,
    "mae": 0.20674438774585724,
    "top1_pool10": 0.100375,
    "chance_pool10": 0.1,
    "top1_pool100": 0.010025,
    "chance_pool100": 0.01,
    "top1_pool1000": 0.001075,
    "chance_pool1000": 0.001
  },
  "seen": {
    "psnr": 12.697785377502441,
    "ssim": 0.3561842739582062,
    "mse": 0.0624312199652195,
    "mae": 0.2063690572977066,
    "top1_pool10": 0.0998,
    "chance_pool10": 0.1,
    "top1_pool100": 0.009875,
    "chance_pool100": 0.01,
    "top1_pool1000": 0.0013,
    "chance_pool1000": 0.001
  },
  "unseen": {
    "psnr": 12.687311172485352,
    "ssim": 0.3538016080856323,
    "mse": 0.062317632138729095,
    "mae": 0.20634928345680237,
    "top1_pool10": 0.10065,
    "chance_pool10": 0.1,
    "top1_pool100": 0.0099,
    "chance_pool100": 0.01,
    "top1_pool1000": 0.00125,
    "chance_pool1000": 0.001
  },
  "mismatch_control": {
    "psnr": 12.687554359436035,
    "ssim": 0.3538239598274231,
    "mse": 0.06231505796313286,
    "mae": 0.2063443660736084,
    "top1_pool10": 0.101125,
    "chance_pool10": 0.1,
    "top1_pool100": 0.009875,
    "chance_pool100": 0.01,
    "top1_pool1000": 0.0013,
    "chance_pool1000": 0.001
  },
  "gain_over_floor_unseen": {
    "psnr_gain_db": 0.0059051513671875,
    "ssim_gain": -0.0019123256206512451,
    "top1_pool10_gain": 0.00027499999999999747,
    "top1_pool100_gain": -0.00012499999999999838,
    "top1_pool1000_gain": 0.00017500000000000003
  },
  "gain_over_floor_seen": {
    "psnr_gain_db": 0.016379356384277344,
    "ssim_gain": 0.0004703402519226074,
    "top1_pool10_gain": -0.0005750000000000061,
    "top1_pool100_gain": -0.0001499999999999991,
    "top1_pool1000_gain": 0.00022499999999999994
  },
  "kgg_psnr": 0.6394759825327511,
  "kgg_top1_100": 0.16666666666667246,
  "train_seconds": 667.2547943592072
}
