[E2_fixedperm_keyed_diff__samekey__resunet_shapes] step   1000 loss 0.2534 | SEEN psnr  11.20 top1@100 0.010 | UNSEEN psnr  11.09 top1@100 0.010 | floor 11.09
[E2_fixedperm_keyed_diff__samekey__resunet_shapes] step   2000 loss 0.2493 | SEEN psnr  11.20 top1@100 0.011 | UNSEEN psnr  11.09 top1@100 0.010 | floor 11.09
[E2_fixedperm_keyed_diff__samekey__resunet_shapes] step   3000 loss 0.2467 | SEEN psnr  11.20 top1@100 0.010 | UNSEEN psnr  11.09 top1@100 0.010 | floor 11.09
[E2_fixedperm_keyed_diff__samekey__resunet_shapes] step   4000 loss 0.2498 | SEEN psnr  11.20 top1@100 0.009 | UNSEEN psnr  11.09 top1@100 0.010 | floor 11.09
[E2_fixedperm_keyed_diff__samekey__resunet_shapes] step   5000 loss 0.2492 | SEEN psnr  11.20 top1@100 0.011 | UNSEEN psnr  11.09 top1@100 0.011 | floor 11.09
{
  "config": {
    "name": "E2_fixedperm_keyed_diff__samekey__resunet_shapes",
    "cipher": {
      "name": "chaos",
      "map": "logistic",
      "rounds": 2,
      "mode": "permute_diffuse",
      "perm_scope": "full2d",
      "perm_keyed": false,
      "feedback": "cbc",
      "precision": "float64"
    },
    "dataset": "shapes",
    "eval_dataset": null,
    "model": "resunet",
    "model_kw": {},
    "n_keys": 1,
    "batch_size": 256,
    "steps": 5000,
    "lr": 0.0002,
    "warmup_steps": 200,
    "eval_n": 2000,
    "eval_every": 1000,
    "seed": 0,
    "device": "cuda:0",
    "workers": 6,
    "input_repr": "both",
    "coords": true,
    "loss": "l1",
    "amp": true
  },
  "cipher_tag": "logistic_r2_permute_diffuse_full2d_fixedperm_cbc_float64",
  "n_params": 27190851,
  "floor": {
    "psnr": 11.090311050415039,
    "ssim": 0.5391724705696106,
    "mse": 0.0847492590546608,
    "mae": 0.25266262888908386,
    "top1_pool10": 0.0982,
    "chance_pool10": 0.1,
    "top1_pool100": 0.010175,
    "chance_pool100": 0.01,
    "top1_pool1000": 0.001375,
    "chance_pool1000": 0.001
  },
  "seen": {
    "psnr": 11.202408790588379,
    "ssim": 0.5487383008003235,
    "mse": 0.08283313363790512,
    "mae": 0.2486449033021927,
    "top1_pool10": 0.10015,
    "chance_pool10": 0.1,
    "top1_pool100": 0.01085,
    "chance_pool100": 0.01,
    "top1_pool1000": 0.001125,
    "chance_pool1000": 0.001
  },
  "unseen": {
    "psnr": 11.089757919311523,
    "ssim": 0.5388155579566956,
    "mse": 0.08475149422883987,
    "mae": 0.25267380475997925,
    "top1_pool10": 0.09945,
    "chance_pool10": 0.1,
    "top1_pool100": 0.010625,
    "chance_pool100": 0.01,
    "top1_pool1000": 0.001675,
    "chance_pool1000": 0.001
  },
  "mismatch_control": {
    "psnr": 11.089774131774902,
    "ssim": 0.5388140678405762,
    "mse": 0.08475106954574585,
    "mae": 0.25267332792282104,
    "top1_pool10": 0.10015,
    "chance_pool10": 0.1,
    "top1_pool100": 0.010075,
    "chance_pool100": 0.01,
    "top1_pool1000": 0.000825,
    "chance_pool1000": 0.001
  },
  "gain_over_floor_unseen": {
    "psnr_gain_db": -0.000553131103515625,
    "ssim_gain": -0.00035691261291503906,
    "top1_pool10_gain": 0.0012500000000000011,
    "top1_pool100_gain": 0.00045000000000000075,
    "top1_pool1000_gain": 0.00030000000000000014
  },
  "gain_over_floor_seen": {
    "psnr_gain_db": 0.11209774017333984,
    "ssim_gain": 0.00956583023071289,
    "top1_pool10_gain": 0.0019500000000000073,
    "top1_pool100_gain": 0.0006750000000000003,
    "top1_pool1000_gain": -0.00025
  },
  "kgg_psnr": 1.004934364445352,
  "kgg_top1_100": 0.3333333333333325,
  "train_seconds": 332.55614280700684
}
