[E2_float32__samekey__linearmixer_shapesB] step   1000 loss 0.0485 | SEEN psnr  22.53 top1@100 1.000 | UNSEEN psnr  10.92 top1@100 0.020 | floor 11.09
[E2_float32__samekey__linearmixer_shapesB] step   2000 loss 0.0366 | SEEN psnr  24.13 top1@100 1.000 | UNSEEN psnr  10.82 top1@100 0.018 | floor 11.09
[E2_float32__samekey__linearmixer_shapesB] step   3000 loss 0.0300 | SEEN psnr  25.38 top1@100 1.000 | UNSEEN psnr  10.71 top1@100 0.016 | floor 11.09
[E2_float32__samekey__linearmixer_shapesB] step   4000 loss 0.0267 | SEEN psnr  26.01 top1@100 1.000 | UNSEEN psnr  10.63 top1@100 0.014 | floor 11.09
[E2_float32__samekey__linearmixer_shapesB] step   5000 loss 0.0260 | SEEN psnr  26.15 top1@100 1.000 | UNSEEN psnr  10.61 top1@100 0.015 | floor 11.09
{
  "config": {
    "name": "E2_float32__samekey__linearmixer_shapesB",
    "cipher": {
      "name": "chaos",
      "map": "logistic",
      "rounds": 2,
      "mode": "permute_diffuse",
      "perm_scope": "full2d",
      "perm_keyed": true,
      "feedback": "none",
      "precision": "float32"
    },
    "dataset": "shapes",
    "eval_dataset": null,
    "model": "linearmixer",
    "model_kw": {
      "pos_embed": 0
    },
    "n_keys": 1,
    "batch_size": 256,
    "steps": 5000,
    "lr": 0.0005,
    "warmup_steps": 200,
    "eval_n": 2000,
    "eval_every": 1000,
    "seed": 0,
    "device": "cuda:0",
    "workers": 6,
    "input_repr": "pixel",
    "coords": false,
    "prev_ch": true,
    "out_mode": "regress",
    "train_subset": null,
    "loss": "l1",
    "amp": true
  },
  "cipher_tag": "logistic_r2_permute_diffuse_full2d_keyed_none_float32",
  "n_params": 18906403,
  "floor": {
    "psnr": 11.090311050415039,
    "ssim": 0.5391724705696106,
    "mse": 0.0847492590546608,
    "mae": 0.25266262888908386,
    "top1_pool10": 0.0982,
    "chance_pool10": 0.1,
    "top1_pool100": 0.010175,
    "chance_pool100": 0.01,
    "top1_pool1000": 0.001375,
    "chance_pool1000": 0.001
  },
  "seen": {
    "psnr": 26.14807891845703,
    "ssim": 0.9054858684539795,
    "mse": 0.0027438083197921515,
    "mae": 0.026957588270306587,
    "top1_pool10": 1.0,
    "chance_pool10": 0.1,
    "top1_pool100": 1.0,
    "chance_pool100": 0.01,
    "top1_pool1000": 1.0,
    "chance_pool1000": 0.001
  },
  "unseen": {
    "psnr": 10.613554954528809,
    "ssim": 0.33555206656455994,
    "mse": 0.09344532340765,
    "mae": 0.2592260241508484,
    "top1_pool10": 0.1206,
    "chance_pool10": 0.1,
    "top1_pool100": 0.01495,
    "chance_pool100": 0.01,
    "top1_pool1000": 0.002075,
    "chance_pool1000": 0.001
  },
  "mismatch_control": {
    "psnr": 10.536344528198242,
    "ssim": 0.33292803168296814,
    "mse": 0.09470756351947784,
    "mae": 0.26242542266845703,
    "top1_pool10": 0.09755,
    "chance_pool10": 0.1,
    "top1_pool100": 0.007575,
    "chance_pool100": 0.01,
    "top1_pool1000": 0.00095,
    "chance_pool1000": 0.001
  },
  "gain_over_floor_unseen": {
    "psnr_gain_db": -0.47675609588623047,
    "ssim_gain": -0.20362040400505066,
    "top1_pool10_gain": 0.022400000000000003,
    "top1_pool100_gain": 0.004775,
    "top1_pool1000_gain": 0.0007000000000000001
  },
  "gain_over_floor_seen": {
    "psnr_gain_db": 15.057767868041992,
    "ssim_gain": 0.3663133978843689,
    "top1_pool10_gain": 0.9018,
    "top1_pool100_gain": 0.989825,
    "top1_pool1000_gain": 0.998625
  },
  "kgg_psnr": 1.031661804064471,
  "kgg_top1_100": 0.9951759149344581,
  "train_seconds": 75.36669850349426
}
