[E2_feedback_cbc__samekey__linearmixer_cifar] step   1000 loss 0.1953 | SEEN psnr  12.58 top1@100 0.009 | UNSEEN psnr  12.57 top1@100 0.009 | floor 12.68
[E2_feedback_cbc__samekey__linearmixer_cifar] step   2000 loss 0.1959 | SEEN psnr  12.39 top1@100 0.010 | UNSEEN psnr  12.36 top1@100 0.009 | floor 12.68
[E2_feedback_cbc__samekey__linearmixer_cifar] step   3000 loss 0.2008 | SEEN psnr  12.30 top1@100 0.010 | UNSEEN psnr  12.28 top1@100 0.009 | floor 12.68
[E2_feedback_cbc__samekey__linearmixer_cifar] step   4000 loss 0.1615 | SEEN psnr  11.59 top1@100 0.010 | UNSEEN psnr  11.55 top1@100 0.008 | floor 12.68
[E2_feedback_cbc__samekey__linearmixer_cifar] step   5000 loss 0.1457 | SEEN psnr  11.42 top1@100 0.009 | UNSEEN psnr  11.38 top1@100 0.009 | floor 12.68
{
  "config": {
    "name": "E2_feedback_cbc__samekey__linearmixer_cifar",
    "cipher": {
      "name": "chaos",
      "map": "logistic",
      "rounds": 2,
      "mode": "permute_diffuse",
      "perm_scope": "full2d",
      "perm_keyed": true,
      "feedback": "cbc",
      "precision": "float64"
    },
    "dataset": "cifar10",
    "eval_dataset": null,
    "model": "linearmixer",
    "model_kw": {
      "pos_embed": 0
    },
    "n_keys": 1,
    "batch_size": 256,
    "steps": 5000,
    "lr": 0.0005,
    "warmup_steps": 200,
    "eval_n": 2000,
    "eval_every": 1000,
    "seed": 0,
    "device": "cuda:2",
    "workers": 6,
    "input_repr": "pixel",
    "coords": false,
    "prev_ch": true,
    "out_mode": "regress",
    "train_subset": null,
    "loss": "l1",
    "amp": true
  },
  "cipher_tag": "logistic_r2_permute_diffuse_full2d_keyed_cbc_float64",
  "n_params": 18906403,
  "floor": {
    "psnr": 12.681406021118164,
    "ssim": 0.35571393370628357,
    "mse": 0.06180805340409279,
    "mae": 0.20674438774585724,
    "top1_pool10": 0.100375,
    "chance_pool10": 0.1,
    "top1_pool100": 0.010025,
    "chance_pool100": 0.01,
    "top1_pool1000": 0.001075,
    "chance_pool1000": 0.001
  },
  "seen": {
    "psnr": 11.417769432067871,
    "ssim": 0.2675650715827942,
    "mse": 0.08012601733207703,
    "mae": 0.2305530160665512,
    "top1_pool10": 0.094975,
    "chance_pool10": 0.1,
    "top1_pool100": 0.00885,
    "chance_pool100": 0.01,
    "top1_pool1000": 0.00175,
    "chance_pool1000": 0.001
  },
  "unseen": {
    "psnr": 11.381237983703613,
    "ssim": 0.2653360366821289,
    "mse": 0.08037907630205154,
    "mae": 0.23127834498882294,
    "top1_pool10": 0.0934,
    "chance_pool10": 0.1,
    "top1_pool100": 0.008775,
    "chance_pool100": 0.01,
    "top1_pool1000": 0.00085,
    "chance_pool1000": 0.001
  },
  "mismatch_control": {
    "psnr": 11.411252975463867,
    "ssim": 0.26761579513549805,
    "mse": 0.08011242002248764,
    "mae": 0.2306583821773529,
    "top1_pool10": 0.103625,
    "chance_pool10": 0.1,
    "top1_pool100": 0.00965,
    "chance_pool100": 0.01,
    "top1_pool1000": 0.000625,
    "chance_pool1000": 0.001
  },
  "gain_over_floor_unseen": {
    "psnr_gain_db": -1.3001680374145508,
    "ssim_gain": -0.09037789702415466,
    "top1_pool10_gain": -0.006975000000000009,
    "top1_pool100_gain": -0.0012499999999999994,
    "top1_pool1000_gain": -0.00022500000000000005
  },
  "gain_over_floor_seen": {
    "psnr_gain_db": -1.263636589050293,
    "ssim_gain": -0.08814886212348938,
    "top1_pool10_gain": -0.005400000000000002,
    "top1_pool100_gain": -0.001174999999999999,
    "top1_pool1000_gain": 0.000675
  },
  "kgg_psnr": -0.028909774123993693,
  "kgg_top1_100": -0.06382978723404296,
  "train_seconds": 129.69363021850586
}
