[E2_feedback_cbc__keyagnostic__resunet_cifar] step   1000 loss 0.2103 | SEEN psnr  12.68 top1@100 0.010 | UNSEEN psnr  12.67 top1@100 0.010 | floor 12.68
[E2_feedback_cbc__keyagnostic__resunet_cifar] step   2000 loss 0.2028 | SEEN psnr  12.70 top1@100 0.010 | UNSEEN psnr  12.68 top1@100 0.010 | floor 12.68
[E2_feedback_cbc__keyagnostic__resunet_cifar] step   3000 loss 0.2037 | SEEN psnr  12.69 top1@100 0.010 | UNSEEN psnr  12.68 top1@100 0.010 | floor 12.68
[E2_feedback_cbc__keyagnostic__resunet_cifar] step   4000 loss 0.2003 | SEEN psnr  12.70 top1@100 0.010 | UNSEEN psnr  12.69 top1@100 0.010 | floor 12.68
[E2_feedback_cbc__keyagnostic__resunet_cifar] step   5000 loss 0.2042 | SEEN psnr  12.70 top1@100 0.010 | UNSEEN psnr  12.69 top1@100 0.010 | floor 12.68
{
  "config": {
    "name": "E2_feedback_cbc__keyagnostic__resunet_cifar",
    "cipher": {
      "name": "chaos",
      "map": "logistic",
      "rounds": 2,
      "mode": "permute_diffuse",
      "perm_scope": "full2d",
      "perm_keyed": true,
      "feedback": "cbc",
      "precision": "float64"
    },
    "dataset": "cifar10",
    "eval_dataset": null,
    "model": "resunet",
    "model_kw": {},
    "n_keys": null,
    "batch_size": 256,
    "steps": 5000,
    "lr": 0.0002,
    "warmup_steps": 200,
    "eval_n": 2000,
    "eval_every": 1000,
    "seed": 0,
    "device": "cuda:2",
    "workers": 6,
    "input_repr": "both",
    "coords": true,
    "prev_ch": true,
    "out_mode": "regress",
    "train_subset": null,
    "loss": "l1",
    "amp": true
  },
  "cipher_tag": "logistic_r2_permute_diffuse_full2d_keyed_cbc_float64",
  "n_params": 27188675,
  "floor": {
    "psnr": 12.681406021118164,
    "ssim": 0.35571393370628357,
    "mse": 0.06180805340409279,
    "mae": 0.20674438774585724,
    "top1_pool10": 0.100375,
    "chance_pool10": 0.1,
    "top1_pool100": 0.010025,
    "chance_pool100": 0.01,
    "top1_pool1000": 0.001075,
    "chance_pool1000": 0.001
  },
  "seen": {
    "psnr": 12.697809219360352,
    "ssim": 0.35618123412132263,
    "mse": 0.06243012100458145,
    "mae": 0.20637071132659912,
    "top1_pool10": 0.0997,
    "chance_pool10": 0.1,
    "top1_pool100": 0.00985,
    "chance_pool100": 0.01,
    "top1_pool1000": 0.0013,
    "chance_pool1000": 0.001
  },
  "unseen": {
    "psnr": 12.687625885009766,
    "ssim": 0.35382089018821716,
    "mse": 0.0623132586479187,
    "mae": 0.20634622871875763,
    "top1_pool10": 0.10085,
    "chance_pool10": 0.1,
    "top1_pool100": 0.009825,
    "chance_pool100": 0.01,
    "top1_pool1000": 0.0013,
    "chance_pool1000": 0.001
  },
  "mismatch_control": {
    "psnr": 12.687623023986816,
    "ssim": 0.35383477807044983,
    "mse": 0.062313511967659,
    "mae": 0.2063458263874054,
    "top1_pool10": 0.100625,
    "chance_pool10": 0.1,
    "top1_pool100": 0.009725,
    "chance_pool100": 0.01,
    "top1_pool1000": 0.0013,
    "chance_pool1000": 0.001
  },
  "gain_over_floor_unseen": {
    "psnr_gain_db": 0.0062198638916015625,
    "ssim_gain": -0.0018930435180664062,
    "top1_pool10_gain": 0.0004749999999999893,
    "top1_pool100_gain": -0.0001999999999999988,
    "top1_pool1000_gain": 0.00022499999999999994
  },
  "gain_over_floor_seen": {
    "psnr_gain_db": 0.0164031982421875,
    "ssim_gain": 0.0004673004150390625,
    "top1_pool10_gain": -0.0006750000000000089,
    "top1_pool100_gain": -0.0001749999999999998,
    "top1_pool1000_gain": 0.00022499999999999994
  },
  "kgg_psnr": 0.6208139534883721,
  "kgg_top1_100": -0.1428571428571372,
  "train_seconds": 669.2198448181152
}
