[E2_float32__samekey__linearmixer_shapes] step   1000 loss 0.2565 | SEEN psnr  11.11 top1@100 0.010 | UNSEEN psnr  11.01 top1@100 0.009 | floor 11.09
[E2_float32__samekey__linearmixer_shapes] step   2000 loss 0.2323 | SEEN psnr  10.87 top1@100 0.010 | UNSEEN psnr  10.81 top1@100 0.012 | floor 11.09
[E2_float32__samekey__linearmixer_shapes] step   3000 loss 0.2195 | SEEN psnr  10.13 top1@100 0.011 | UNSEEN psnr  10.08 top1@100 0.010 | floor 11.09
[E2_float32__samekey__linearmixer_shapes] step   4000 loss 0.1912 | SEEN psnr  10.44 top1@100 0.009 | UNSEEN psnr  10.39 top1@100 0.012 | floor 11.09
[E2_float32__samekey__linearmixer_shapes] step   5000 loss 0.1776 | SEEN psnr  10.43 top1@100 0.009 | UNSEEN psnr  10.37 top1@100 0.012 | floor 11.09
{
  "config": {
    "name": "E2_float32__samekey__linearmixer_shapes",
    "cipher": {
      "name": "chaos",
      "map": "logistic",
      "rounds": 2,
      "mode": "permute_diffuse",
      "perm_scope": "full2d",
      "perm_keyed": true,
      "feedback": "cbc",
      "precision": "float32"
    },
    "dataset": "shapes",
    "eval_dataset": null,
    "model": "linearmixer",
    "model_kw": {
      "pos_embed": 0
    },
    "n_keys": 1,
    "batch_size": 256,
    "steps": 5000,
    "lr": 0.0005,
    "warmup_steps": 200,
    "eval_n": 2000,
    "eval_every": 1000,
    "seed": 0,
    "device": "cuda:2",
    "workers": 6,
    "input_repr": "pixel",
    "coords": false,
    "loss": "l1",
    "amp": true
  },
  "cipher_tag": "logistic_r2_permute_diffuse_full2d_keyed_cbc_float32",
  "n_params": 9469219,
  "floor": {
    "psnr": 11.090311050415039,
    "ssim": 0.5391724705696106,
    "mse": 0.0847492590546608,
    "mae": 0.25266262888908386,
    "top1_pool10": 0.0982,
    "chance_pool10": 0.1,
    "top1_pool100": 0.010175,
    "chance_pool100": 0.01,
    "top1_pool1000": 0.001375,
    "chance_pool1000": 0.001
  },
  "seen": {
    "psnr": 10.426663398742676,
    "ssim": 0.3258379399776459,
    "mse": 0.09903048723936081,
    "mae": 0.2651686668395996,
    "top1_pool10": 0.106475,
    "chance_pool10": 0.1,
    "top1_pool100": 0.00915,
    "chance_pool100": 0.01,
    "top1_pool1000": 0.0008,
    "chance_pool1000": 0.001
  },
  "unseen": {
    "psnr": 10.370732307434082,
    "ssim": 0.32212933897972107,
    "mse": 0.10070352256298065,
    "mae": 0.26770254969596863,
    "top1_pool10": 0.101425,
    "chance_pool10": 0.1,
    "top1_pool100": 0.012275,
    "chance_pool100": 0.01,
    "top1_pool1000": 0.0022,
    "chance_pool1000": 0.001
  },
  "mismatch_control": {
    "psnr": 10.321585655212402,
    "ssim": 0.3212757408618927,
    "mse": 0.10150862485170364,
    "mae": 0.26866599917411804,
    "top1_pool10": 0.10475,
    "chance_pool10": 0.1,
    "top1_pool100": 0.0099,
    "chance_pool100": 0.01,
    "top1_pool1000": 0.001775,
    "chance_pool1000": 0.001
  },
  "gain_over_floor_unseen": {
    "psnr_gain_db": -0.719578742980957,
    "ssim_gain": -0.21704313158988953,
    "top1_pool10_gain": 0.0032250000000000056,
    "top1_pool100_gain": 0.0020999999999999994,
    "top1_pool1000_gain": 0.0008250000000000002
  },
  "gain_over_floor_seen": {
    "psnr_gain_db": -0.6636476516723633,
    "ssim_gain": -0.21333453059196472,
    "top1_pool10_gain": 0.008275000000000005,
    "top1_pool100_gain": -0.0010249999999999999,
    "top1_pool1000_gain": -0.0005749999999999999
  },
  "kgg_psnr": -0.08427829310877516,
  "kgg_top1_100": 3.0487804878048776,
  "train_seconds": 67.64316916465759
}
