[E2_negctrl_aes__samekey__linearmixer_shapes] step   1000 loss 0.0500 | SEEN psnr  22.28 top1@100 1.000 | UNSEEN psnr  10.87 top1@100 0.009 | floor 11.09
[E2_negctrl_aes__samekey__linearmixer_shapes] step   2000 loss 0.0383 | SEEN psnr  23.69 top1@100 1.000 | UNSEEN psnr  10.82 top1@100 0.012 | floor 11.09
[E2_negctrl_aes__samekey__linearmixer_shapes] step   3000 loss 0.0328 | SEEN psnr  24.48 top1@100 1.000 | UNSEEN psnr  10.74 top1@100 0.012 | floor 11.09
[E2_negctrl_aes__samekey__linearmixer_shapes] step   4000 loss 0.0310 | SEEN psnr  24.88 top1@100 1.000 | UNSEEN psnr  10.69 top1@100 0.012 | floor 11.09
[E2_negctrl_aes__samekey__linearmixer_shapes] step   5000 loss 0.0300 | SEEN psnr  24.96 top1@100 1.000 | UNSEEN psnr  10.68 top1@100 0.011 | floor 11.09
{
  "config": {
    "name": "E2_negctrl_aes__samekey__linearmixer_shapes",
    "cipher": {
      "name": "aes"
    },
    "dataset": "shapes",
    "eval_dataset": null,
    "model": "linearmixer",
    "model_kw": {
      "pos_embed": 0
    },
    "n_keys": 1,
    "batch_size": 256,
    "steps": 5000,
    "lr": 0.0005,
    "warmup_steps": 200,
    "eval_n": 2000,
    "eval_every": 1000,
    "seed": 0,
    "device": "cuda:0",
    "workers": 6,
    "input_repr": "pixel",
    "coords": false,
    "loss": "l1",
    "amp": true
  },
  "cipher_tag": "aes",
  "n_params": 9469219,
  "floor": {
    "psnr": 11.090311050415039,
    "ssim": 0.5391724705696106,
    "mse": 0.0847492590546608,
    "mae": 0.25266262888908386,
    "top1_pool10": 0.0982,
    "chance_pool10": 0.1,
    "top1_pool100": 0.010175,
    "chance_pool100": 0.01,
    "top1_pool1000": 0.001375,
    "chance_pool1000": 0.001
  },
  "seen": {
    "psnr": 24.964481353759766,
    "ssim": 0.8774582147598267,
    "mse": 0.0035715627018362284,
    "mae": 0.030232638120651245,
    "top1_pool10": 1.0,
    "chance_pool10": 0.1,
    "top1_pool100": 1.0,
    "chance_pool100": 0.01,
    "top1_pool1000": 1.0,
    "chance_pool1000": 0.001
  },
  "unseen": {
    "psnr": 10.675724029541016,
    "ssim": 0.33693090081214905,
    "mse": 0.09196720272302628,
    "mae": 0.2560558617115021,
    "top1_pool10": 0.1427,
    "chance_pool10": 0.1,
    "top1_pool100": 0.0113,
    "chance_pool100": 0.01,
    "top1_pool1000": 0.00065,
    "chance_pool1000": 0.001
  },
  "mismatch_control": {
    "psnr": 10.524415969848633,
    "ssim": 0.33080893754959106,
    "mse": 0.09486748278141022,
    "mae": 0.26258623600006104,
    "top1_pool10": 0.094075,
    "chance_pool10": 0.1,
    "top1_pool100": 0.007475,
    "chance_pool100": 0.01,
    "top1_pool1000": 0.0002,
    "chance_pool1000": 0.001
  },
  "gain_over_floor_unseen": {
    "psnr_gain_db": -0.41458702087402344,
    "ssim_gain": -0.20224156975746155,
    "top1_pool10_gain": 0.0445,
    "top1_pool100_gain": 0.0011249999999999993,
    "top1_pool1000_gain": -0.000725
  },
  "gain_over_floor_seen": {
    "psnr_gain_db": 13.874170303344727,
    "ssim_gain": 0.33828574419021606,
    "top1_pool10_gain": 0.9018,
    "top1_pool100_gain": 0.989825,
    "top1_pool1000_gain": 0.998625
  },
  "kgg_psnr": 1.0298819325270987,
  "kgg_top1_100": 0.9988634354557625,
  "train_seconds": 71.634437084198
}
