[E2_negctrl_aes__samekey__resunet_shapesB] step   1000 loss 0.0359 | SEEN psnr  23.57 top1@100 1.000 | UNSEEN psnr  10.12 top1@100 0.002 | floor 11.09
[E2_negctrl_aes__samekey__resunet_shapesB] step   2000 loss 0.0217 | SEEN psnr  25.66 top1@100 1.000 | UNSEEN psnr  10.09 top1@100 0.003 | floor 11.09
[E2_negctrl_aes__samekey__resunet_shapesB] step   3000 loss 0.0162 | SEEN psnr  26.61 top1@100 1.000 | UNSEEN psnr  10.09 top1@100 0.005 | floor 11.09
[E2_negctrl_aes__samekey__resunet_shapesB] step   4000 loss 0.0138 | SEEN psnr  27.11 top1@100 1.000 | UNSEEN psnr  10.21 top1@100 0.005 | floor 11.09
[E2_negctrl_aes__samekey__resunet_shapesB] step   5000 loss 0.0135 | SEEN psnr  27.19 top1@100 1.000 | UNSEEN psnr  10.24 top1@100 0.005 | floor 11.09
{
  "config": {
    "name": "E2_negctrl_aes__samekey__resunet_shapesB",
    "cipher": {
      "name": "aes"
    },
    "dataset": "shapes",
    "eval_dataset": null,
    "model": "resunet",
    "model_kw": {},
    "n_keys": 1,
    "batch_size": 256,
    "steps": 5000,
    "lr": 0.0002,
    "warmup_steps": 200,
    "eval_n": 2000,
    "eval_every": 1000,
    "seed": 0,
    "device": "cuda:2",
    "workers": 6,
    "input_repr": "both",
    "coords": true,
    "prev_ch": true,
    "out_mode": "regress",
    "train_subset": null,
    "loss": "l1",
    "amp": true
  },
  "cipher_tag": "aes",
  "n_params": 27188675,
  "floor": {
    "psnr": 11.090311050415039,
    "ssim": 0.5391724705696106,
    "mse": 0.0847492590546608,
    "mae": 0.25266262888908386,
    "top1_pool10": 0.0982,
    "chance_pool10": 0.1,
    "top1_pool100": 0.010175,
    "chance_pool100": 0.01,
    "top1_pool1000": 0.001375,
    "chance_pool1000": 0.001
  },
  "seen": {
    "psnr": 27.189138412475586,
    "ssim": 0.9396948218345642,
    "mse": 0.0023980059195309877,
    "mae": 0.016218451783061028,
    "top1_pool10": 1.0,
    "chance_pool10": 0.1,
    "top1_pool100": 1.0,
    "chance_pool100": 0.01,
    "top1_pool1000": 1.0,
    "chance_pool1000": 0.001
  },
  "unseen": {
    "psnr": 10.23637866973877,
    "ssim": 0.3206157386302948,
    "mse": 0.10075058043003082,
    "mae": 0.2680773138999939,
    "top1_pool10": 0.074425,
    "chance_pool10": 0.1,
    "top1_pool100": 0.005325,
    "chance_pool100": 0.01,
    "top1_pool1000": 0.0004,
    "chance_pool1000": 0.001
  },
  "mismatch_control": {
    "psnr": 10.219552040100098,
    "ssim": 0.3194568157196045,
    "mse": 0.10084113478660583,
    "mae": 0.2682841420173645,
    "top1_pool10": 0.106475,
    "chance_pool10": 0.1,
    "top1_pool100": 0.0102,
    "chance_pool100": 0.01,
    "top1_pool1000": 0.002575,
    "chance_pool1000": 0.001
  },
  "gain_over_floor_unseen": {
    "psnr_gain_db": -0.8539323806762695,
    "ssim_gain": -0.2185567319393158,
    "top1_pool10_gain": -0.02377499999999999,
    "top1_pool100_gain": -0.00485,
    "top1_pool1000_gain": -0.000975
  },
  "gain_over_floor_seen": {
    "psnr_gain_db": 16.098827362060547,
    "ssim_gain": 0.4005223512649536,
    "top1_pool10_gain": 0.9018,
    "top1_pool100_gain": 0.989825,
    "top1_pool1000_gain": 0.998625
  },
  "kgg_psnr": 1.0530431416817785,
  "kgg_top1_100": 1.0048998560351579,
  "train_seconds": 593.9412760734558
}
