[E2_permute_only_r1__samekey__linearmixer_cifar] step   1000 loss 0.0354 | SEEN psnr  26.21 top1@100 1.000 | UNSEEN psnr  13.35 top1@100 0.004 | floor 12.68
[E2_permute_only_r1__samekey__linearmixer_cifar] step   2000 loss 0.0275 | SEEN psnr  29.12 top1@100 1.000 | UNSEEN psnr  13.21 top1@100 0.004 | floor 12.68
[E2_permute_only_r1__samekey__linearmixer_cifar] step   3000 loss 0.0208 | SEEN psnr  31.11 top1@100 1.000 | UNSEEN psnr  12.98 top1@100 0.005 | floor 12.68
[E2_permute_only_r1__samekey__linearmixer_cifar] step   4000 loss 0.0172 | SEEN psnr  32.74 top1@100 1.000 | UNSEEN psnr  12.82 top1@100 0.004 | floor 12.68
[E2_permute_only_r1__samekey__linearmixer_cifar] step   5000 loss 0.0173 | SEEN psnr  33.14 top1@100 1.000 | UNSEEN psnr  12.78 top1@100 0.004 | floor 12.68
{
  "config": {
    "name": "E2_permute_only_r1__samekey__linearmixer_cifar",
    "cipher": {
      "name": "chaos",
      "map": "logistic",
      "rounds": 1,
      "mode": "permute_only",
      "perm_scope": "full2d",
      "perm_keyed": true,
      "feedback": "none",
      "precision": "float64"
    },
    "dataset": "cifar10",
    "eval_dataset": null,
    "model": "linearmixer",
    "model_kw": {
      "pos_embed": 0
    },
    "n_keys": 1,
    "batch_size": 256,
    "steps": 5000,
    "lr": 0.0005,
    "warmup_steps": 200,
    "eval_n": 2000,
    "eval_every": 1000,
    "seed": 0,
    "device": "cuda:0",
    "workers": 6,
    "input_repr": "pixel",
    "coords": false,
    "prev_ch": true,
    "out_mode": "regress",
    "train_subset": null,
    "loss": "l1",
    "amp": true
  },
  "cipher_tag": "logistic_r1_permute_only_full2d_keyed_none_float64",
  "n_params": 18906403,
  "floor": {
    "psnr": 12.681406021118164,
    "ssim": 0.35571393370628357,
    "mse": 0.06180805340409279,
    "mae": 0.20674438774585724,
    "top1_pool10": 0.100375,
    "chance_pool10": 0.1,
    "top1_pool100": 0.010025,
    "chance_pool100": 0.01,
    "top1_pool1000": 0.001075,
    "chance_pool1000": 0.001
  },
  "seen": {
    "psnr": 33.136627197265625,
    "ssim": 0.9758285880088806,
    "mse": 0.0006070095114409924,
    "mae": 0.0170889962464571,
    "top1_pool10": 1.0,
    "chance_pool10": 0.1,
    "top1_pool100": 1.0,
    "chance_pool100": 0.01,
    "top1_pool1000": 1.0,
    "chance_pool1000": 0.001
  },
  "unseen": {
    "psnr": 12.779870986938477,
    "ssim": 0.26895806193351746,
    "mse": 0.06050863116979599,
    "mae": 0.19467075169086456,
    "top1_pool10": 0.051525,
    "chance_pool10": 0.1,
    "top1_pool100": 0.0041,
    "chance_pool100": 0.01,
    "top1_pool1000": 0.0003,
    "chance_pool1000": 0.001
  },
  "mismatch_control": {
    "psnr": 11.033185958862305,
    "ssim": 0.24099697172641754,
    "mse": 0.09012579172849655,
    "mae": 0.24436698853969574,
    "top1_pool10": 0.104375,
    "chance_pool10": 0.1,
    "top1_pool100": 0.01145,
    "chance_pool100": 0.01,
    "top1_pool1000": 0.000675,
    "chance_pool1000": 0.001
  },
  "gain_over_floor_unseen": {
    "psnr_gain_db": 0.0984649658203125,
    "ssim_gain": -0.08675587177276611,
    "top1_pool10_gain": -0.048850000000000005,
    "top1_pool100_gain": -0.005924999999999999,
    "top1_pool1000_gain": -0.0007750000000000001
  },
  "gain_over_floor_seen": {
    "psnr_gain_db": 20.45522117614746,
    "ssim_gain": 0.620114654302597,
    "top1_pool10_gain": 0.899625,
    "top1_pool100_gain": 0.989975,
    "top1_pool1000_gain": 0.998925
  },
  "kgg_psnr": 0.995186316247945,
  "kgg_top1_100": 1.0059849996212025,
  "train_seconds": 93.83730554580688
}
