[E2_permute_only_r2__samekey__linearmixer_shapes] step   1000 loss 0.0446 | SEEN psnr  23.07 top1@100 1.000 | UNSEEN psnr  12.05 top1@100 0.038 | floor 11.09
[E2_permute_only_r2__samekey__linearmixer_shapes] step   2000 loss 0.0325 | SEEN psnr  24.77 top1@100 1.000 | UNSEEN psnr  12.01 top1@100 0.041 | floor 11.09
[E2_permute_only_r2__samekey__linearmixer_shapes] step   3000 loss 0.0261 | SEEN psnr  26.00 top1@100 1.000 | UNSEEN psnr  11.96 top1@100 0.039 | floor 11.09
[E2_permute_only_r2__samekey__linearmixer_shapes] step   4000 loss 0.0248 | SEEN psnr  26.62 top1@100 1.000 | UNSEEN psnr  11.92 top1@100 0.040 | floor 11.09
[E2_permute_only_r2__samekey__linearmixer_shapes] step   5000 loss 0.0236 | SEEN psnr  26.74 top1@100 1.000 | UNSEEN psnr  11.91 top1@100 0.041 | floor 11.09
{
  "config": {
    "name": "E2_permute_only_r2__samekey__linearmixer_shapes",
    "cipher": {
      "name": "chaos",
      "map": "logistic",
      "rounds": 2,
      "mode": "permute_only",
      "perm_scope": "full2d",
      "perm_keyed": true,
      "feedback": "cbc",
      "precision": "float64"
    },
    "dataset": "shapes",
    "eval_dataset": null,
    "model": "linearmixer",
    "model_kw": {
      "pos_embed": 0
    },
    "n_keys": 1,
    "batch_size": 256,
    "steps": 5000,
    "lr": 0.0005,
    "warmup_steps": 200,
    "eval_n": 2000,
    "eval_every": 1000,
    "seed": 0,
    "device": "cuda:0",
    "workers": 6,
    "input_repr": "pixel",
    "coords": false,
    "loss": "l1",
    "amp": true
  },
  "cipher_tag": "logistic_r2_permute_only_full2d_keyed_cbc_float64",
  "n_params": 9469219,
  "floor": {
    "psnr": 11.090311050415039,
    "ssim": 0.5391724705696106,
    "mse": 0.0847492590546608,
    "mae": 0.25266262888908386,
    "top1_pool10": 0.0982,
    "chance_pool10": 0.1,
    "top1_pool100": 0.010175,
    "chance_pool100": 0.01,
    "top1_pool1000": 0.001375,
    "chance_pool1000": 0.001
  },
  "seen": {
    "psnr": 26.74455451965332,
    "ssim": 0.9156841039657593,
    "mse": 0.002390044741332531,
    "mae": 0.023251192644238472,
    "top1_pool10": 1.0,
    "chance_pool10": 0.1,
    "top1_pool100": 1.0,
    "chance_pool100": 0.01,
    "top1_pool1000": 1.0,
    "chance_pool1000": 0.001
  },
  "unseen": {
    "psnr": 11.914735794067383,
    "ssim": 0.366176962852478,
    "mse": 0.07236357778310776,
    "mae": 0.22168566286563873,
    "top1_pool10": 0.261075,
    "chance_pool10": 0.1,
    "top1_pool100": 0.0405,
    "chance_pool100": 0.01,
    "top1_pool1000": 0.0071,
    "chance_pool1000": 0.001
  },
  "mismatch_control": {
    "psnr": 10.15795612335205,
    "ssim": 0.3286934494972229,
    "mse": 0.10766729712486267,
    "mae": 0.27512189745903015,
    "top1_pool10": 0.099875,
    "chance_pool10": 0.1,
    "top1_pool100": 0.0103,
    "chance_pool100": 0.01,
    "top1_pool1000": 0.00175,
    "chance_pool1000": 0.001
  },
  "gain_over_floor_unseen": {
    "psnr_gain_db": 0.8244247436523438,
    "ssim_gain": -0.17299550771713257,
    "top1_pool10_gain": 0.162875,
    "top1_pool100_gain": 0.030325,
    "top1_pool1000_gain": 0.005725000000000001
  },
  "gain_over_floor_seen": {
    "psnr_gain_db": 15.654243469238281,
    "ssim_gain": 0.3765116333961487,
    "top1_pool10_gain": 0.9018,
    "top1_pool100_gain": 0.989825,
    "top1_pool1000_gain": 0.998625
  },
  "kgg_psnr": 0.9473353825579373,
  "kgg_top1_100": 0.9693632712853283,
  "train_seconds": 55.369004249572754
}
