[E2_permute_only_r1__keyagnostic__linearmixer_shapes] step   1000 loss 0.2193 | SEEN psnr  12.07 top1@100 0.010 | UNSEEN psnr  12.02 top1@100 0.011 | floor 11.09
[E2_permute_only_r1__keyagnostic__linearmixer_shapes] step   2000 loss 0.2104 | SEEN psnr  12.05 top1@100 0.011 | UNSEEN psnr  11.99 top1@100 0.010 | floor 11.09
[E2_permute_only_r1__keyagnostic__linearmixer_shapes] step   3000 loss 0.2149 | SEEN psnr  12.01 top1@100 0.007 | UNSEEN psnr  11.94 top1@100 0.007 | floor 11.09
[E2_permute_only_r1__keyagnostic__linearmixer_shapes] step   4000 loss 0.2188 | SEEN psnr  12.04 top1@100 0.016 | UNSEEN psnr  11.96 top1@100 0.012 | floor 11.09
[E2_permute_only_r1__keyagnostic__linearmixer_shapes] step   5000 loss 0.2103 | SEEN psnr  12.02 top1@100 0.019 | UNSEEN psnr  11.95 top1@100 0.014 | floor 11.09
{
  "config": {
    "name": "E2_permute_only_r1__keyagnostic__linearmixer_shapes",
    "cipher": {
      "name": "chaos",
      "map": "logistic",
      "rounds": 1,
      "mode": "permute_only",
      "perm_scope": "full2d",
      "perm_keyed": true,
      "feedback": "cbc",
      "precision": "float64"
    },
    "dataset": "shapes",
    "eval_dataset": null,
    "model": "linearmixer",
    "model_kw": {
      "pos_embed": 0
    },
    "n_keys": null,
    "batch_size": 256,
    "steps": 5000,
    "lr": 0.0005,
    "warmup_steps": 200,
    "eval_n": 2000,
    "eval_every": 1000,
    "seed": 0,
    "device": "cuda:2",
    "workers": 6,
    "input_repr": "pixel",
    "coords": false,
    "loss": "l1",
    "amp": true
  },
  "cipher_tag": "logistic_r1_permute_only_full2d_keyed_cbc_float64",
  "n_params": 9469219,
  "floor": {
    "psnr": 11.090311050415039,
    "ssim": 0.5391724705696106,
    "mse": 0.0847492590546608,
    "mae": 0.25266262888908386,
    "top1_pool10": 0.0982,
    "chance_pool10": 0.1,
    "top1_pool100": 0.010175,
    "chance_pool100": 0.01,
    "top1_pool1000": 0.001375,
    "chance_pool1000": 0.001
  },
  "seen": {
    "psnr": 12.015058517456055,
    "ssim": 0.5526414513587952,
    "mse": 0.07178982347249985,
    "mae": 0.2149418592453003,
    "top1_pool10": 0.128375,
    "chance_pool10": 0.1,
    "top1_pool100": 0.018725,
    "chance_pool100": 0.01,
    "top1_pool1000": 0.0028,
    "chance_pool1000": 0.001
  },
  "unseen": {
    "psnr": 11.947203636169434,
    "ssim": 0.5445441007614136,
    "mse": 0.07288675010204315,
    "mae": 0.21631790697574615,
    "top1_pool10": 0.1187,
    "chance_pool10": 0.1,
    "top1_pool100": 0.014475,
    "chance_pool100": 0.01,
    "top1_pool1000": 0.002225,
    "chance_pool1000": 0.001
  },
  "mismatch_control": {
    "psnr": 9.97310733795166,
    "ssim": 0.4855968654155731,
    "mse": 0.11753004789352417,
    "mae": 0.2847387194633484,
    "top1_pool10": 0.100825,
    "chance_pool10": 0.1,
    "top1_pool100": 0.0085,
    "chance_pool100": 0.01,
    "top1_pool1000": 0.000425,
    "chance_pool1000": 0.001
  },
  "gain_over_floor_unseen": {
    "psnr_gain_db": 0.8568925857543945,
    "ssim_gain": 0.0053716301918029785,
    "top1_pool10_gain": 0.020500000000000004,
    "top1_pool100_gain": 0.0043,
    "top1_pool1000_gain": 0.0008500000000000001
  },
  "gain_over_floor_seen": {
    "psnr_gain_db": 0.9247474670410156,
    "ssim_gain": 0.01346898078918457,
    "top1_pool10_gain": 0.030174999999999993,
    "top1_pool100_gain": 0.008549999999999999,
    "top1_pool1000_gain": 0.001425
  },
  "kgg_psnr": 0.07337666087774372,
  "kgg_top1_100": 0.4970760233918128,
  "train_seconds": 66.25279593467712
}
