[E2_permute_only_r1__keyagnostic__linearmixer_shapesB] step   1000 loss 0.2167 | SEEN psnr  12.04 top1@100 0.011 | UNSEEN psnr  12.00 top1@100 0.011 | floor 11.09
[E2_permute_only_r1__keyagnostic__linearmixer_shapesB] step   2000 loss 0.2152 | SEEN psnr  12.08 top1@100 0.013 | UNSEEN psnr  12.02 top1@100 0.012 | floor 11.09
[E2_permute_only_r1__keyagnostic__linearmixer_shapesB] step   3000 loss 0.2170 | SEEN psnr  12.07 top1@100 0.013 | UNSEEN psnr  12.00 top1@100 0.014 | floor 11.09
[E2_permute_only_r1__keyagnostic__linearmixer_shapesB] step   4000 loss 0.2110 | SEEN psnr  12.05 top1@100 0.010 | UNSEEN psnr  11.99 top1@100 0.012 | floor 11.09
[E2_permute_only_r1__keyagnostic__linearmixer_shapesB] step   5000 loss 0.2234 | SEEN psnr  12.08 top1@100 0.014 | UNSEEN psnr  12.02 top1@100 0.013 | floor 11.09
{
  "config": {
    "name": "E2_permute_only_r1__keyagnostic__linearmixer_shapesB",
    "cipher": {
      "name": "chaos",
      "map": "logistic",
      "rounds": 1,
      "mode": "permute_only",
      "perm_scope": "full2d",
      "perm_keyed": true,
      "feedback": "none",
      "precision": "float64"
    },
    "dataset": "shapes",
    "eval_dataset": null,
    "model": "linearmixer",
    "model_kw": {
      "pos_embed": 0
    },
    "n_keys": null,
    "batch_size": 256,
    "steps": 5000,
    "lr": 0.0005,
    "warmup_steps": 200,
    "eval_n": 2000,
    "eval_every": 1000,
    "seed": 0,
    "device": "cuda:1",
    "workers": 6,
    "input_repr": "pixel",
    "coords": false,
    "prev_ch": true,
    "out_mode": "regress",
    "train_subset": null,
    "loss": "l1",
    "amp": true
  },
  "cipher_tag": "logistic_r1_permute_only_full2d_keyed_none_float64",
  "n_params": 18906403,
  "floor": {
    "psnr": 11.090311050415039,
    "ssim": 0.5391724705696106,
    "mse": 0.0847492590546608,
    "mae": 0.25266262888908386,
    "top1_pool10": 0.0982,
    "chance_pool10": 0.1,
    "top1_pool100": 0.010175,
    "chance_pool100": 0.01,
    "top1_pool1000": 0.001375,
    "chance_pool1000": 0.001
  },
  "seen": {
    "psnr": 12.084781646728516,
    "ssim": 0.5678899884223938,
    "mse": 0.0691501796245575,
    "mae": 0.21675823628902435,
    "top1_pool10": 0.12045,
    "chance_pool10": 0.1,
    "top1_pool100": 0.01435,
    "chance_pool100": 0.01,
    "top1_pool1000": 0.001425,
    "chance_pool1000": 0.001
  },
  "unseen": {
    "psnr": 12.01927661895752,
    "ssim": 0.5596838593482971,
    "mse": 0.07017990201711655,
    "mae": 0.21833355724811554,
    "top1_pool10": 0.1208,
    "chance_pool10": 0.1,
    "top1_pool100": 0.0128,
    "chance_pool100": 0.01,
    "top1_pool1000": 0.00175,
    "chance_pool1000": 0.001
  },
  "mismatch_control": {
    "psnr": 10.149223327636719,
    "ssim": 0.5083445906639099,
    "mse": 0.11162920296192169,
    "mae": 0.27901339530944824,
    "top1_pool10": 0.0996,
    "chance_pool10": 0.1,
    "top1_pool100": 0.009475,
    "chance_pool100": 0.01,
    "top1_pool1000": 0.00075,
    "chance_pool1000": 0.001
  },
  "gain_over_floor_unseen": {
    "psnr_gain_db": 0.9289655685424805,
    "ssim_gain": 0.020511388778686523,
    "top1_pool10_gain": 0.02260000000000001,
    "top1_pool100_gain": 0.0026250000000000006,
    "top1_pool1000_gain": 0.0003750000000000001
  },
  "gain_over_floor_seen": {
    "psnr_gain_db": 0.9944705963134766,
    "ssim_gain": 0.028717517852783203,
    "top1_pool10_gain": 0.022250000000000006,
    "top1_pool100_gain": 0.004175,
    "top1_pool1000_gain": 5.000000000000013e-05
  },
  "kgg_psnr": 0.0658692454194469,
  "kgg_top1_100": 0.37125748502993994,
  "train_seconds": 58.57853698730469
}
