[E2_permute_only_r1__samekey__resunet_shapes] step   1000 loss 0.0599 | SEEN psnr  20.65 top1@100 0.997 | UNSEEN psnr  11.77 top1@100 0.011 | floor 11.09
[E2_permute_only_r1__samekey__resunet_shapes] step   2000 loss 0.0351 | SEEN psnr  23.60 top1@100 1.000 | UNSEEN psnr  11.57 top1@100 0.008 | floor 11.09
[E2_permute_only_r1__samekey__resunet_shapes] step   3000 loss 0.0255 | SEEN psnr  25.11 top1@100 1.000 | UNSEEN psnr  11.45 top1@100 0.007 | floor 11.09
[E2_permute_only_r1__samekey__resunet_shapes] step   4000 loss 0.0210 | SEEN psnr  25.82 top1@100 1.000 | UNSEEN psnr  11.49 top1@100 0.004 | floor 11.09
[E2_permute_only_r1__samekey__resunet_shapes] step   5000 loss 0.0201 | SEEN psnr  25.98 top1@100 1.000 | UNSEEN psnr  11.50 top1@100 0.005 | floor 11.09
{
  "config": {
    "name": "E2_permute_only_r1__samekey__resunet_shapes",
    "cipher": {
      "name": "chaos",
      "map": "logistic",
      "rounds": 1,
      "mode": "permute_only",
      "perm_scope": "full2d",
      "perm_keyed": true,
      "feedback": "cbc",
      "precision": "float64"
    },
    "dataset": "shapes",
    "eval_dataset": null,
    "model": "resunet",
    "model_kw": {},
    "n_keys": 1,
    "batch_size": 256,
    "steps": 5000,
    "lr": 0.0002,
    "warmup_steps": 200,
    "eval_n": 2000,
    "eval_every": 1000,
    "seed": 0,
    "device": "cuda:2",
    "workers": 6,
    "input_repr": "both",
    "coords": true,
    "loss": "l1",
    "amp": true
  },
  "cipher_tag": "logistic_r1_permute_only_full2d_keyed_cbc_float64",
  "n_params": 27190851,
  "floor": {
    "psnr": 11.090311050415039,
    "ssim": 0.5391724705696106,
    "mse": 0.0847492590546608,
    "mae": 0.25266262888908386,
    "top1_pool10": 0.0982,
    "chance_pool10": 0.1,
    "top1_pool100": 0.010175,
    "chance_pool100": 0.01,
    "top1_pool1000": 0.001375,
    "chance_pool1000": 0.001
  },
  "seen": {
    "psnr": 25.98225975036621,
    "ssim": 0.9158186912536621,
    "mse": 0.0031229921150952578,
    "mae": 0.023262852802872658,
    "top1_pool10": 1.0,
    "chance_pool10": 0.1,
    "top1_pool100": 1.0,
    "chance_pool100": 0.01,
    "top1_pool1000": 1.0,
    "chance_pool1000": 0.001
  },
  "unseen": {
    "psnr": 11.498969078063965,
    "ssim": 0.39643192291259766,
    "mse": 0.08203095197677612,
    "mae": 0.2306259423494339,
    "top1_pool10": 0.052725,
    "chance_pool10": 0.1,
    "top1_pool100": 0.004775,
    "chance_pool100": 0.01,
    "top1_pool1000": 0.000975,
    "chance_pool1000": 0.001
  },
  "mismatch_control": {
    "psnr": 9.795881271362305,
    "ssim": 0.3545044958591461,
    "mse": 0.11686152964830399,
    "mae": 0.2842539846897125,
    "top1_pool10": 0.094925,
    "chance_pool10": 0.1,
    "top1_pool100": 0.0091,
    "chance_pool100": 0.01,
    "top1_pool1000": 0.001775,
    "chance_pool1000": 0.001
  },
  "gain_over_floor_unseen": {
    "psnr_gain_db": 0.4086580276489258,
    "ssim_gain": -0.14274054765701294,
    "top1_pool10_gain": -0.045474999999999995,
    "top1_pool100_gain": -0.0054,
    "top1_pool1000_gain": -0.00039999999999999996
  },
  "gain_over_floor_seen": {
    "psnr_gain_db": 14.891948699951172,
    "ssim_gain": 0.3766462206840515,
    "top1_pool10_gain": 0.9018,
    "top1_pool100_gain": 0.989825,
    "top1_pool1000_gain": 0.998625
  },
  "kgg_psnr": 0.9725584585414087,
  "kgg_top1_100": 1.0054555098123406,
  "train_seconds": 328.97081446647644
}
