[E2_permute_only_r2__keyagnostic__linearmixer_shapesB] step   1000 loss 0.2228 | SEEN psnr  12.03 top1@100 0.011 | UNSEEN psnr  11.98 top1@100 0.010 | floor 11.09
[E2_permute_only_r2__keyagnostic__linearmixer_shapesB] step   2000 loss 0.2178 | SEEN psnr  12.07 top1@100 0.012 | UNSEEN psnr  11.99 top1@100 0.012 | floor 11.09
[E2_permute_only_r2__keyagnostic__linearmixer_shapesB] step   3000 loss 0.2139 | SEEN psnr  12.08 top1@100 0.013 | UNSEEN psnr  12.01 top1@100 0.010 | floor 11.09
[E2_permute_only_r2__keyagnostic__linearmixer_shapesB] step   4000 loss 0.2120 | SEEN psnr  12.08 top1@100 0.015 | UNSEEN psnr  12.01 top1@100 0.014 | floor 11.09
[E2_permute_only_r2__keyagnostic__linearmixer_shapesB] step   5000 loss 0.2135 | SEEN psnr  12.08 top1@100 0.013 | UNSEEN psnr  12.02 top1@100 0.014 | floor 11.09
{
  "config": {
    "name": "E2_permute_only_r2__keyagnostic__linearmixer_shapesB",
    "cipher": {
      "name": "chaos",
      "map": "logistic",
      "rounds": 2,
      "mode": "permute_only",
      "perm_scope": "full2d",
      "perm_keyed": true,
      "feedback": "none",
      "precision": "float64"
    },
    "dataset": "shapes",
    "eval_dataset": null,
    "model": "linearmixer",
    "model_kw": {
      "pos_embed": 0
    },
    "n_keys": null,
    "batch_size": 256,
    "steps": 5000,
    "lr": 0.0005,
    "warmup_steps": 200,
    "eval_n": 2000,
    "eval_every": 1000,
    "seed": 0,
    "device": "cuda:2",
    "workers": 6,
    "input_repr": "pixel",
    "coords": false,
    "prev_ch": true,
    "out_mode": "regress",
    "train_subset": null,
    "loss": "l1",
    "amp": true
  },
  "cipher_tag": "logistic_r2_permute_only_full2d_keyed_none_float64",
  "n_params": 18906403,
  "floor": {
    "psnr": 11.090311050415039,
    "ssim": 0.5391724705696106,
    "mse": 0.0847492590546608,
    "mae": 0.25266262888908386,
    "top1_pool10": 0.0982,
    "chance_pool10": 0.1,
    "top1_pool100": 0.010175,
    "chance_pool100": 0.01,
    "top1_pool1000": 0.001375,
    "chance_pool1000": 0.001
  },
  "seen": {
    "psnr": 12.084822654724121,
    "ssim": 0.567974865436554,
    "mse": 0.06914009153842926,
    "mae": 0.2167549878358841,
    "top1_pool10": 0.12325,
    "chance_pool10": 0.1,
    "top1_pool100": 0.0132,
    "chance_pool100": 0.01,
    "top1_pool1000": 0.002225,
    "chance_pool1000": 0.001
  },
  "unseen": {
    "psnr": 12.017007827758789,
    "ssim": 0.5597653388977051,
    "mse": 0.07021843641996384,
    "mae": 0.2183409482240677,
    "top1_pool10": 0.122475,
    "chance_pool10": 0.1,
    "top1_pool100": 0.014325,
    "chance_pool100": 0.01,
    "top1_pool1000": 0.003875,
    "chance_pool1000": 0.001
  },
  "mismatch_control": {
    "psnr": 10.145259857177734,
    "ssim": 0.5082894563674927,
    "mse": 0.11178182810544968,
    "mae": 0.2791716456413269,
    "top1_pool10": 0.101,
    "chance_pool10": 0.1,
    "top1_pool100": 0.010125,
    "chance_pool100": 0.01,
    "top1_pool1000": 0.0012,
    "chance_pool1000": 0.001
  },
  "gain_over_floor_unseen": {
    "psnr_gain_db": 0.92669677734375,
    "ssim_gain": 0.020592868328094482,
    "top1_pool10_gain": 0.024275000000000005,
    "top1_pool100_gain": 0.004149999999999999,
    "top1_pool1000_gain": 0.0025
  },
  "gain_over_floor_seen": {
    "psnr_gain_db": 0.994511604309082,
    "ssim_gain": 0.02880239486694336,
    "top1_pool10_gain": 0.025050000000000003,
    "top1_pool100_gain": 0.003025,
    "top1_pool1000_gain": 0.0008500000000000001
  },
  "kgg_psnr": 0.06818907559398976,
  "kgg_top1_100": -0.37190082644628075,
  "train_seconds": 93.51522779464722
}
