[E2_permute_only_r2__keyagnostic__resunet_cifar] step   1000 loss 0.1607 | SEEN psnr  14.15 top1@100 0.037 | UNSEEN psnr  14.19 top1@100 0.036 | floor 12.68
[E2_permute_only_r2__keyagnostic__resunet_cifar] step   2000 loss 0.1587 | SEEN psnr  14.05 top1@100 0.040 | UNSEEN psnr  14.08 top1@100 0.039 | floor 12.68
[E2_permute_only_r2__keyagnostic__resunet_cifar] step   3000 loss 0.1592 | SEEN psnr  14.12 top1@100 0.043 | UNSEEN psnr  14.17 top1@100 0.044 | floor 12.68
[E2_permute_only_r2__keyagnostic__resunet_cifar] step   4000 loss 0.1658 | SEEN psnr  14.15 top1@100 0.043 | UNSEEN psnr  14.18 top1@100 0.045 | floor 12.68
[E2_permute_only_r2__keyagnostic__resunet_cifar] step   5000 loss 0.1621 | SEEN psnr  14.17 top1@100 0.044 | UNSEEN psnr  14.20 top1@100 0.046 | floor 12.68
{
  "config": {
    "name": "E2_permute_only_r2__keyagnostic__resunet_cifar",
    "cipher": {
      "name": "chaos",
      "map": "logistic",
      "rounds": 2,
      "mode": "permute_only",
      "perm_scope": "full2d",
      "perm_keyed": true,
      "feedback": "none",
      "precision": "float64"
    },
    "dataset": "cifar10",
    "eval_dataset": null,
    "model": "resunet",
    "model_kw": {},
    "n_keys": null,
    "batch_size": 256,
    "steps": 5000,
    "lr": 0.0002,
    "warmup_steps": 200,
    "eval_n": 2000,
    "eval_every": 1000,
    "seed": 0,
    "device": "cuda:0",
    "workers": 6,
    "input_repr": "both",
    "coords": true,
    "prev_ch": true,
    "out_mode": "regress",
    "train_subset": null,
    "loss": "l1",
    "amp": true
  },
  "cipher_tag": "logistic_r2_permute_only_full2d_keyed_none_float64",
  "n_params": 27188675,
  "floor": {
    "psnr": 12.681406021118164,
    "ssim": 0.35571393370628357,
    "mse": 0.06180805340409279,
    "mae": 0.20674438774585724,
    "top1_pool10": 0.100375,
    "chance_pool10": 0.1,
    "top1_pool100": 0.010025,
    "chance_pool100": 0.01,
    "top1_pool1000": 0.001075,
    "chance_pool1000": 0.001
  },
  "seen": {
    "psnr": 14.16763687133789,
    "ssim": 0.3928300142288208,
    "mse": 0.04567960277199745,
    "mae": 0.1621769517660141,
    "top1_pool10": 0.24065,
    "chance_pool10": 0.1,
    "top1_pool100": 0.044125,
    "chance_pool100": 0.01,
    "top1_pool1000": 0.0068,
    "chance_pool1000": 0.001
  },
  "unseen": {
    "psnr": 14.198468208312988,
    "ssim": 0.38989031314849854,
    "mse": 0.04508635401725769,
    "mae": 0.16169893741607666,
    "top1_pool10": 0.229125,
    "chance_pool10": 0.1,
    "top1_pool100": 0.0461,
    "chance_pool100": 0.01,
    "top1_pool1000": 0.00775,
    "chance_pool1000": 0.001
  },
  "mismatch_control": {
    "psnr": 11.436713218688965,
    "ssim": 0.3206956684589386,
    "mse": 0.0895240381360054,
    "mae": 0.24043267965316772,
    "top1_pool10": 0.098025,
    "chance_pool10": 0.1,
    "top1_pool100": 0.008125,
    "chance_pool100": 0.01,
    "top1_pool1000": 0.0009,
    "chance_pool1000": 0.001
  },
  "gain_over_floor_unseen": {
    "psnr_gain_db": 1.5170621871948242,
    "ssim_gain": 0.034176379442214966,
    "top1_pool10_gain": 0.12874999999999998,
    "top1_pool100_gain": 0.036075,
    "top1_pool1000_gain": 0.006675
  },
  "gain_over_floor_seen": {
    "psnr_gain_db": 1.4862308502197266,
    "ssim_gain": 0.03711608052253723,
    "top1_pool10_gain": 0.14027499999999998,
    "top1_pool100_gain": 0.0341,
    "top1_pool1000_gain": 0.005724999999999999
  },
  "kgg_psnr": -0.020744648767410195,
  "kgg_top1_100": -0.05791788856304999,
  "train_seconds": 668.2180306911469
}
