[E2_permute_only_r2__keyagnostic__linearmixer_shapes] step   1000 loss 0.2138 | SEEN psnr  12.05 top1@100 0.009 | UNSEEN psnr  11.99 top1@100 0.010 | floor 11.09
[E2_permute_only_r2__keyagnostic__linearmixer_shapes] step   2000 loss 0.2155 | SEEN psnr  12.08 top1@100 0.011 | UNSEEN psnr  12.02 top1@100 0.011 | floor 11.09
[E2_permute_only_r2__keyagnostic__linearmixer_shapes] step   3000 loss 0.2227 | SEEN psnr  12.01 top1@100 0.011 | UNSEEN psnr  11.93 top1@100 0.011 | floor 11.09
[E2_permute_only_r2__keyagnostic__linearmixer_shapes] step   4000 loss 0.2188 | SEEN psnr  12.08 top1@100 0.012 | UNSEEN psnr  12.01 top1@100 0.015 | floor 11.09
[E2_permute_only_r2__keyagnostic__linearmixer_shapes] step   5000 loss 0.2189 | SEEN psnr  12.01 top1@100 0.019 | UNSEEN psnr  11.94 top1@100 0.014 | floor 11.09
{
  "config": {
    "name": "E2_permute_only_r2__keyagnostic__linearmixer_shapes",
    "cipher": {
      "name": "chaos",
      "map": "logistic",
      "rounds": 2,
      "mode": "permute_only",
      "perm_scope": "full2d",
      "perm_keyed": true,
      "feedback": "cbc",
      "precision": "float64"
    },
    "dataset": "shapes",
    "eval_dataset": null,
    "model": "linearmixer",
    "model_kw": {
      "pos_embed": 0
    },
    "n_keys": null,
    "batch_size": 256,
    "steps": 5000,
    "lr": 0.0005,
    "warmup_steps": 200,
    "eval_n": 2000,
    "eval_every": 1000,
    "seed": 0,
    "device": "cuda:2",
    "workers": 6,
    "input_repr": "pixel",
    "coords": false,
    "loss": "l1",
    "amp": true
  },
  "cipher_tag": "logistic_r2_permute_only_full2d_keyed_cbc_float64",
  "n_params": 9469219,
  "floor": {
    "psnr": 11.090311050415039,
    "ssim": 0.5391724705696106,
    "mse": 0.0847492590546608,
    "mae": 0.25266262888908386,
    "top1_pool10": 0.0982,
    "chance_pool10": 0.1,
    "top1_pool100": 0.010175,
    "chance_pool100": 0.01,
    "top1_pool1000": 0.001375,
    "chance_pool1000": 0.001
  },
  "seen": {
    "psnr": 12.01412296295166,
    "ssim": 0.5543236136436462,
    "mse": 0.07190556824207306,
    "mae": 0.2150401771068573,
    "top1_pool10": 0.1315,
    "chance_pool10": 0.1,
    "top1_pool100": 0.0193,
    "chance_pool100": 0.01,
    "top1_pool1000": 0.0012,
    "chance_pool1000": 0.001
  },
  "unseen": {
    "psnr": 11.94369888305664,
    "ssim": 0.5465423464775085,
    "mse": 0.07305415719747543,
    "mae": 0.2163935899734497,
    "top1_pool10": 0.12025,
    "chance_pool10": 0.1,
    "top1_pool100": 0.0144,
    "chance_pool100": 0.01,
    "top1_pool1000": 0.003125,
    "chance_pool1000": 0.001
  },
  "mismatch_control": {
    "psnr": 9.966891288757324,
    "ssim": 0.48733246326446533,
    "mse": 0.11785686016082764,
    "mae": 0.2849510908126831,
    "top1_pool10": 0.09625,
    "chance_pool10": 0.1,
    "top1_pool100": 0.008125,
    "chance_pool100": 0.01,
    "top1_pool1000": 0.00025,
    "chance_pool1000": 0.001
  },
  "gain_over_floor_unseen": {
    "psnr_gain_db": 0.8533878326416016,
    "ssim_gain": 0.007369875907897949,
    "top1_pool10_gain": 0.02205,
    "top1_pool100_gain": 0.004225,
    "top1_pool1000_gain": 0.0017500000000000003
  },
  "gain_over_floor_seen": {
    "psnr_gain_db": 0.9238119125366211,
    "ssim_gain": 0.015151143074035645,
    "top1_pool10_gain": 0.03330000000000001,
    "top1_pool100_gain": 0.009125000000000001,
    "top1_pool1000_gain": -0.00017500000000000003
  },
  "kgg_psnr": 0.07623205431682267,
  "kgg_top1_100": 0.5369863013698631,
  "train_seconds": 62.50450372695923
}
