[E2_permute_only_r1__samekey__linearmixer_shapes] step   1000 loss 0.0450 | SEEN psnr  23.09 top1@100 1.000 | UNSEEN psnr  11.88 top1@100 0.003 | floor 11.09
[E2_permute_only_r1__samekey__linearmixer_shapes] step   2000 loss 0.0340 | SEEN psnr  24.77 top1@100 1.000 | UNSEEN psnr  11.84 top1@100 0.003 | floor 11.09
[E2_permute_only_r1__samekey__linearmixer_shapes] step   3000 loss 0.0273 | SEEN psnr  25.94 top1@100 1.000 | UNSEEN psnr  11.80 top1@100 0.003 | floor 11.09
[E2_permute_only_r1__samekey__linearmixer_shapes] step   4000 loss 0.0236 | SEEN psnr  26.50 top1@100 1.000 | UNSEEN psnr  11.76 top1@100 0.003 | floor 11.09
[E2_permute_only_r1__samekey__linearmixer_shapes] step   5000 loss 0.0239 | SEEN psnr  26.62 top1@100 1.000 | UNSEEN psnr  11.76 top1@100 0.003 | floor 11.09
{
  "config": {
    "name": "E2_permute_only_r1__samekey__linearmixer_shapes",
    "cipher": {
      "name": "chaos",
      "map": "logistic",
      "rounds": 1,
      "mode": "permute_only",
      "perm_scope": "full2d",
      "perm_keyed": true,
      "feedback": "cbc",
      "precision": "float64"
    },
    "dataset": "shapes",
    "eval_dataset": null,
    "model": "linearmixer",
    "model_kw": {
      "pos_embed": 0
    },
    "n_keys": 1,
    "batch_size": 256,
    "steps": 5000,
    "lr": 0.0005,
    "warmup_steps": 200,
    "eval_n": 2000,
    "eval_every": 1000,
    "seed": 0,
    "device": "cuda:0",
    "workers": 6,
    "input_repr": "pixel",
    "coords": false,
    "loss": "l1",
    "amp": true
  },
  "cipher_tag": "logistic_r1_permute_only_full2d_keyed_cbc_float64",
  "n_params": 9469219,
  "floor": {
    "psnr": 11.090311050415039,
    "ssim": 0.5391724705696106,
    "mse": 0.0847492590546608,
    "mae": 0.25266262888908386,
    "top1_pool10": 0.0982,
    "chance_pool10": 0.1,
    "top1_pool100": 0.010175,
    "chance_pool100": 0.01,
    "top1_pool1000": 0.001375,
    "chance_pool1000": 0.001
  },
  "seen": {
    "psnr": 26.619016647338867,
    "ssim": 0.9135173559188843,
    "mse": 0.0024628546088933945,
    "mae": 0.023627610877156258,
    "top1_pool10": 1.0,
    "chance_pool10": 0.1,
    "top1_pool100": 1.0,
    "chance_pool100": 0.01,
    "top1_pool1000": 1.0,
    "chance_pool1000": 0.001
  },
  "unseen": {
    "psnr": 11.756246566772461,
    "ssim": 0.3627326488494873,
    "mse": 0.075260691344738,
    "mae": 0.22629022598266602,
    "top1_pool10": 0.043825,
    "chance_pool10": 0.1,
    "top1_pool100": 0.00305,
    "chance_pool100": 0.01,
    "top1_pool1000": 5e-05,
    "chance_pool1000": 0.001
  },
  "mismatch_control": {
    "psnr": 10.14062213897705,
    "ssim": 0.3284490704536438,
    "mse": 0.10816241800785065,
    "mae": 0.2755720615386963,
    "top1_pool10": 0.099625,
    "chance_pool10": 0.1,
    "top1_pool100": 0.010475,
    "chance_pool100": 0.01,
    "top1_pool1000": 0.00115,
    "chance_pool1000": 0.001
  },
  "gain_over_floor_unseen": {
    "psnr_gain_db": 0.6659355163574219,
    "ssim_gain": -0.1764398217201233,
    "top1_pool10_gain": -0.05437499999999999,
    "top1_pool100_gain": -0.007124999999999999,
    "top1_pool1000_gain": -0.001325
  },
  "gain_over_floor_seen": {
    "psnr_gain_db": 15.528705596923828,
    "ssim_gain": 0.3743448853492737,
    "top1_pool10_gain": 0.9018,
    "top1_pool100_gain": 0.989825,
    "top1_pool1000_gain": 0.998625
  },
  "kgg_psnr": 0.9571158386511404,
  "kgg_top1_100": 1.007198242113505,
  "train_seconds": 61.79965949058533
}
