[E2_permute_only_r2__samekey__resunet_shapesB] step   1000 loss 0.0479 | SEEN psnr  21.88 top1@100 1.000 | UNSEEN psnr  11.94 top1@100 0.025 | floor 11.09
[E2_permute_only_r2__samekey__resunet_shapesB] step   2000 loss 0.0272 | SEEN psnr  24.83 top1@100 1.000 | UNSEEN psnr  11.52 top1@100 0.025 | floor 11.09
[E2_permute_only_r2__samekey__resunet_shapesB] step   3000 loss 0.0206 | SEEN psnr  26.10 top1@100 1.000 | UNSEEN psnr  11.46 top1@100 0.023 | floor 11.09
[E2_permute_only_r2__samekey__resunet_shapesB] step   4000 loss 0.0168 | SEEN psnr  26.76 top1@100 1.000 | UNSEEN psnr  11.48 top1@100 0.024 | floor 11.09
[E2_permute_only_r2__samekey__resunet_shapesB] step   5000 loss 0.0170 | SEEN psnr  26.90 top1@100 1.000 | UNSEEN psnr  11.45 top1@100 0.024 | floor 11.09
{
  "config": {
    "name": "E2_permute_only_r2__samekey__resunet_shapesB",
    "cipher": {
      "name": "chaos",
      "map": "logistic",
      "rounds": 2,
      "mode": "permute_only",
      "perm_scope": "full2d",
      "perm_keyed": true,
      "feedback": "none",
      "precision": "float64"
    },
    "dataset": "shapes",
    "eval_dataset": null,
    "model": "resunet",
    "model_kw": {},
    "n_keys": 1,
    "batch_size": 256,
    "steps": 5000,
    "lr": 0.0002,
    "warmup_steps": 200,
    "eval_n": 2000,
    "eval_every": 1000,
    "seed": 0,
    "device": "cuda:1",
    "workers": 6,
    "input_repr": "both",
    "coords": true,
    "prev_ch": true,
    "out_mode": "regress",
    "train_subset": null,
    "loss": "l1",
    "amp": true
  },
  "cipher_tag": "logistic_r2_permute_only_full2d_keyed_none_float64",
  "n_params": 27188675,
  "floor": {
    "psnr": 11.090311050415039,
    "ssim": 0.5391724705696106,
    "mse": 0.0847492590546608,
    "mae": 0.25266262888908386,
    "top1_pool10": 0.0982,
    "chance_pool10": 0.1,
    "top1_pool100": 0.010175,
    "chance_pool100": 0.01,
    "top1_pool1000": 0.001375,
    "chance_pool1000": 0.001
  },
  "seen": {
    "psnr": 26.89507484436035,
    "ssim": 0.9300593733787537,
    "mse": 0.0025961273349821568,
    "mae": 0.020398763939738274,
    "top1_pool10": 1.0,
    "chance_pool10": 0.1,
    "top1_pool100": 1.0,
    "chance_pool100": 0.01,
    "top1_pool1000": 1.0,
    "chance_pool1000": 0.001
  },
  "unseen": {
    "psnr": 11.45359992980957,
    "ssim": 0.3635675609111786,
    "mse": 0.08289096504449844,
    "mae": 0.22849969565868378,
    "top1_pool10": 0.219675,
    "chance_pool10": 0.1,
    "top1_pool100": 0.024125,
    "chance_pool100": 0.01,
    "top1_pool1000": 0.0024,
    "chance_pool1000": 0.001
  },
  "mismatch_control": {
    "psnr": 9.567880630493164,
    "ssim": 0.31892240047454834,
    "mse": 0.12181077897548676,
    "mae": 0.28905189037323,
    "top1_pool10": 0.103875,
    "chance_pool10": 0.1,
    "top1_pool100": 0.010925,
    "chance_pool100": 0.01,
    "top1_pool1000": 0.000575,
    "chance_pool1000": 0.001
  },
  "gain_over_floor_unseen": {
    "psnr_gain_db": 0.36328887939453125,
    "ssim_gain": -0.175604909658432,
    "top1_pool10_gain": 0.12147500000000001,
    "top1_pool100_gain": 0.01395,
    "top1_pool1000_gain": 0.0010249999999999999
  },
  "gain_over_floor_seen": {
    "psnr_gain_db": 15.804763793945312,
    "ssim_gain": 0.39088690280914307,
    "top1_pool10_gain": 0.9018,
    "top1_pool100_gain": 0.989825,
    "top1_pool1000_gain": 0.998625
  },
  "kgg_psnr": 0.977013963376428,
  "kgg_top1_100": 0.9859065996514537,
  "train_seconds": 330.8868725299835
}
