[E2_permute_only_r2__samekey__resunet_shapes] step   1000 loss 0.0613 | SEEN psnr  20.04 top1@100 0.994 | UNSEEN psnr  11.44 top1@100 0.015 | floor 11.09
[E2_permute_only_r2__samekey__resunet_shapes] step   2000 loss 0.0367 | SEEN psnr  23.04 top1@100 1.000 | UNSEEN psnr  11.47 top1@100 0.018 | floor 11.09
[E2_permute_only_r2__samekey__resunet_shapes] step   3000 loss 0.0274 | SEEN psnr  24.28 top1@100 1.000 | UNSEEN psnr  11.59 top1@100 0.022 | floor 11.09
[E2_permute_only_r2__samekey__resunet_shapes] step   4000 loss 0.0232 | SEEN psnr  24.84 top1@100 1.000 | UNSEEN psnr  11.64 top1@100 0.027 | floor 11.09
[E2_permute_only_r2__samekey__resunet_shapes] step   5000 loss 0.0225 | SEEN psnr  24.95 top1@100 1.000 | UNSEEN psnr  11.66 top1@100 0.026 | floor 11.09
{
  "config": {
    "name": "E2_permute_only_r2__samekey__resunet_shapes",
    "cipher": {
      "name": "chaos",
      "map": "logistic",
      "rounds": 2,
      "mode": "permute_only",
      "perm_scope": "full2d",
      "perm_keyed": true,
      "feedback": "cbc",
      "precision": "float64"
    },
    "dataset": "shapes",
    "eval_dataset": null,
    "model": "resunet",
    "model_kw": {},
    "n_keys": 1,
    "batch_size": 256,
    "steps": 5000,
    "lr": 0.0002,
    "warmup_steps": 200,
    "eval_n": 2000,
    "eval_every": 1000,
    "seed": 0,
    "device": "cuda:2",
    "workers": 6,
    "input_repr": "both",
    "coords": true,
    "loss": "l1",
    "amp": true
  },
  "cipher_tag": "logistic_r2_permute_only_full2d_keyed_cbc_float64",
  "n_params": 27190851,
  "floor": {
    "psnr": 11.090311050415039,
    "ssim": 0.5391724705696106,
    "mse": 0.0847492590546608,
    "mae": 0.25266262888908386,
    "top1_pool10": 0.0982,
    "chance_pool10": 0.1,
    "top1_pool100": 0.010175,
    "chance_pool100": 0.01,
    "top1_pool1000": 0.001375,
    "chance_pool1000": 0.001
  },
  "seen": {
    "psnr": 24.948078155517578,
    "ssim": 0.8953749537467957,
    "mse": 0.003996833693236113,
    "mae": 0.027041945606470108,
    "top1_pool10": 1.0,
    "chance_pool10": 0.1,
    "top1_pool100": 1.0,
    "chance_pool100": 0.01,
    "top1_pool1000": 1.0,
    "chance_pool1000": 0.001
  },
  "unseen": {
    "psnr": 11.66108512878418,
    "ssim": 0.4177251160144806,
    "mse": 0.0787232294678688,
    "mae": 0.22327356040477753,
    "top1_pool10": 0.17955,
    "chance_pool10": 0.1,
    "top1_pool100": 0.026275,
    "chance_pool100": 0.01,
    "top1_pool1000": 0.00485,
    "chance_pool1000": 0.001
  },
  "mismatch_control": {
    "psnr": 9.642541885375977,
    "ssim": 0.3642515242099762,
    "mse": 0.12157624959945679,
    "mae": 0.28845474123954773,
    "top1_pool10": 0.105875,
    "chance_pool10": 0.1,
    "top1_pool100": 0.013225,
    "chance_pool100": 0.01,
    "top1_pool1000": 0.0009,
    "chance_pool1000": 0.001
  },
  "gain_over_floor_unseen": {
    "psnr_gain_db": 0.5707740783691406,
    "ssim_gain": -0.12144735455513,
    "top1_pool10_gain": 0.08134999999999999,
    "top1_pool100_gain": 0.0161,
    "top1_pool1000_gain": 0.0034750000000000002
  },
  "gain_over_floor_seen": {
    "psnr_gain_db": 13.857767105102539,
    "ssim_gain": 0.35620248317718506,
    "top1_pool10_gain": 0.9018,
    "top1_pool100_gain": 0.989825,
    "top1_pool1000_gain": 0.998625
  },
  "kgg_psnr": 0.9588119735279014,
  "kgg_top1_100": 0.9837344985224661,
  "train_seconds": 330.4838676452637
}
