[E2_permute_only_r2__keyagnostic__resunet_shapesB] step   1000 loss 0.2055 | SEEN psnr  11.71 top1@100 0.013 | UNSEEN psnr  11.64 top1@100 0.013 | floor 11.09
[E2_permute_only_r2__keyagnostic__resunet_shapesB] step   2000 loss 0.2122 | SEEN psnr  11.71 top1@100 0.012 | UNSEEN psnr  11.64 top1@100 0.014 | floor 11.09
[E2_permute_only_r2__keyagnostic__resunet_shapesB] step   3000 loss 0.2080 | SEEN psnr  11.66 top1@100 0.017 | UNSEEN psnr  11.59 top1@100 0.016 | floor 11.09
[E2_permute_only_r2__keyagnostic__resunet_shapesB] step   4000 loss 0.2048 | SEEN psnr  11.63 top1@100 0.015 | UNSEEN psnr  11.56 top1@100 0.017 | floor 11.09
[E2_permute_only_r2__keyagnostic__resunet_shapesB] step   5000 loss 0.2071 | SEEN psnr  11.65 top1@100 0.014 | UNSEEN psnr  11.58 top1@100 0.017 | floor 11.09
{
  "config": {
    "name": "E2_permute_only_r2__keyagnostic__resunet_shapesB",
    "cipher": {
      "name": "chaos",
      "map": "logistic",
      "rounds": 2,
      "mode": "permute_only",
      "perm_scope": "full2d",
      "perm_keyed": true,
      "feedback": "none",
      "precision": "float64"
    },
    "dataset": "shapes",
    "eval_dataset": null,
    "model": "resunet",
    "model_kw": {},
    "n_keys": null,
    "batch_size": 256,
    "steps": 5000,
    "lr": 0.0002,
    "warmup_steps": 200,
    "eval_n": 2000,
    "eval_every": 1000,
    "seed": 0,
    "device": "cuda:1",
    "workers": 6,
    "input_repr": "both",
    "coords": true,
    "prev_ch": true,
    "out_mode": "regress",
    "train_subset": null,
    "loss": "l1",
    "amp": true
  },
  "cipher_tag": "logistic_r2_permute_only_full2d_keyed_none_float64",
  "n_params": 27188675,
  "floor": {
    "psnr": 11.090311050415039,
    "ssim": 0.5391724705696106,
    "mse": 0.0847492590546608,
    "mae": 0.25266262888908386,
    "top1_pool10": 0.0982,
    "chance_pool10": 0.1,
    "top1_pool100": 0.010175,
    "chance_pool100": 0.01,
    "top1_pool1000": 0.001375,
    "chance_pool1000": 0.001
  },
  "seen": {
    "psnr": 11.64541244506836,
    "ssim": 0.5666402578353882,
    "mse": 0.07902777940034866,
    "mae": 0.2051694393157959,
    "top1_pool10": 0.11465,
    "chance_pool10": 0.1,
    "top1_pool100": 0.0141,
    "chance_pool100": 0.01,
    "top1_pool1000": 0.0019,
    "chance_pool1000": 0.001
  },
  "unseen": {
    "psnr": 11.575655937194824,
    "ssim": 0.559269905090332,
    "mse": 0.08032334595918655,
    "mae": 0.20630252361297607,
    "top1_pool10": 0.121025,
    "chance_pool10": 0.1,
    "top1_pool100": 0.01655,
    "chance_pool100": 0.01,
    "top1_pool1000": 0.00175,
    "chance_pool1000": 0.001
  },
  "mismatch_control": {
    "psnr": 9.659955024719238,
    "ssim": 0.48434779047966003,
    "mse": 0.12700413167476654,
    "mae": 0.29470744729042053,
    "top1_pool10": 0.103825,
    "chance_pool10": 0.1,
    "top1_pool100": 0.0107,
    "chance_pool100": 0.01,
    "top1_pool1000": 0.0016,
    "chance_pool1000": 0.001
  },
  "gain_over_floor_unseen": {
    "psnr_gain_db": 0.48534488677978516,
    "ssim_gain": 0.020097434520721436,
    "top1_pool10_gain": 0.022824999999999998,
    "top1_pool100_gain": 0.006374999999999999,
    "top1_pool1000_gain": 0.0003750000000000001
  },
  "gain_over_floor_seen": {
    "psnr_gain_db": 0.5551013946533203,
    "ssim_gain": 0.027467787265777588,
    "top1_pool10_gain": 0.016450000000000006,
    "top1_pool100_gain": 0.003925,
    "top1_pool1000_gain": 0.0005250000000000001
  },
  "kgg_psnr": 0.12566444355107495,
  "kgg_top1_100": -0.6242038216560508,
  "train_seconds": 328.28989601135254
}
