[E2_posctrl_fixedperm_only__keyagnostic__linearmixer_shapes] step   1000 loss 0.0435 | SEEN psnr  23.22 top1@100 1.000 | UNSEEN psnr  23.12 top1@100 1.000 | floor 11.09
[E2_posctrl_fixedperm_only__keyagnostic__linearmixer_shapes] step   2000 loss 0.0338 | SEEN psnr  24.78 top1@100 1.000 | UNSEEN psnr  24.67 top1@100 1.000 | floor 11.09
[E2_posctrl_fixedperm_only__keyagnostic__linearmixer_shapes] step   3000 loss 0.0267 | SEEN psnr  25.96 top1@100 1.000 | UNSEEN psnr  25.85 top1@100 1.000 | floor 11.09
[E2_posctrl_fixedperm_only__keyagnostic__linearmixer_shapes] step   4000 loss 0.0241 | SEEN psnr  26.56 top1@100 1.000 | UNSEEN psnr  26.46 top1@100 1.000 | floor 11.09
[E2_posctrl_fixedperm_only__keyagnostic__linearmixer_shapes] step   5000 loss 0.0232 | SEEN psnr  26.69 top1@100 1.000 | UNSEEN psnr  26.59 top1@100 1.000 | floor 11.09
{
  "config": {
    "name": "E2_posctrl_fixedperm_only__keyagnostic__linearmixer_shapes",
    "cipher": {
      "name": "chaos",
      "map": "logistic",
      "rounds": 1,
      "mode": "permute_only",
      "perm_scope": "full2d",
      "perm_keyed": false,
      "feedback": "cbc",
      "precision": "float64"
    },
    "dataset": "shapes",
    "eval_dataset": null,
    "model": "linearmixer",
    "model_kw": {
      "pos_embed": 0
    },
    "n_keys": null,
    "batch_size": 256,
    "steps": 5000,
    "lr": 0.0005,
    "warmup_steps": 200,
    "eval_n": 2000,
    "eval_every": 1000,
    "seed": 0,
    "device": "cuda:0",
    "workers": 6,
    "input_repr": "pixel",
    "coords": false,
    "loss": "l1",
    "amp": true
  },
  "cipher_tag": "logistic_r1_permute_only_full2d_fixedperm_cbc_float64",
  "n_params": 9469219,
  "floor": {
    "psnr": 11.090311050415039,
    "ssim": 0.5391724705696106,
    "mse": 0.0847492590546608,
    "mae": 0.25266262888908386,
    "top1_pool10": 0.0982,
    "chance_pool10": 0.1,
    "top1_pool100": 0.010175,
    "chance_pool100": 0.01,
    "top1_pool1000": 0.001375,
    "chance_pool1000": 0.001
  },
  "seen": {
    "psnr": 26.685487747192383,
    "ssim": 0.9147653579711914,
    "mse": 0.002425559563562274,
    "mae": 0.02346852608025074,
    "top1_pool10": 1.0,
    "chance_pool10": 0.1,
    "top1_pool100": 1.0,
    "chance_pool100": 0.01,
    "top1_pool1000": 1.0,
    "chance_pool1000": 0.001
  },
  "unseen": {
    "psnr": 26.589618682861328,
    "ssim": 0.9138053059577942,
    "mse": 0.002479240531101823,
    "mae": 0.023837456479668617,
    "top1_pool10": 1.0,
    "chance_pool10": 0.1,
    "top1_pool100": 1.0,
    "chance_pool100": 0.01,
    "top1_pool1000": 1.0,
    "chance_pool1000": 0.001
  },
  "mismatch_control": {
    "psnr": 8.186983108520508,
    "ssim": 0.34290412068367004,
    "mse": 0.16798162460327148,
    "mae": 0.33504539728164673,
    "top1_pool10": 0.09825,
    "chance_pool10": 0.1,
    "top1_pool100": 0.0102,
    "chance_pool100": 0.01,
    "top1_pool1000": 0.002425,
    "chance_pool1000": 0.001
  },
  "gain_over_floor_unseen": {
    "psnr_gain_db": 15.499307632446289,
    "ssim_gain": 0.3746328353881836,
    "top1_pool10_gain": 0.9018,
    "top1_pool100_gain": 0.989825,
    "top1_pool1000_gain": 0.998625
  },
  "gain_over_floor_seen": {
    "psnr_gain_db": 15.595176696777344,
    "ssim_gain": 0.3755928874015808,
    "top1_pool10_gain": 0.9018,
    "top1_pool100_gain": 0.989825,
    "top1_pool1000_gain": 0.998625
  },
  "kgg_psnr": 0.0061473535180185225,
  "kgg_top1_100": 0.0,
  "train_seconds": 75.54538941383362
}
