[E2_permute_only_r1__keyagnostic__resunet_shapesB] step   1000 loss 0.2160 | SEEN psnr  11.76 top1@100 0.012 | UNSEEN psnr  11.70 top1@100 0.013 | floor 11.09
[E2_permute_only_r1__keyagnostic__resunet_shapesB] step   2000 loss 0.2046 | SEEN psnr  11.69 top1@100 0.013 | UNSEEN psnr  11.62 top1@100 0.018 | floor 11.09
[E2_permute_only_r1__keyagnostic__resunet_shapesB] step   3000 loss 0.2061 | SEEN psnr  11.69 top1@100 0.015 | UNSEEN psnr  11.62 top1@100 0.017 | floor 11.09
[E2_permute_only_r1__keyagnostic__resunet_shapesB] step   4000 loss 0.2081 | SEEN psnr  11.67 top1@100 0.018 | UNSEEN psnr  11.60 top1@100 0.019 | floor 11.09
[E2_permute_only_r1__keyagnostic__resunet_shapesB] step   5000 loss 0.2065 | SEEN psnr  11.65 top1@100 0.016 | UNSEEN psnr  11.58 top1@100 0.018 | floor 11.09
{
  "config": {
    "name": "E2_permute_only_r1__keyagnostic__resunet_shapesB",
    "cipher": {
      "name": "chaos",
      "map": "logistic",
      "rounds": 1,
      "mode": "permute_only",
      "perm_scope": "full2d",
      "perm_keyed": true,
      "feedback": "none",
      "precision": "float64"
    },
    "dataset": "shapes",
    "eval_dataset": null,
    "model": "resunet",
    "model_kw": {},
    "n_keys": null,
    "batch_size": 256,
    "steps": 5000,
    "lr": 0.0002,
    "warmup_steps": 200,
    "eval_n": 2000,
    "eval_every": 1000,
    "seed": 0,
    "device": "cuda:0",
    "workers": 6,
    "input_repr": "both",
    "coords": true,
    "prev_ch": true,
    "out_mode": "regress",
    "train_subset": null,
    "loss": "l1",
    "amp": true
  },
  "cipher_tag": "logistic_r1_permute_only_full2d_keyed_none_float64",
  "n_params": 27188675,
  "floor": {
    "psnr": 11.090311050415039,
    "ssim": 0.5391724705696106,
    "mse": 0.0847492590546608,
    "mae": 0.25266262888908386,
    "top1_pool10": 0.0982,
    "chance_pool10": 0.1,
    "top1_pool100": 0.010175,
    "chance_pool100": 0.01,
    "top1_pool1000": 0.001375,
    "chance_pool1000": 0.001
  },
  "seen": {
    "psnr": 11.64883041381836,
    "ssim": 0.5669647455215454,
    "mse": 0.07890986651182175,
    "mae": 0.20508913695812225,
    "top1_pool10": 0.1187,
    "chance_pool10": 0.1,
    "top1_pool100": 0.015525,
    "chance_pool100": 0.01,
    "top1_pool1000": 0.00275,
    "chance_pool1000": 0.001
  },
  "unseen": {
    "psnr": 11.575970649719238,
    "ssim": 0.5590663552284241,
    "mse": 0.08028227090835571,
    "mae": 0.20631538331508636,
    "top1_pool10": 0.12745,
    "chance_pool10": 0.1,
    "top1_pool100": 0.018,
    "chance_pool100": 0.01,
    "top1_pool1000": 0.002625,
    "chance_pool1000": 0.001
  },
  "mismatch_control": {
    "psnr": 9.659131050109863,
    "ssim": 0.484366238117218,
    "mse": 0.1270814687013626,
    "mae": 0.2948204278945923,
    "top1_pool10": 0.10305,
    "chance_pool10": 0.1,
    "top1_pool100": 0.012425,
    "chance_pool100": 0.01,
    "top1_pool1000": 0.002375,
    "chance_pool1000": 0.001
  },
  "gain_over_floor_unseen": {
    "psnr_gain_db": 0.4856595993041992,
    "ssim_gain": 0.019893884658813477,
    "top1_pool10_gain": 0.029250000000000012,
    "top1_pool100_gain": 0.007824999999999999,
    "top1_pool1000_gain": 0.0012500000000000002
  },
  "gain_over_floor_seen": {
    "psnr_gain_db": 0.5585193634033203,
    "ssim_gain": 0.027792274951934814,
    "top1_pool10_gain": 0.020500000000000004,
    "top1_pool100_gain": 0.005350000000000001,
    "top1_pool1000_gain": 0.001375
  },
  "kgg_psnr": 0.1304516349355417,
  "kgg_top1_100": -0.46261682242990615,
  "train_seconds": 678.800030708313
}
