[E2_permute_only_r1__samekey__resunet_cifar] step   1000 loss 0.0504 | SEEN psnr  23.45 top1@100 1.000 | UNSEEN psnr  13.10 top1@100 0.011 | floor 12.68
[E2_permute_only_r1__samekey__resunet_cifar] step   2000 loss 0.0386 | SEEN psnr  25.66 top1@100 1.000 | UNSEEN psnr  12.91 top1@100 0.011 | floor 12.68
[E2_permute_only_r1__samekey__resunet_cifar] step   3000 loss 0.0336 | SEEN psnr  27.21 top1@100 1.000 | UNSEEN psnr  12.84 top1@100 0.012 | floor 12.68
[E2_permute_only_r1__samekey__resunet_cifar] step   4000 loss 0.0288 | SEEN psnr  28.12 top1@100 1.000 | UNSEEN psnr  12.75 top1@100 0.011 | floor 12.68
[E2_permute_only_r1__samekey__resunet_cifar] step   5000 loss 0.0274 | SEEN psnr  28.37 top1@100 1.000 | UNSEEN psnr  12.73 top1@100 0.011 | floor 12.68
{
  "config": {
    "name": "E2_permute_only_r1__samekey__resunet_cifar",
    "cipher": {
      "name": "chaos",
      "map": "logistic",
      "rounds": 1,
      "mode": "permute_only",
      "perm_scope": "full2d",
      "perm_keyed": true,
      "feedback": "none",
      "precision": "float64"
    },
    "dataset": "cifar10",
    "eval_dataset": null,
    "model": "resunet",
    "model_kw": {},
    "n_keys": 1,
    "batch_size": 256,
    "steps": 5000,
    "lr": 0.0002,
    "warmup_steps": 200,
    "eval_n": 2000,
    "eval_every": 1000,
    "seed": 0,
    "device": "cuda:2",
    "workers": 6,
    "input_repr": "both",
    "coords": true,
    "prev_ch": true,
    "out_mode": "regress",
    "train_subset": null,
    "loss": "l1",
    "amp": true
  },
  "cipher_tag": "logistic_r1_permute_only_full2d_keyed_none_float64",
  "n_params": 27188675,
  "floor": {
    "psnr": 12.681406021118164,
    "ssim": 0.35571393370628357,
    "mse": 0.06180805340409279,
    "mae": 0.20674438774585724,
    "top1_pool10": 0.100375,
    "chance_pool10": 0.1,
    "top1_pool100": 0.010025,
    "chance_pool100": 0.01,
    "top1_pool1000": 0.001075,
    "chance_pool1000": 0.001
  },
  "seen": {
    "psnr": 28.369943618774414,
    "ssim": 0.9351859092712402,
    "mse": 0.0017431752057746053,
    "mae": 0.02877669967710972,
    "top1_pool10": 1.0,
    "chance_pool10": 0.1,
    "top1_pool100": 1.0,
    "chance_pool100": 0.01,
    "top1_pool1000": 1.0,
    "chance_pool1000": 0.001
  },
  "unseen": {
    "psnr": 12.726422309875488,
    "ssim": 0.27483880519866943,
    "mse": 0.06206640228629112,
    "mae": 0.19464246928691864,
    "top1_pool10": 0.122175,
    "chance_pool10": 0.1,
    "top1_pool100": 0.010725,
    "chance_pool100": 0.01,
    "top1_pool1000": 0.000825,
    "chance_pool1000": 0.001
  },
  "mismatch_control": {
    "psnr": 10.81124210357666,
    "ssim": 0.24004751443862915,
    "mse": 0.09539110213518143,
    "mae": 0.2505599856376648,
    "top1_pool10": 0.106975,
    "chance_pool10": 0.1,
    "top1_pool100": 0.01095,
    "chance_pool100": 0.01,
    "top1_pool1000": 0.001325,
    "chance_pool1000": 0.001
  },
  "gain_over_floor_unseen": {
    "psnr_gain_db": 0.04501628875732422,
    "ssim_gain": -0.08087512850761414,
    "top1_pool10_gain": 0.0218,
    "top1_pool100_gain": 0.000700000000000001,
    "top1_pool1000_gain": -0.00025
  },
  "gain_over_floor_seen": {
    "psnr_gain_db": 15.68853759765625,
    "ssim_gain": 0.5794719755649567,
    "top1_pool10_gain": 0.899625,
    "top1_pool100_gain": 0.989975,
    "top1_pool1000_gain": 0.998925
  },
  "kgg_psnr": 0.9971306255616809,
  "kgg_top1_100": 0.9992929114371575,
  "train_seconds": 686.3071432113647
}
