[E2_posctrl_fixedperm_only__samekey__resunet_shapes] step   1000 loss 0.0709 | SEEN psnr  19.16 top1@100 0.980 | UNSEEN psnr  19.01 top1@100 0.973 | floor 11.09
[E2_posctrl_fixedperm_only__samekey__resunet_shapes] step   2000 loss 0.0400 | SEEN psnr  23.18 top1@100 1.000 | UNSEEN psnr  23.10 top1@100 1.000 | floor 11.09
[E2_posctrl_fixedperm_only__samekey__resunet_shapes] step   3000 loss 0.0266 | SEEN psnr  24.60 top1@100 1.000 | UNSEEN psnr  24.53 top1@100 1.000 | floor 11.09
[E2_posctrl_fixedperm_only__samekey__resunet_shapes] step   4000 loss 0.0225 | SEEN psnr  25.23 top1@100 1.000 | UNSEEN psnr  25.16 top1@100 1.000 | floor 11.09
[E2_posctrl_fixedperm_only__samekey__resunet_shapes] step   5000 loss 0.0214 | SEEN psnr  25.38 top1@100 1.000 | UNSEEN psnr  25.31 top1@100 1.000 | floor 11.09
{
  "config": {
    "name": "E2_posctrl_fixedperm_only__samekey__resunet_shapes",
    "cipher": {
      "name": "chaos",
      "map": "logistic",
      "rounds": 1,
      "mode": "permute_only",
      "perm_scope": "full2d",
      "perm_keyed": false,
      "feedback": "cbc",
      "precision": "float64"
    },
    "dataset": "shapes",
    "eval_dataset": null,
    "model": "resunet",
    "model_kw": {},
    "n_keys": 1,
    "batch_size": 256,
    "steps": 5000,
    "lr": 0.0002,
    "warmup_steps": 200,
    "eval_n": 2000,
    "eval_every": 1000,
    "seed": 0,
    "device": "cuda:0",
    "workers": 6,
    "input_repr": "both",
    "coords": true,
    "loss": "l1",
    "amp": true
  },
  "cipher_tag": "logistic_r1_permute_only_full2d_fixedperm_cbc_float64",
  "n_params": 27190851,
  "floor": {
    "psnr": 11.090311050415039,
    "ssim": 0.5391724705696106,
    "mse": 0.0847492590546608,
    "mae": 0.25266262888908386,
    "top1_pool10": 0.0982,
    "chance_pool10": 0.1,
    "top1_pool100": 0.010175,
    "chance_pool100": 0.01,
    "top1_pool1000": 0.001375,
    "chance_pool1000": 0.001
  },
  "seen": {
    "psnr": 25.379575729370117,
    "ssim": 0.90572190284729,
    "mse": 0.0035740509629249573,
    "mae": 0.02478332817554474,
    "top1_pool10": 1.0,
    "chance_pool10": 0.1,
    "top1_pool100": 1.0,
    "chance_pool100": 0.01,
    "top1_pool1000": 1.0,
    "chance_pool1000": 0.001
  },
  "unseen": {
    "psnr": 25.311519622802734,
    "ssim": 0.9055454134941101,
    "mse": 0.0036334458272904158,
    "mae": 0.02497958578169346,
    "top1_pool10": 1.0,
    "chance_pool10": 0.1,
    "top1_pool100": 1.0,
    "chance_pool100": 0.01,
    "top1_pool1000": 1.0,
    "chance_pool1000": 0.001
  },
  "mismatch_control": {
    "psnr": 8.17564582824707,
    "ssim": 0.34541216492652893,
    "mse": 0.1683502346277237,
    "mae": 0.33543676137924194,
    "top1_pool10": 0.0979,
    "chance_pool10": 0.1,
    "top1_pool100": 0.010225,
    "chance_pool100": 0.01,
    "top1_pool1000": 0.00215,
    "chance_pool1000": 0.001
  },
  "gain_over_floor_unseen": {
    "psnr_gain_db": 14.221208572387695,
    "ssim_gain": 0.3663729429244995,
    "top1_pool10_gain": 0.9018,
    "top1_pool100_gain": 0.989825,
    "top1_pool1000_gain": 0.998625
  },
  "gain_over_floor_seen": {
    "psnr_gain_db": 14.289264678955078,
    "ssim_gain": 0.36654943227767944,
    "top1_pool10_gain": 0.9018,
    "top1_pool100_gain": 0.989825,
    "top1_pool1000_gain": 0.998625
  },
  "kgg_psnr": 0.004762743786782421,
  "kgg_top1_100": 0.0,
  "train_seconds": 330.3719220161438
}
