[E2_permute_only_r1__keyagnostic__resunet_shapes] step   1000 loss 0.2060 | SEEN psnr  11.80 top1@100 0.014 | UNSEEN psnr  11.73 top1@100 0.016 | floor 11.09
[E2_permute_only_r1__keyagnostic__resunet_shapes] step   2000 loss 0.2032 | SEEN psnr  11.68 top1@100 0.014 | UNSEEN psnr  11.62 top1@100 0.016 | floor 11.09
[E2_permute_only_r1__keyagnostic__resunet_shapes] step   3000 loss 0.2026 | SEEN psnr  11.64 top1@100 0.015 | UNSEEN psnr  11.57 top1@100 0.015 | floor 11.09
[E2_permute_only_r1__keyagnostic__resunet_shapes] step   4000 loss 0.1976 | SEEN psnr  11.67 top1@100 0.019 | UNSEEN psnr  11.60 top1@100 0.019 | floor 11.09
[E2_permute_only_r1__keyagnostic__resunet_shapes] step   5000 loss 0.2051 | SEEN psnr  11.65 top1@100 0.017 | UNSEEN psnr  11.58 top1@100 0.020 | floor 11.09
{
  "config": {
    "name": "E2_permute_only_r1__keyagnostic__resunet_shapes",
    "cipher": {
      "name": "chaos",
      "map": "logistic",
      "rounds": 1,
      "mode": "permute_only",
      "perm_scope": "full2d",
      "perm_keyed": true,
      "feedback": "cbc",
      "precision": "float64"
    },
    "dataset": "shapes",
    "eval_dataset": null,
    "model": "resunet",
    "model_kw": {},
    "n_keys": null,
    "batch_size": 256,
    "steps": 5000,
    "lr": 0.0002,
    "warmup_steps": 200,
    "eval_n": 2000,
    "eval_every": 1000,
    "seed": 0,
    "device": "cuda:0",
    "workers": 6,
    "input_repr": "both",
    "coords": true,
    "loss": "l1",
    "amp": true
  },
  "cipher_tag": "logistic_r1_permute_only_full2d_keyed_cbc_float64",
  "n_params": 27190851,
  "floor": {
    "psnr": 11.090311050415039,
    "ssim": 0.5391724705696106,
    "mse": 0.0847492590546608,
    "mae": 0.25266262888908386,
    "top1_pool10": 0.0982,
    "chance_pool10": 0.1,
    "top1_pool100": 0.010175,
    "chance_pool100": 0.01,
    "top1_pool1000": 0.001375,
    "chance_pool1000": 0.001
  },
  "seen": {
    "psnr": 11.648517608642578,
    "ssim": 0.5667449831962585,
    "mse": 0.07889275252819061,
    "mae": 0.20524530112743378,
    "top1_pool10": 0.118725,
    "chance_pool10": 0.1,
    "top1_pool100": 0.01665,
    "chance_pool100": 0.01,
    "top1_pool1000": 0.001875,
    "chance_pool1000": 0.001
  },
  "unseen": {
    "psnr": 11.581144332885742,
    "ssim": 0.5592204332351685,
    "mse": 0.08017311245203018,
    "mae": 0.20635011792182922,
    "top1_pool10": 0.125175,
    "chance_pool10": 0.1,
    "top1_pool100": 0.020325,
    "chance_pool100": 0.01,
    "top1_pool1000": 0.0043,
    "chance_pool1000": 0.001
  },
  "mismatch_control": {
    "psnr": 9.665517807006836,
    "ssim": 0.48439648747444153,
    "mse": 0.12673990428447723,
    "mae": 0.2944839894771576,
    "top1_pool10": 0.09775,
    "chance_pool10": 0.1,
    "top1_pool100": 0.009775,
    "chance_pool100": 0.01,
    "top1_pool1000": 0.000975,
    "chance_pool1000": 0.001
  },
  "gain_over_floor_unseen": {
    "psnr_gain_db": 0.4908332824707031,
    "ssim_gain": 0.02004796266555786,
    "top1_pool10_gain": 0.026975000000000013,
    "top1_pool100_gain": 0.01015,
    "top1_pool1000_gain": 0.002925
  },
  "gain_over_floor_seen": {
    "psnr_gain_db": 0.5582065582275391,
    "ssim_gain": 0.02757251262664795,
    "top1_pool10_gain": 0.020525,
    "top1_pool100_gain": 0.006475000000000002,
    "top1_pool1000_gain": 0.0005
  },
  "kgg_psnr": 0.12069595880558052,
  "kgg_top1_100": -0.5675675675675671,
  "train_seconds": 331.31325459480286
}
