[E2_posctrl_fixedperm_only__samekey__linearmixer_shapes] step   1000 loss 0.0435 | SEEN psnr  23.18 top1@100 1.000 | UNSEEN psnr  23.08 top1@100 1.000 | floor 11.09
[E2_posctrl_fixedperm_only__samekey__linearmixer_shapes] step   2000 loss 0.0343 | SEEN psnr  24.77 top1@100 1.000 | UNSEEN psnr  24.66 top1@100 1.000 | floor 11.09
[E2_posctrl_fixedperm_only__samekey__linearmixer_shapes] step   3000 loss 0.0268 | SEEN psnr  25.95 top1@100 1.000 | UNSEEN psnr  25.85 top1@100 1.000 | floor 11.09
[E2_posctrl_fixedperm_only__samekey__linearmixer_shapes] step   4000 loss 0.0242 | SEEN psnr  26.55 top1@100 1.000 | UNSEEN psnr  26.45 top1@100 1.000 | floor 11.09
[E2_posctrl_fixedperm_only__samekey__linearmixer_shapes] step   5000 loss 0.0237 | SEEN psnr  26.68 top1@100 1.000 | UNSEEN psnr  26.58 top1@100 1.000 | floor 11.09
{
  "config": {
    "name": "E2_posctrl_fixedperm_only__samekey__linearmixer_shapes",
    "cipher": {
      "name": "chaos",
      "map": "logistic",
      "rounds": 1,
      "mode": "permute_only",
      "perm_scope": "full2d",
      "perm_keyed": false,
      "feedback": "cbc",
      "precision": "float64"
    },
    "dataset": "shapes",
    "eval_dataset": null,
    "model": "linearmixer",
    "model_kw": {
      "pos_embed": 0
    },
    "n_keys": 1,
    "batch_size": 256,
    "steps": 5000,
    "lr": 0.0005,
    "warmup_steps": 200,
    "eval_n": 2000,
    "eval_every": 1000,
    "seed": 0,
    "device": "cuda:2",
    "workers": 6,
    "input_repr": "pixel",
    "coords": false,
    "loss": "l1",
    "amp": true
  },
  "cipher_tag": "logistic_r1_permute_only_full2d_fixedperm_cbc_float64",
  "n_params": 9469219,
  "floor": {
    "psnr": 11.090311050415039,
    "ssim": 0.5391724705696106,
    "mse": 0.0847492590546608,
    "mae": 0.25266262888908386,
    "top1_pool10": 0.0982,
    "chance_pool10": 0.1,
    "top1_pool100": 0.010175,
    "chance_pool100": 0.01,
    "top1_pool1000": 0.001375,
    "chance_pool1000": 0.001
  },
  "seen": {
    "psnr": 26.67928123474121,
    "ssim": 0.9144499897956848,
    "mse": 0.002428266452625394,
    "mae": 0.023517679423093796,
    "top1_pool10": 1.0,
    "chance_pool10": 0.1,
    "top1_pool100": 1.0,
    "chance_pool100": 0.01,
    "top1_pool1000": 1.0,
    "chance_pool1000": 0.001
  },
  "unseen": {
    "psnr": 26.584081649780273,
    "ssim": 0.9134989380836487,
    "mse": 0.0024812580086290836,
    "mae": 0.02388923615217209,
    "top1_pool10": 1.0,
    "chance_pool10": 0.1,
    "top1_pool100": 1.0,
    "chance_pool100": 0.01,
    "top1_pool1000": 1.0,
    "chance_pool1000": 0.001
  },
  "mismatch_control": {
    "psnr": 8.18703556060791,
    "ssim": 0.3427385091781616,
    "mse": 0.1679924577474594,
    "mae": 0.33505144715309143,
    "top1_pool10": 0.098025,
    "chance_pool10": 0.1,
    "top1_pool100": 0.010125,
    "chance_pool100": 0.01,
    "top1_pool1000": 0.0023,
    "chance_pool1000": 0.001
  },
  "gain_over_floor_unseen": {
    "psnr_gain_db": 15.493770599365234,
    "ssim_gain": 0.3743264675140381,
    "top1_pool10_gain": 0.9018,
    "top1_pool100_gain": 0.989825,
    "top1_pool1000_gain": 0.998625
  },
  "gain_over_floor_seen": {
    "psnr_gain_db": 15.588970184326172,
    "ssim_gain": 0.3752775192260742,
    "top1_pool10_gain": 0.9018,
    "top1_pool100_gain": 0.989825,
    "top1_pool1000_gain": 0.998625
  },
  "kgg_psnr": 0.006106855285197434,
  "kgg_top1_100": 0.0,
  "train_seconds": 69.07802557945251
}
