[E2_rounds4__keyagnostic__resunet_shapes] step   1000 loss 0.2494 | SEEN psnr  11.20 top1@100 0.011 | UNSEEN psnr  11.09 top1@100 0.011 | floor 11.09
[E2_rounds4__keyagnostic__resunet_shapes] step   2000 loss 0.2524 | SEEN psnr  11.20 top1@100 0.010 | UNSEEN psnr  11.09 top1@100 0.010 | floor 11.09
[E2_rounds4__keyagnostic__resunet_shapes] step   3000 loss 0.2520 | SEEN psnr  11.20 top1@100 0.011 | UNSEEN psnr  11.09 top1@100 0.010 | floor 11.09
[E2_rounds4__keyagnostic__resunet_shapes] step   4000 loss 0.2494 | SEEN psnr  11.20 top1@100 0.010 | UNSEEN psnr  11.09 top1@100 0.010 | floor 11.09
[E2_rounds4__keyagnostic__resunet_shapes] step   5000 loss 0.2583 | SEEN psnr  11.20 top1@100 0.011 | UNSEEN psnr  11.09 top1@100 0.011 | floor 11.09
{
  "config": {
    "name": "E2_rounds4__keyagnostic__resunet_shapes",
    "cipher": {
      "name": "chaos",
      "map": "logistic",
      "rounds": 4,
      "mode": "permute_diffuse",
      "perm_scope": "full2d",
      "perm_keyed": true,
      "feedback": "cbc",
      "precision": "float64"
    },
    "dataset": "shapes",
    "eval_dataset": null,
    "model": "resunet",
    "model_kw": {},
    "n_keys": null,
    "batch_size": 256,
    "steps": 5000,
    "lr": 0.0002,
    "warmup_steps": 200,
    "eval_n": 2000,
    "eval_every": 1000,
    "seed": 0,
    "device": "cuda:2",
    "workers": 6,
    "input_repr": "both",
    "coords": true,
    "loss": "l1",
    "amp": true
  },
  "cipher_tag": "logistic_r4_permute_diffuse_full2d_keyed_cbc_float64",
  "n_params": 27190851,
  "floor": {
    "psnr": 11.090311050415039,
    "ssim": 0.5391724705696106,
    "mse": 0.0847492590546608,
    "mae": 0.25266262888908386,
    "top1_pool10": 0.0982,
    "chance_pool10": 0.1,
    "top1_pool100": 0.010175,
    "chance_pool100": 0.01,
    "top1_pool1000": 0.001375,
    "chance_pool1000": 0.001
  },
  "seen": {
    "psnr": 11.20244312286377,
    "ssim": 0.5488008856773376,
    "mse": 0.08283247798681259,
    "mae": 0.2486451417207718,
    "top1_pool10": 0.10155,
    "chance_pool10": 0.1,
    "top1_pool100": 0.0111,
    "chance_pool100": 0.01,
    "top1_pool1000": 0.0011,
    "chance_pool1000": 0.001
  },
  "unseen": {
    "psnr": 11.089743614196777,
    "ssim": 0.538863480091095,
    "mse": 0.08475224673748016,
    "mae": 0.252675324678421,
    "top1_pool10": 0.10025,
    "chance_pool10": 0.1,
    "top1_pool100": 0.0105,
    "chance_pool100": 0.01,
    "top1_pool1000": 0.0018,
    "chance_pool1000": 0.001
  },
  "mismatch_control": {
    "psnr": 11.089753150939941,
    "ssim": 0.538864254951477,
    "mse": 0.08475194126367569,
    "mae": 0.2526748776435852,
    "top1_pool10": 0.101325,
    "chance_pool10": 0.1,
    "top1_pool100": 0.010875,
    "chance_pool100": 0.01,
    "top1_pool1000": 0.0015,
    "chance_pool1000": 0.001
  },
  "gain_over_floor_unseen": {
    "psnr_gain_db": -0.0005674362182617188,
    "ssim_gain": -0.000308990478515625,
    "top1_pool10_gain": 0.00205000000000001,
    "top1_pool100_gain": 0.00032500000000000064,
    "top1_pool1000_gain": 0.00042500000000000003
  },
  "gain_over_floor_seen": {
    "psnr_gain_db": 0.11213207244873047,
    "ssim_gain": 0.00962841510772705,
    "top1_pool10_gain": 0.0033500000000000058,
    "top1_pool100_gain": 0.0009250000000000005,
    "top1_pool1000_gain": -0.00027499999999999985
  },
  "kgg_psnr": 1.005060427457284,
  "kgg_top1_100": 0.6486486486486481,
  "train_seconds": 329.0637481212616
}
