[E2_rounds2__samekey__resunet_shapes] step   1000 loss 0.2508 | SEEN psnr  11.20 top1@100 0.011 | UNSEEN psnr  11.09 top1@100 0.010 | floor 11.09
[E2_rounds2__samekey__resunet_shapes] step   2000 loss 0.2494 | SEEN psnr  11.20 top1@100 0.010 | UNSEEN psnr  11.09 top1@100 0.010 | floor 11.09
[E2_rounds2__samekey__resunet_shapes] step   3000 loss 0.2522 | SEEN psnr  11.20 top1@100 0.011 | UNSEEN psnr  11.09 top1@100 0.011 | floor 11.09
[E2_rounds2__samekey__resunet_shapes] step   4000 loss 0.2432 | SEEN psnr  11.20 top1@100 0.010 | UNSEEN psnr  11.09 top1@100 0.010 | floor 11.09
[E2_rounds2__samekey__resunet_shapes] step   5000 loss 0.2525 | SEEN psnr  11.20 top1@100 0.011 | UNSEEN psnr  11.09 top1@100 0.010 | floor 11.09
{
  "config": {
    "name": "E2_rounds2__samekey__resunet_shapes",
    "cipher": {
      "name": "chaos",
      "map": "logistic",
      "rounds": 2,
      "mode": "permute_diffuse",
      "perm_scope": "full2d",
      "perm_keyed": true,
      "feedback": "cbc",
      "precision": "float64"
    },
    "dataset": "shapes",
    "eval_dataset": null,
    "model": "resunet",
    "model_kw": {},
    "n_keys": 1,
    "batch_size": 256,
    "steps": 5000,
    "lr": 0.0002,
    "warmup_steps": 200,
    "eval_n": 2000,
    "eval_every": 1000,
    "seed": 0,
    "device": "cuda:0",
    "workers": 6,
    "input_repr": "both",
    "coords": true,
    "loss": "l1",
    "amp": true
  },
  "cipher_tag": "logistic_r2_permute_diffuse_full2d_keyed_cbc_float64",
  "n_params": 27190851,
  "floor": {
    "psnr": 11.090311050415039,
    "ssim": 0.5391724705696106,
    "mse": 0.0847492590546608,
    "mae": 0.25266262888908386,
    "top1_pool10": 0.0982,
    "chance_pool10": 0.1,
    "top1_pool100": 0.010175,
    "chance_pool100": 0.01,
    "top1_pool1000": 0.001375,
    "chance_pool1000": 0.001
  },
  "seen": {
    "psnr": 11.202435493469238,
    "ssim": 0.5487973690032959,
    "mse": 0.08283279836177826,
    "mae": 0.24864442646503448,
    "top1_pool10": 0.1013,
    "chance_pool10": 0.1,
    "top1_pool100": 0.01085,
    "chance_pool100": 0.01,
    "top1_pool1000": 0.0013,
    "chance_pool1000": 0.001
  },
  "unseen": {
    "psnr": 11.089695930480957,
    "ssim": 0.5388644337654114,
    "mse": 0.08475357294082642,
    "mae": 0.2526765465736389,
    "top1_pool10": 0.09965,
    "chance_pool10": 0.1,
    "top1_pool100": 0.0104,
    "chance_pool100": 0.01,
    "top1_pool1000": 0.001325,
    "chance_pool1000": 0.001
  },
  "mismatch_control": {
    "psnr": 11.089681625366211,
    "ssim": 0.5388587713241577,
    "mse": 0.08475405722856522,
    "mae": 0.2526770532131195,
    "top1_pool10": 0.099375,
    "chance_pool10": 0.1,
    "top1_pool100": 0.0108,
    "chance_pool100": 0.01,
    "top1_pool1000": 0.001125,
    "chance_pool1000": 0.001
  },
  "gain_over_floor_unseen": {
    "psnr_gain_db": -0.0006151199340820312,
    "ssim_gain": -0.00030803680419921875,
    "top1_pool10_gain": 0.0014500000000000068,
    "top1_pool100_gain": 0.0002249999999999995,
    "top1_pool1000_gain": -4.9999999999999914e-05
  },
  "gain_over_floor_seen": {
    "psnr_gain_db": 0.11212444305419922,
    "ssim_gain": 0.009624898433685303,
    "top1_pool10_gain": 0.0031000000000000055,
    "top1_pool100_gain": 0.0006750000000000003,
    "top1_pool1000_gain": -7.499999999999998e-05
  },
  "kgg_psnr": 1.0054860467292104,
  "kgg_top1_100": 0.6666666666666675,
  "train_seconds": 330.8591558933258
}
