[E2_rounds2__keyagnostic__resunet_shapesB] step   1000 loss 0.2496 | SEEN psnr  11.20 top1@100 0.011 | UNSEEN psnr  11.09 top1@100 0.011 | floor 11.09
[E2_rounds2__keyagnostic__resunet_shapesB] step   2000 loss 0.2478 | SEEN psnr  11.20 top1@100 0.011 | UNSEEN psnr  11.09 top1@100 0.011 | floor 11.09
[E2_rounds2__keyagnostic__resunet_shapesB] step   3000 loss 0.2460 | SEEN psnr  11.20 top1@100 0.010 | UNSEEN psnr  11.09 top1@100 0.010 | floor 11.09
[E2_rounds2__keyagnostic__resunet_shapesB] step   4000 loss 0.2523 | SEEN psnr  11.20 top1@100 0.010 | UNSEEN psnr  11.09 top1@100 0.011 | floor 11.09
[E2_rounds2__keyagnostic__resunet_shapesB] step   5000 loss 0.2555 | SEEN psnr  11.20 top1@100 0.011 | UNSEEN psnr  11.09 top1@100 0.011 | floor 11.09
{
  "config": {
    "name": "E2_rounds2__keyagnostic__resunet_shapesB",
    "cipher": {
      "name": "chaos",
      "map": "logistic",
      "rounds": 2,
      "mode": "permute_diffuse",
      "perm_scope": "full2d",
      "perm_keyed": true,
      "feedback": "none",
      "precision": "float64"
    },
    "dataset": "shapes",
    "eval_dataset": null,
    "model": "resunet",
    "model_kw": {},
    "n_keys": null,
    "batch_size": 256,
    "steps": 5000,
    "lr": 0.0002,
    "warmup_steps": 200,
    "eval_n": 2000,
    "eval_every": 1000,
    "seed": 0,
    "device": "cuda:1",
    "workers": 6,
    "input_repr": "both",
    "coords": true,
    "prev_ch": true,
    "out_mode": "regress",
    "train_subset": null,
    "loss": "l1",
    "amp": true
  },
  "cipher_tag": "logistic_r2_permute_diffuse_full2d_keyed_none_float64",
  "n_params": 27188675,
  "floor": {
    "psnr": 11.090311050415039,
    "ssim": 0.5391724705696106,
    "mse": 0.0847492590546608,
    "mae": 0.25266262888908386,
    "top1_pool10": 0.0982,
    "chance_pool10": 0.1,
    "top1_pool100": 0.010175,
    "chance_pool100": 0.01,
    "top1_pool1000": 0.001375,
    "chance_pool1000": 0.001
  },
  "seen": {
    "psnr": 11.20237922668457,
    "ssim": 0.5487625598907471,
    "mse": 0.0828331857919693,
    "mae": 0.24864615499973297,
    "top1_pool10": 0.101475,
    "chance_pool10": 0.1,
    "top1_pool100": 0.0105,
    "chance_pool100": 0.01,
    "top1_pool1000": 0.001425,
    "chance_pool1000": 0.001
  },
  "unseen": {
    "psnr": 11.08975887298584,
    "ssim": 0.5388388633728027,
    "mse": 0.08474919945001602,
    "mae": 0.25267311930656433,
    "top1_pool10": 0.100675,
    "chance_pool10": 0.1,
    "top1_pool100": 0.010975,
    "chance_pool100": 0.01,
    "top1_pool1000": 0.0013,
    "chance_pool1000": 0.001
  },
  "mismatch_control": {
    "psnr": 11.089795112609863,
    "ssim": 0.5388341546058655,
    "mse": 0.08474867790937424,
    "mae": 0.2526719570159912,
    "top1_pool10": 0.10105,
    "chance_pool10": 0.1,
    "top1_pool100": 0.01045,
    "chance_pool100": 0.01,
    "top1_pool1000": 0.001275,
    "chance_pool1000": 0.001
  },
  "gain_over_floor_unseen": {
    "psnr_gain_db": -0.0005521774291992188,
    "ssim_gain": -0.00033360719680786133,
    "top1_pool10_gain": 0.002475000000000005,
    "top1_pool100_gain": 0.0008000000000000004,
    "top1_pool1000_gain": -7.499999999999998e-05
  },
  "gain_over_floor_seen": {
    "psnr_gain_db": 0.11206817626953125,
    "ssim_gain": 0.009590089321136475,
    "top1_pool10_gain": 0.003275,
    "top1_pool100_gain": 0.00032500000000000064,
    "top1_pool1000_gain": 5.000000000000013e-05
  },
  "kgg_psnr": 1.004927156375519,
  "kgg_top1_100": -1.461538461538458,
  "train_seconds": 332.43640518188477
}
