[E2_rounds2__keyagnostic__linearmixer_shapes] step   1000 loss 0.2529 | SEEN psnr  11.18 top1@100 0.011 | UNSEEN psnr  11.08 top1@100 0.010 | floor 11.09
[E2_rounds2__keyagnostic__linearmixer_shapes] step   2000 loss 0.2503 | SEEN psnr  11.19 top1@100 0.010 | UNSEEN psnr  11.08 top1@100 0.009 | floor 11.09
[E2_rounds2__keyagnostic__linearmixer_shapes] step   3000 loss 0.2492 | SEEN psnr  11.19 top1@100 0.010 | UNSEEN psnr  11.08 top1@100 0.010 | floor 11.09
[E2_rounds2__keyagnostic__linearmixer_shapes] step   4000 loss 0.2443 | SEEN psnr  11.20 top1@100 0.010 | UNSEEN psnr  11.09 top1@100 0.010 | floor 11.09
[E2_rounds2__keyagnostic__linearmixer_shapes] step   5000 loss 0.2554 | SEEN psnr  11.20 top1@100 0.010 | UNSEEN psnr  11.09 top1@100 0.010 | floor 11.09
{
  "config": {
    "name": "E2_rounds2__keyagnostic__linearmixer_shapes",
    "cipher": {
      "name": "chaos",
      "map": "logistic",
      "rounds": 2,
      "mode": "permute_diffuse",
      "perm_scope": "full2d",
      "perm_keyed": true,
      "feedback": "cbc",
      "precision": "float64"
    },
    "dataset": "shapes",
    "eval_dataset": null,
    "model": "linearmixer",
    "model_kw": {
      "pos_embed": 0
    },
    "n_keys": null,
    "batch_size": 256,
    "steps": 5000,
    "lr": 0.0005,
    "warmup_steps": 200,
    "eval_n": 2000,
    "eval_every": 1000,
    "seed": 0,
    "device": "cuda:0",
    "workers": 6,
    "input_repr": "pixel",
    "coords": false,
    "loss": "l1",
    "amp": true
  },
  "cipher_tag": "logistic_r2_permute_diffuse_full2d_keyed_cbc_float64",
  "n_params": 9469219,
  "floor": {
    "psnr": 11.090311050415039,
    "ssim": 0.5391724705696106,
    "mse": 0.0847492590546608,
    "mae": 0.25266262888908386,
    "top1_pool10": 0.0982,
    "chance_pool10": 0.1,
    "top1_pool100": 0.010175,
    "chance_pool100": 0.01,
    "top1_pool1000": 0.001375,
    "chance_pool1000": 0.001
  },
  "seen": {
    "psnr": 11.201375007629395,
    "ssim": 0.5468562841415405,
    "mse": 0.08284914493560791,
    "mae": 0.24866297841072083,
    "top1_pool10": 0.0957,
    "chance_pool10": 0.1,
    "top1_pool100": 0.010225,
    "chance_pool100": 0.01,
    "top1_pool1000": 0.001325,
    "chance_pool1000": 0.001
  },
  "unseen": {
    "psnr": 11.08900260925293,
    "ssim": 0.5369554162025452,
    "mse": 0.08476515859365463,
    "mae": 0.25268444418907166,
    "top1_pool10": 0.102075,
    "chance_pool10": 0.1,
    "top1_pool100": 0.0097,
    "chance_pool100": 0.01,
    "top1_pool1000": 0.00065,
    "chance_pool1000": 0.001
  },
  "mismatch_control": {
    "psnr": 11.089071273803711,
    "ssim": 0.5369634628295898,
    "mse": 0.08476129174232483,
    "mae": 0.2526811957359314,
    "top1_pool10": 0.104125,
    "chance_pool10": 0.1,
    "top1_pool100": 0.010125,
    "chance_pool100": 0.01,
    "top1_pool1000": 0.0006,
    "chance_pool1000": 0.001
  },
  "gain_over_floor_unseen": {
    "psnr_gain_db": -0.001308441162109375,
    "ssim_gain": -0.0022170543670654297,
    "top1_pool10_gain": 0.0038750000000000034,
    "top1_pool100_gain": -0.00047499999999999973,
    "top1_pool1000_gain": -0.000725
  },
  "gain_over_floor_seen": {
    "psnr_gain_db": 0.11106395721435547,
    "ssim_gain": 0.007683813571929932,
    "top1_pool10_gain": -0.0025000000000000022,
    "top1_pool100_gain": 4.99999999999997e-05,
    "top1_pool1000_gain": -4.9999999999999914e-05
  },
  "kgg_psnr": 1.0117809701268257,
  "kgg_top1_100": 10.500000000000052,
  "train_seconds": 66.19180798530579
}
