[E2_rounds2__samekey__linearmixer_shapes] step   1000 loss 0.2478 | SEEN psnr  11.07 top1@100 0.011 | UNSEEN psnr  10.97 top1@100 0.012 | floor 11.09
[E2_rounds2__samekey__linearmixer_shapes] step   2000 loss 0.2341 | SEEN psnr  10.90 top1@100 0.008 | UNSEEN psnr  10.82 top1@100 0.010 | floor 11.09
[E2_rounds2__samekey__linearmixer_shapes] step   3000 loss 0.2146 | SEEN psnr  10.54 top1@100 0.008 | UNSEEN psnr  10.46 top1@100 0.010 | floor 11.09
[E2_rounds2__samekey__linearmixer_shapes] step   4000 loss 0.1769 | SEEN psnr  10.40 top1@100 0.009 | UNSEEN psnr  10.35 top1@100 0.012 | floor 11.09
[E2_rounds2__samekey__linearmixer_shapes] step   5000 loss 0.1725 | SEEN psnr  10.43 top1@100 0.008 | UNSEEN psnr  10.34 top1@100 0.009 | floor 11.09
{
  "config": {
    "name": "E2_rounds2__samekey__linearmixer_shapes",
    "cipher": {
      "name": "chaos",
      "map": "logistic",
      "rounds": 2,
      "mode": "permute_diffuse",
      "perm_scope": "full2d",
      "perm_keyed": true,
      "feedback": "cbc",
      "precision": "float64"
    },
    "dataset": "shapes",
    "eval_dataset": null,
    "model": "linearmixer",
    "model_kw": {
      "pos_embed": 0
    },
    "n_keys": 1,
    "batch_size": 256,
    "steps": 5000,
    "lr": 0.0005,
    "warmup_steps": 200,
    "eval_n": 2000,
    "eval_every": 1000,
    "seed": 0,
    "device": "cuda:2",
    "workers": 6,
    "input_repr": "pixel",
    "coords": false,
    "loss": "l1",
    "amp": true
  },
  "cipher_tag": "logistic_r2_permute_diffuse_full2d_keyed_cbc_float64",
  "n_params": 9469219,
  "floor": {
    "psnr": 11.090311050415039,
    "ssim": 0.5391724705696106,
    "mse": 0.0847492590546608,
    "mae": 0.25266262888908386,
    "top1_pool10": 0.0982,
    "chance_pool10": 0.1,
    "top1_pool100": 0.010175,
    "chance_pool100": 0.01,
    "top1_pool1000": 0.001375,
    "chance_pool1000": 0.001
  },
  "seen": {
    "psnr": 10.429039001464844,
    "ssim": 0.3324299454689026,
    "mse": 0.0990111380815506,
    "mae": 0.26494166254997253,
    "top1_pool10": 0.1013,
    "chance_pool10": 0.1,
    "top1_pool100": 0.007925,
    "chance_pool100": 0.01,
    "top1_pool1000": 0.0002,
    "chance_pool1000": 0.001
  },
  "unseen": {
    "psnr": 10.341883659362793,
    "ssim": 0.32712322473526,
    "mse": 0.10128485411405563,
    "mae": 0.2686326801776886,
    "top1_pool10": 0.098,
    "chance_pool10": 0.1,
    "top1_pool100": 0.00895,
    "chance_pool100": 0.01,
    "top1_pool1000": 0.000725,
    "chance_pool1000": 0.001
  },
  "mismatch_control": {
    "psnr": 10.31429672241211,
    "ssim": 0.3261321783065796,
    "mse": 0.101322703063488,
    "mae": 0.26934120059013367,
    "top1_pool10": 0.093075,
    "chance_pool10": 0.1,
    "top1_pool100": 0.009975,
    "chance_pool100": 0.01,
    "top1_pool1000": 0.001375,
    "chance_pool1000": 0.001
  },
  "gain_over_floor_unseen": {
    "psnr_gain_db": -0.7484273910522461,
    "ssim_gain": -0.21204924583435059,
    "top1_pool10_gain": -0.00019999999999999185,
    "top1_pool100_gain": -0.0012250000000000004,
    "top1_pool1000_gain": -0.00065
  },
  "gain_over_floor_seen": {
    "psnr_gain_db": -0.6612720489501953,
    "ssim_gain": -0.206742525100708,
    "top1_pool10_gain": 0.0031000000000000055,
    "top1_pool100_gain": -0.0022500000000000003,
    "top1_pool1000_gain": -0.0011749999999999998
  },
  "kgg_psnr": -0.13179952523384972,
  "kgg_top1_100": 0.45555555555555544,
  "train_seconds": 64.94081926345825
}
