[E2_rounds4__samekey__linearmixer_cifar] step   1000 loss 0.0526 | SEEN psnr  23.17 top1@100 1.000 | UNSEEN psnr  12.09 top1@100 0.009 | floor 12.68
[E2_rounds4__samekey__linearmixer_cifar] step   2000 loss 0.0450 | SEEN psnr  24.48 top1@100 1.000 | UNSEEN psnr  11.88 top1@100 0.010 | floor 12.68
[E2_rounds4__samekey__linearmixer_cifar] step   3000 loss 0.0393 | SEEN psnr  25.18 top1@100 1.000 | UNSEEN psnr  11.64 top1@100 0.010 | floor 12.68
[E2_rounds4__samekey__linearmixer_cifar] step   4000 loss 0.0379 | SEEN psnr  25.56 top1@100 1.000 | UNSEEN psnr  11.47 top1@100 0.010 | floor 12.68
[E2_rounds4__samekey__linearmixer_cifar] step   5000 loss 0.0380 | SEEN psnr  25.68 top1@100 1.000 | UNSEEN psnr  11.43 top1@100 0.010 | floor 12.68
{
  "config": {
    "name": "E2_rounds4__samekey__linearmixer_cifar",
    "cipher": {
      "name": "chaos",
      "map": "logistic",
      "rounds": 4,
      "mode": "permute_diffuse",
      "perm_scope": "full2d",
      "perm_keyed": true,
      "feedback": "none",
      "precision": "float64"
    },
    "dataset": "cifar10",
    "eval_dataset": null,
    "model": "linearmixer",
    "model_kw": {
      "pos_embed": 0
    },
    "n_keys": 1,
    "batch_size": 256,
    "steps": 5000,
    "lr": 0.0005,
    "warmup_steps": 200,
    "eval_n": 2000,
    "eval_every": 1000,
    "seed": 0,
    "device": "cuda:0",
    "workers": 6,
    "input_repr": "pixel",
    "coords": false,
    "prev_ch": true,
    "out_mode": "regress",
    "train_subset": null,
    "loss": "l1",
    "amp": true
  },
  "cipher_tag": "logistic_r4_permute_diffuse_full2d_keyed_none_float64",
  "n_params": 18906403,
  "floor": {
    "psnr": 12.681406021118164,
    "ssim": 0.35571393370628357,
    "mse": 0.06180805340409279,
    "mae": 0.20674438774585724,
    "top1_pool10": 0.100375,
    "chance_pool10": 0.1,
    "top1_pool100": 0.010025,
    "chance_pool100": 0.01,
    "top1_pool1000": 0.001075,
    "chance_pool1000": 0.001
  },
  "seen": {
    "psnr": 25.678621292114258,
    "ssim": 0.8909582495689392,
    "mse": 0.0029633480589836836,
    "mae": 0.03954296559095383,
    "top1_pool10": 1.0,
    "chance_pool10": 0.1,
    "top1_pool100": 1.0,
    "chance_pool100": 0.01,
    "top1_pool1000": 1.0,
    "chance_pool1000": 0.001
  },
  "unseen": {
    "psnr": 11.430173873901367,
    "ssim": 0.2544586956501007,
    "mse": 0.07812631130218506,
    "mae": 0.23075254261493683,
    "top1_pool10": 0.094,
    "chance_pool10": 0.1,
    "top1_pool100": 0.010025,
    "chance_pool100": 0.01,
    "top1_pool1000": 0.0015,
    "chance_pool1000": 0.001
  },
  "mismatch_control": {
    "psnr": 11.47835922241211,
    "ssim": 0.2578635513782501,
    "mse": 0.07711980491876602,
    "mae": 0.2289128452539444,
    "top1_pool10": 0.09675,
    "chance_pool10": 0.1,
    "top1_pool100": 0.009525,
    "chance_pool100": 0.01,
    "top1_pool1000": 0.000675,
    "chance_pool1000": 0.001
  },
  "gain_over_floor_unseen": {
    "psnr_gain_db": -1.2512321472167969,
    "ssim_gain": -0.10125523805618286,
    "top1_pool10_gain": -0.006375000000000006,
    "top1_pool100_gain": 0.0,
    "top1_pool1000_gain": 0.00042500000000000003
  },
  "gain_over_floor_seen": {
    "psnr_gain_db": 12.997215270996094,
    "ssim_gain": 0.5352443158626556,
    "top1_pool10_gain": 0.899625,
    "top1_pool100_gain": 0.989975,
    "top1_pool1000_gain": 0.998925
  },
  "kgg_psnr": 1.096269248537337,
  "kgg_top1_100": 1.0,
  "train_seconds": 159.84959197044373
}
