[E2_rounds3__keyagnostic__resunet_shapes] step   1000 loss 0.2485 | SEEN psnr  11.20 top1@100 0.010 | UNSEEN psnr  11.09 top1@100 0.010 | floor 11.09
[E2_rounds3__keyagnostic__resunet_shapes] step   2000 loss 0.2564 | SEEN psnr  11.20 top1@100 0.011 | UNSEEN psnr  11.09 top1@100 0.010 | floor 11.09
[E2_rounds3__keyagnostic__resunet_shapes] step   3000 loss 0.2480 | SEEN psnr  11.20 top1@100 0.010 | UNSEEN psnr  11.09 top1@100 0.010 | floor 11.09
[E2_rounds3__keyagnostic__resunet_shapes] step   4000 loss 0.2448 | SEEN psnr  11.20 top1@100 0.009 | UNSEEN psnr  11.09 top1@100 0.011 | floor 11.09
[E2_rounds3__keyagnostic__resunet_shapes] step   5000 loss 0.2556 | SEEN psnr  11.20 top1@100 0.011 | UNSEEN psnr  11.09 top1@100 0.010 | floor 11.09
{
  "config": {
    "name": "E2_rounds3__keyagnostic__resunet_shapes",
    "cipher": {
      "name": "chaos",
      "map": "logistic",
      "rounds": 3,
      "mode": "permute_diffuse",
      "perm_scope": "full2d",
      "perm_keyed": true,
      "feedback": "cbc",
      "precision": "float64"
    },
    "dataset": "shapes",
    "eval_dataset": null,
    "model": "resunet",
    "model_kw": {},
    "n_keys": null,
    "batch_size": 256,
    "steps": 5000,
    "lr": 0.0002,
    "warmup_steps": 200,
    "eval_n": 2000,
    "eval_every": 1000,
    "seed": 0,
    "device": "cuda:2",
    "workers": 6,
    "input_repr": "both",
    "coords": true,
    "loss": "l1",
    "amp": true
  },
  "cipher_tag": "logistic_r3_permute_diffuse_full2d_keyed_cbc_float64",
  "n_params": 27190851,
  "floor": {
    "psnr": 11.090311050415039,
    "ssim": 0.5391724705696106,
    "mse": 0.0847492590546608,
    "mae": 0.25266262888908386,
    "top1_pool10": 0.0982,
    "chance_pool10": 0.1,
    "top1_pool100": 0.010175,
    "chance_pool100": 0.01,
    "top1_pool1000": 0.001375,
    "chance_pool1000": 0.001
  },
  "seen": {
    "psnr": 11.202505111694336,
    "ssim": 0.5488004684448242,
    "mse": 0.08283162862062454,
    "mae": 0.24864251911640167,
    "top1_pool10": 0.1012,
    "chance_pool10": 0.1,
    "top1_pool100": 0.01075,
    "chance_pool100": 0.01,
    "top1_pool1000": 0.00125,
    "chance_pool1000": 0.001
  },
  "unseen": {
    "psnr": 11.089789390563965,
    "ssim": 0.5388710498809814,
    "mse": 0.08475222438573837,
    "mae": 0.252674400806427,
    "top1_pool10": 0.099925,
    "chance_pool10": 0.1,
    "top1_pool100": 0.010375,
    "chance_pool100": 0.01,
    "top1_pool1000": 0.001725,
    "chance_pool1000": 0.001
  },
  "mismatch_control": {
    "psnr": 11.0897798538208,
    "ssim": 0.5388667583465576,
    "mse": 0.08475252985954285,
    "mae": 0.2526746988296509,
    "top1_pool10": 0.0995,
    "chance_pool10": 0.1,
    "top1_pool100": 0.010225,
    "chance_pool100": 0.01,
    "top1_pool1000": 0.0015,
    "chance_pool1000": 0.001
  },
  "gain_over_floor_unseen": {
    "psnr_gain_db": -0.0005216598510742188,
    "ssim_gain": -0.0003014206886291504,
    "top1_pool10_gain": 0.0017250000000000043,
    "top1_pool100_gain": 0.00020000000000000052,
    "top1_pool1000_gain": 0.00035000000000000005
  },
  "gain_over_floor_seen": {
    "psnr_gain_db": 0.11219406127929688,
    "ssim_gain": 0.009627997875213623,
    "top1_pool10_gain": 0.0030000000000000027,
    "top1_pool100_gain": 0.0005749999999999991,
    "top1_pool1000_gain": -0.0001249999999999999
  },
  "kgg_psnr": 1.0046496208901432,
  "kgg_top1_100": 0.6521739130434768,
  "train_seconds": 332.0073127746582
}
