[E2_rounds4__samekey__resunet_shapes] step   1000 loss 0.2488 | SEEN psnr  11.20 top1@100 0.010 | UNSEEN psnr  11.08 top1@100 0.010 | floor 11.09
[E2_rounds4__samekey__resunet_shapes] step   2000 loss 0.2493 | SEEN psnr  11.20 top1@100 0.010 | UNSEEN psnr  11.09 top1@100 0.011 | floor 11.09
[E2_rounds4__samekey__resunet_shapes] step   3000 loss 0.2460 | SEEN psnr  11.20 top1@100 0.011 | UNSEEN psnr  11.09 top1@100 0.010 | floor 11.09
[E2_rounds4__samekey__resunet_shapes] step   4000 loss 0.2556 | SEEN psnr  11.20 top1@100 0.010 | UNSEEN psnr  11.09 top1@100 0.010 | floor 11.09
[E2_rounds4__samekey__resunet_shapes] step   5000 loss 0.2583 | SEEN psnr  11.20 top1@100 0.011 | UNSEEN psnr  11.09 top1@100 0.010 | floor 11.09
{
  "config": {
    "name": "E2_rounds4__samekey__resunet_shapes",
    "cipher": {
      "name": "chaos",
      "map": "logistic",
      "rounds": 4,
      "mode": "permute_diffuse",
      "perm_scope": "full2d",
      "perm_keyed": true,
      "feedback": "cbc",
      "precision": "float64"
    },
    "dataset": "shapes",
    "eval_dataset": null,
    "model": "resunet",
    "model_kw": {},
    "n_keys": 1,
    "batch_size": 256,
    "steps": 5000,
    "lr": 0.0002,
    "warmup_steps": 200,
    "eval_n": 2000,
    "eval_every": 1000,
    "seed": 0,
    "device": "cuda:0",
    "workers": 6,
    "input_repr": "both",
    "coords": true,
    "loss": "l1",
    "amp": true
  },
  "cipher_tag": "logistic_r4_permute_diffuse_full2d_keyed_cbc_float64",
  "n_params": 27190851,
  "floor": {
    "psnr": 11.090311050415039,
    "ssim": 0.5391724705696106,
    "mse": 0.0847492590546608,
    "mae": 0.25266262888908386,
    "top1_pool10": 0.0982,
    "chance_pool10": 0.1,
    "top1_pool100": 0.010175,
    "chance_pool100": 0.01,
    "top1_pool1000": 0.001375,
    "chance_pool1000": 0.001
  },
  "seen": {
    "psnr": 11.202444076538086,
    "ssim": 0.5488153696060181,
    "mse": 0.08283219486474991,
    "mae": 0.24864432215690613,
    "top1_pool10": 0.1016,
    "chance_pool10": 0.1,
    "top1_pool100": 0.010925,
    "chance_pool100": 0.01,
    "top1_pool1000": 0.001425,
    "chance_pool1000": 0.001
  },
  "unseen": {
    "psnr": 11.089750289916992,
    "ssim": 0.5388861298561096,
    "mse": 0.08475196361541748,
    "mae": 0.2526743710041046,
    "top1_pool10": 0.0999,
    "chance_pool10": 0.1,
    "top1_pool100": 0.010275,
    "chance_pool100": 0.01,
    "top1_pool1000": 0.001175,
    "chance_pool1000": 0.001
  },
  "mismatch_control": {
    "psnr": 11.089742660522461,
    "ssim": 0.5388805866241455,
    "mse": 0.08475212752819061,
    "mae": 0.2526753842830658,
    "top1_pool10": 0.0999,
    "chance_pool10": 0.1,
    "top1_pool100": 0.009825,
    "chance_pool100": 0.01,
    "top1_pool1000": 0.001475,
    "chance_pool1000": 0.001
  },
  "gain_over_floor_unseen": {
    "psnr_gain_db": -0.000560760498046875,
    "ssim_gain": -0.00028634071350097656,
    "top1_pool10_gain": 0.001700000000000007,
    "top1_pool100_gain": 9.99999999999994e-05,
    "top1_pool1000_gain": -0.00019999999999999987
  },
  "gain_over_floor_seen": {
    "psnr_gain_db": 0.11213302612304688,
    "ssim_gain": 0.00964289903640747,
    "top1_pool10_gain": 0.0034000000000000002,
    "top1_pool100_gain": 0.0007500000000000007,
    "top1_pool1000_gain": 5.000000000000013e-05
  },
  "kgg_psnr": 1.0050008504847763,
  "kgg_top1_100": 0.8666666666666676,
  "train_seconds": 329.6613881587982
}
