[E2_rounds4__samekey__linearmixer_shapesB] step   1000 loss 0.0486 | SEEN psnr  22.39 top1@100 1.000 | UNSEEN psnr  10.73 top1@100 0.005 | floor 11.09
[E2_rounds4__samekey__linearmixer_shapesB] step   2000 loss 0.0384 | SEEN psnr  24.04 top1@100 1.000 | UNSEEN psnr  10.65 top1@100 0.005 | floor 11.09
[E2_rounds4__samekey__linearmixer_shapesB] step   3000 loss 0.0307 | SEEN psnr  25.28 top1@100 1.000 | UNSEEN psnr  10.54 top1@100 0.005 | floor 11.09
[E2_rounds4__samekey__linearmixer_shapesB] step   4000 loss 0.0268 | SEEN psnr  25.96 top1@100 1.000 | UNSEEN psnr  10.47 top1@100 0.005 | floor 11.09
[E2_rounds4__samekey__linearmixer_shapesB] step   5000 loss 0.0267 | SEEN psnr  26.10 top1@100 1.000 | UNSEEN psnr  10.45 top1@100 0.005 | floor 11.09
{
  "config": {
    "name": "E2_rounds4__samekey__linearmixer_shapesB",
    "cipher": {
      "name": "chaos",
      "map": "logistic",
      "rounds": 4,
      "mode": "permute_diffuse",
      "perm_scope": "full2d",
      "perm_keyed": true,
      "feedback": "none",
      "precision": "float64"
    },
    "dataset": "shapes",
    "eval_dataset": null,
    "model": "linearmixer",
    "model_kw": {
      "pos_embed": 0
    },
    "n_keys": 1,
    "batch_size": 256,
    "steps": 5000,
    "lr": 0.0005,
    "warmup_steps": 200,
    "eval_n": 2000,
    "eval_every": 1000,
    "seed": 0,
    "device": "cuda:0",
    "workers": 6,
    "input_repr": "pixel",
    "coords": false,
    "prev_ch": true,
    "out_mode": "regress",
    "train_subset": null,
    "loss": "l1",
    "amp": true
  },
  "cipher_tag": "logistic_r4_permute_diffuse_full2d_keyed_none_float64",
  "n_params": 18906403,
  "floor": {
    "psnr": 11.090311050415039,
    "ssim": 0.5391724705696106,
    "mse": 0.0847492590546608,
    "mae": 0.25266262888908386,
    "top1_pool10": 0.0982,
    "chance_pool10": 0.1,
    "top1_pool100": 0.010175,
    "chance_pool100": 0.01,
    "top1_pool1000": 0.001375,
    "chance_pool1000": 0.001
  },
  "seen": {
    "psnr": 26.097991943359375,
    "ssim": 0.9040420055389404,
    "mse": 0.0027771564200520515,
    "mae": 0.02716457098722458,
    "top1_pool10": 1.0,
    "chance_pool10": 0.1,
    "top1_pool100": 1.0,
    "chance_pool100": 0.01,
    "top1_pool1000": 1.0,
    "chance_pool1000": 0.001
  },
  "unseen": {
    "psnr": 10.452113151550293,
    "ssim": 0.3309456706047058,
    "mse": 0.09652866423130035,
    "mae": 0.26548975706100464,
    "top1_pool10": 0.059025,
    "chance_pool10": 0.1,
    "top1_pool100": 0.00515,
    "chance_pool100": 0.01,
    "top1_pool1000": 0.000925,
    "chance_pool1000": 0.001
  },
  "mismatch_control": {
    "psnr": 10.54782772064209,
    "ssim": 0.332579642534256,
    "mse": 0.0946221724152565,
    "mae": 0.26198461651802063,
    "top1_pool10": 0.101175,
    "chance_pool10": 0.1,
    "top1_pool100": 0.01155,
    "chance_pool100": 0.01,
    "top1_pool1000": 0.002475,
    "chance_pool1000": 0.001
  },
  "gain_over_floor_unseen": {
    "psnr_gain_db": -0.6381978988647461,
    "ssim_gain": -0.20822679996490479,
    "top1_pool10_gain": -0.039174999999999995,
    "top1_pool100_gain": -0.005025,
    "top1_pool1000_gain": -0.0004499999999999999
  },
  "gain_over_floor_seen": {
    "psnr_gain_db": 15.007680892944336,
    "ssim_gain": 0.36486953496932983,
    "top1_pool10_gain": 0.9018,
    "top1_pool100_gain": 0.989825,
    "top1_pool1000_gain": 0.998625
  },
  "kgg_psnr": 1.0425247513867906,
  "kgg_top1_100": 1.0050766549642614,
  "train_seconds": 101.5011203289032
}
