[E2_rounds1__samekey__resunet_shapes] step   1000 loss 0.2497 | SEEN psnr  11.20 top1@100 0.011 | UNSEEN psnr  11.09 top1@100 0.010 | floor 11.09
[E2_rounds1__samekey__resunet_shapes] step   2000 loss 0.2454 | SEEN psnr  11.20 top1@100 0.011 | UNSEEN psnr  11.09 top1@100 0.011 | floor 11.09
[E2_rounds1__samekey__resunet_shapes] step   3000 loss 0.2520 | SEEN psnr  11.20 top1@100 0.010 | UNSEEN psnr  11.09 top1@100 0.010 | floor 11.09
[E2_rounds1__samekey__resunet_shapes] step   4000 loss 0.2537 | SEEN psnr  11.20 top1@100 0.010 | UNSEEN psnr  11.09 top1@100 0.010 | floor 11.09
[E2_rounds1__samekey__resunet_shapes] step   5000 loss 0.2553 | SEEN psnr  11.20 top1@100 0.010 | UNSEEN psnr  11.09 top1@100 0.010 | floor 11.09
{
  "config": {
    "name": "E2_rounds1__samekey__resunet_shapes",
    "cipher": {
      "name": "chaos",
      "map": "logistic",
      "rounds": 1,
      "mode": "permute_diffuse",
      "perm_scope": "full2d",
      "perm_keyed": true,
      "feedback": "cbc",
      "precision": "float64"
    },
    "dataset": "shapes",
    "eval_dataset": null,
    "model": "resunet",
    "model_kw": {},
    "n_keys": 1,
    "batch_size": 256,
    "steps": 5000,
    "lr": 0.0002,
    "warmup_steps": 200,
    "eval_n": 2000,
    "eval_every": 1000,
    "seed": 0,
    "device": "cuda:0",
    "workers": 6,
    "input_repr": "both",
    "coords": true,
    "loss": "l1",
    "amp": true
  },
  "cipher_tag": "logistic_r1_permute_diffuse_full2d_keyed_cbc_float64",
  "n_params": 27190851,
  "floor": {
    "psnr": 11.090311050415039,
    "ssim": 0.5391724705696106,
    "mse": 0.0847492590546608,
    "mae": 0.25266262888908386,
    "top1_pool10": 0.0982,
    "chance_pool10": 0.1,
    "top1_pool100": 0.010175,
    "chance_pool100": 0.01,
    "top1_pool1000": 0.001375,
    "chance_pool1000": 0.001
  },
  "seen": {
    "psnr": 11.202427864074707,
    "ssim": 0.5487882494926453,
    "mse": 0.08283285796642303,
    "mae": 0.24864457547664642,
    "top1_pool10": 0.101325,
    "chance_pool10": 0.1,
    "top1_pool100": 0.0102,
    "chance_pool100": 0.01,
    "top1_pool1000": 0.0008,
    "chance_pool1000": 0.001
  },
  "unseen": {
    "psnr": 11.089700698852539,
    "ssim": 0.5388464331626892,
    "mse": 0.08475345373153687,
    "mae": 0.25267744064331055,
    "top1_pool10": 0.099675,
    "chance_pool10": 0.1,
    "top1_pool100": 0.01025,
    "chance_pool100": 0.01,
    "top1_pool1000": 0.001475,
    "chance_pool1000": 0.001
  },
  "mismatch_control": {
    "psnr": 11.089698791503906,
    "ssim": 0.538848340511322,
    "mse": 0.08475380390882492,
    "mae": 0.25267738103866577,
    "top1_pool10": 0.09935,
    "chance_pool10": 0.1,
    "top1_pool100": 0.0108,
    "chance_pool100": 0.01,
    "top1_pool1000": 0.001425,
    "chance_pool1000": 0.001
  },
  "gain_over_floor_unseen": {
    "psnr_gain_db": -0.0006103515625,
    "ssim_gain": -0.0003260374069213867,
    "top1_pool10_gain": 0.001475000000000004,
    "top1_pool100_gain": 7.500000000000041e-05,
    "top1_pool1000_gain": 0.00010000000000000005
  },
  "gain_over_floor_seen": {
    "psnr_gain_db": 0.11211681365966797,
    "ssim_gain": 0.009615778923034668,
    "top1_pool10_gain": 0.0031250000000000028,
    "top1_pool100_gain": 2.5000000000000716e-05,
    "top1_pool1000_gain": -0.0005749999999999999
  },
  "kgg_psnr": 1.0054438896591615,
  "kgg_top1_100": -1.9999999999999307,
  "train_seconds": 330.4026803970337
}
