[E2_rounds4__keyagnostic__linearmixer_shapes] step   1000 loss 0.2538 | SEEN psnr  11.18 top1@100 0.011 | UNSEEN psnr  11.06 top1@100 0.010 | floor 11.09
[E2_rounds4__keyagnostic__linearmixer_shapes] step   2000 loss 0.2506 | SEEN psnr  11.20 top1@100 0.010 | UNSEEN psnr  11.08 top1@100 0.011 | floor 11.09
[E2_rounds4__keyagnostic__linearmixer_shapes] step   3000 loss 0.2514 | SEEN psnr  11.20 top1@100 0.010 | UNSEEN psnr  11.08 top1@100 0.009 | floor 11.09
[E2_rounds4__keyagnostic__linearmixer_shapes] step   4000 loss 0.2540 | SEEN psnr  11.20 top1@100 0.009 | UNSEEN psnr  11.09 top1@100 0.010 | floor 11.09
[E2_rounds4__keyagnostic__linearmixer_shapes] step   5000 loss 0.2493 | SEEN psnr  11.20 top1@100 0.010 | UNSEEN psnr  11.09 top1@100 0.011 | floor 11.09
{
  "config": {
    "name": "E2_rounds4__keyagnostic__linearmixer_shapes",
    "cipher": {
      "name": "chaos",
      "map": "logistic",
      "rounds": 4,
      "mode": "permute_diffuse",
      "perm_scope": "full2d",
      "perm_keyed": true,
      "feedback": "cbc",
      "precision": "float64"
    },
    "dataset": "shapes",
    "eval_dataset": null,
    "model": "linearmixer",
    "model_kw": {
      "pos_embed": 0
    },
    "n_keys": null,
    "batch_size": 256,
    "steps": 5000,
    "lr": 0.0005,
    "warmup_steps": 200,
    "eval_n": 2000,
    "eval_every": 1000,
    "seed": 0,
    "device": "cuda:0",
    "workers": 6,
    "input_repr": "pixel",
    "coords": false,
    "loss": "l1",
    "amp": true
  },
  "cipher_tag": "logistic_r4_permute_diffuse_full2d_keyed_cbc_float64",
  "n_params": 9469219,
  "floor": {
    "psnr": 11.090311050415039,
    "ssim": 0.5391724705696106,
    "mse": 0.0847492590546608,
    "mae": 0.25266262888908386,
    "top1_pool10": 0.0982,
    "chance_pool10": 0.1,
    "top1_pool100": 0.010175,
    "chance_pool100": 0.01,
    "top1_pool1000": 0.001375,
    "chance_pool1000": 0.001
  },
  "seen": {
    "psnr": 11.201493263244629,
    "ssim": 0.5472983121871948,
    "mse": 0.08284856379032135,
    "mae": 0.2486618459224701,
    "top1_pool10": 0.101425,
    "chance_pool10": 0.1,
    "top1_pool100": 0.0101,
    "chance_pool100": 0.01,
    "top1_pool1000": 0.0007,
    "chance_pool1000": 0.001
  },
  "unseen": {
    "psnr": 11.089040756225586,
    "ssim": 0.537432849407196,
    "mse": 0.08476187288761139,
    "mae": 0.25268855690956116,
    "top1_pool10": 0.102,
    "chance_pool10": 0.1,
    "top1_pool100": 0.011125,
    "chance_pool100": 0.01,
    "top1_pool1000": 0.001175,
    "chance_pool1000": 0.001
  },
  "mismatch_control": {
    "psnr": 11.088800430297852,
    "ssim": 0.5374167561531067,
    "mse": 0.08476798981428146,
    "mae": 0.2526947557926178,
    "top1_pool10": 0.099725,
    "chance_pool10": 0.1,
    "top1_pool100": 0.011125,
    "chance_pool100": 0.01,
    "top1_pool1000": 0.001175,
    "chance_pool1000": 0.001
  },
  "gain_over_floor_unseen": {
    "psnr_gain_db": -0.001270294189453125,
    "ssim_gain": -0.0017396211624145508,
    "top1_pool10_gain": 0.003799999999999998,
    "top1_pool100_gain": 0.0009499999999999995,
    "top1_pool1000_gain": -0.00019999999999999987
  },
  "gain_over_floor_seen": {
    "psnr_gain_db": 0.11118221282958984,
    "ssim_gain": 0.008125841617584229,
    "top1_pool10_gain": 0.0032250000000000056,
    "top1_pool100_gain": -7.500000000000041e-05,
    "top1_pool1000_gain": -0.0006749999999999999
  },
  "kgg_psnr": 1.0114253364555725,
  "kgg_top1_100": 13.66666666666659,
  "train_seconds": 96.0929901599884
}
