[E2_rounds1__keyagnostic__linearmixer_shapes] step   1000 loss 0.2534 | SEEN psnr  11.18 top1@100 0.011 | UNSEEN psnr  11.07 top1@100 0.012 | floor 11.09
[E2_rounds1__keyagnostic__linearmixer_shapes] step   2000 loss 0.2444 | SEEN psnr  11.18 top1@100 0.010 | UNSEEN psnr  11.07 top1@100 0.010 | floor 11.09
[E2_rounds1__keyagnostic__linearmixer_shapes] step   3000 loss 0.2527 | SEEN psnr  11.20 top1@100 0.011 | UNSEEN psnr  11.08 top1@100 0.010 | floor 11.09
[E2_rounds1__keyagnostic__linearmixer_shapes] step   4000 loss 0.2523 | SEEN psnr  11.20 top1@100 0.010 | UNSEEN psnr  11.09 top1@100 0.012 | floor 11.09
[E2_rounds1__keyagnostic__linearmixer_shapes] step   5000 loss 0.2554 | SEEN psnr  11.20 top1@100 0.012 | UNSEEN psnr  11.09 top1@100 0.011 | floor 11.09
{
  "config": {
    "name": "E2_rounds1__keyagnostic__linearmixer_shapes",
    "cipher": {
      "name": "chaos",
      "map": "logistic",
      "rounds": 1,
      "mode": "permute_diffuse",
      "perm_scope": "full2d",
      "perm_keyed": true,
      "feedback": "cbc",
      "precision": "float64"
    },
    "dataset": "shapes",
    "eval_dataset": null,
    "model": "linearmixer",
    "model_kw": {
      "pos_embed": 0
    },
    "n_keys": null,
    "batch_size": 256,
    "steps": 5000,
    "lr": 0.0005,
    "warmup_steps": 200,
    "eval_n": 2000,
    "eval_every": 1000,
    "seed": 0,
    "device": "cuda:0",
    "workers": 6,
    "input_repr": "pixel",
    "coords": false,
    "loss": "l1",
    "amp": true
  },
  "cipher_tag": "logistic_r1_permute_diffuse_full2d_keyed_cbc_float64",
  "n_params": 9469219,
  "floor": {
    "psnr": 11.090311050415039,
    "ssim": 0.5391724705696106,
    "mse": 0.0847492590546608,
    "mae": 0.25266262888908386,
    "top1_pool10": 0.0982,
    "chance_pool10": 0.1,
    "top1_pool100": 0.010175,
    "chance_pool100": 0.01,
    "top1_pool1000": 0.001375,
    "chance_pool1000": 0.001
  },
  "seen": {
    "psnr": 11.201635360717773,
    "ssim": 0.5474812388420105,
    "mse": 0.08284672349691391,
    "mae": 0.24866056442260742,
    "top1_pool10": 0.1014,
    "chance_pool10": 0.1,
    "top1_pool100": 0.01155,
    "chance_pool100": 0.01,
    "top1_pool1000": 0.001625,
    "chance_pool1000": 0.001
  },
  "unseen": {
    "psnr": 11.088961601257324,
    "ssim": 0.5375747084617615,
    "mse": 0.08476461470127106,
    "mae": 0.2526929974555969,
    "top1_pool10": 0.1011,
    "chance_pool10": 0.1,
    "top1_pool100": 0.0114,
    "chance_pool100": 0.01,
    "top1_pool1000": 0.001825,
    "chance_pool1000": 0.001
  },
  "mismatch_control": {
    "psnr": 11.08890438079834,
    "ssim": 0.5375535488128662,
    "mse": 0.08476635068655014,
    "mae": 0.25269120931625366,
    "top1_pool10": 0.099025,
    "chance_pool10": 0.1,
    "top1_pool100": 0.0099,
    "chance_pool100": 0.01,
    "top1_pool1000": 0.0018,
    "chance_pool1000": 0.001
  },
  "gain_over_floor_unseen": {
    "psnr_gain_db": -0.0013494491577148438,
    "ssim_gain": -0.001597762107849121,
    "top1_pool10_gain": 0.0029,
    "top1_pool100_gain": 0.0012250000000000004,
    "top1_pool1000_gain": 0.0004500000000000001
  },
  "gain_over_floor_seen": {
    "psnr_gain_db": 0.11132431030273438,
    "ssim_gain": 0.008308768272399902,
    "top1_pool10_gain": 0.0032000000000000084,
    "top1_pool100_gain": 0.0013749999999999995,
    "top1_pool1000_gain": 0.00025
  },
  "kgg_psnr": 1.0121217832299627,
  "kgg_top1_100": 0.10909090909090847,
  "train_seconds": 74.9701189994812
}
