[E2_rounds1__samekey__linearmixer_shapes] step   1000 loss 0.2324 | SEEN psnr  11.27 top1@100 0.018 | UNSEEN psnr  10.58 top1@100 0.009 | floor 11.09
[E2_rounds1__samekey__linearmixer_shapes] step   2000 loss 0.2325 | SEEN psnr  11.31 top1@100 0.021 | UNSEEN psnr  10.46 top1@100 0.010 | floor 11.09
[E2_rounds1__samekey__linearmixer_shapes] step   3000 loss 0.2080 | SEEN psnr  11.33 top1@100 0.023 | UNSEEN psnr  10.02 top1@100 0.011 | floor 11.09
[E2_rounds1__samekey__linearmixer_shapes] step   4000 loss 0.2068 | SEEN psnr  11.25 top1@100 0.024 | UNSEEN psnr   9.95 top1@100 0.012 | floor 11.09
[E2_rounds1__samekey__linearmixer_shapes] step   5000 loss 0.1967 | SEEN psnr  11.20 top1@100 0.023 | UNSEEN psnr   9.92 top1@100 0.012 | floor 11.09
{
  "config": {
    "name": "E2_rounds1__samekey__linearmixer_shapes",
    "cipher": {
      "name": "chaos",
      "map": "logistic",
      "rounds": 1,
      "mode": "permute_diffuse",
      "perm_scope": "full2d",
      "perm_keyed": true,
      "feedback": "cbc",
      "precision": "float64"
    },
    "dataset": "shapes",
    "eval_dataset": null,
    "model": "linearmixer",
    "model_kw": {
      "pos_embed": 0
    },
    "n_keys": 1,
    "batch_size": 256,
    "steps": 5000,
    "lr": 0.0005,
    "warmup_steps": 200,
    "eval_n": 2000,
    "eval_every": 1000,
    "seed": 0,
    "device": "cuda:2",
    "workers": 6,
    "input_repr": "pixel",
    "coords": false,
    "loss": "l1",
    "amp": true
  },
  "cipher_tag": "logistic_r1_permute_diffuse_full2d_keyed_cbc_float64",
  "n_params": 9469219,
  "floor": {
    "psnr": 11.090311050415039,
    "ssim": 0.5391724705696106,
    "mse": 0.0847492590546608,
    "mae": 0.25266262888908386,
    "top1_pool10": 0.0982,
    "chance_pool10": 0.1,
    "top1_pool100": 0.010175,
    "chance_pool100": 0.01,
    "top1_pool1000": 0.001375,
    "chance_pool1000": 0.001
  },
  "seen": {
    "psnr": 11.197809219360352,
    "ssim": 0.4493618905544281,
    "mse": 0.08792256563901901,
    "mae": 0.22999344766139984,
    "top1_pool10": 0.1758,
    "chance_pool10": 0.1,
    "top1_pool100": 0.02275,
    "chance_pool100": 0.01,
    "top1_pool1000": 0.0033,
    "chance_pool1000": 0.001
  },
  "unseen": {
    "psnr": 9.92451000213623,
    "ssim": 0.4062201678752899,
    "mse": 0.1125522255897522,
    "mae": 0.2805786728858948,
    "top1_pool10": 0.097075,
    "chance_pool10": 0.1,
    "top1_pool100": 0.01245,
    "chance_pool100": 0.01,
    "top1_pool1000": 0.001825,
    "chance_pool1000": 0.001
  },
  "mismatch_control": {
    "psnr": 9.959809303283691,
    "ssim": 0.40578827261924744,
    "mse": 0.11290150880813599,
    "mae": 0.2809537649154663,
    "top1_pool10": 0.099025,
    "chance_pool10": 0.1,
    "top1_pool100": 0.0114,
    "chance_pool100": 0.01,
    "top1_pool1000": 0.00125,
    "chance_pool1000": 0.001
  },
  "gain_over_floor_unseen": {
    "psnr_gain_db": -1.1658010482788086,
    "ssim_gain": -0.13295230269432068,
    "top1_pool10_gain": -0.001125000000000001,
    "top1_pool100_gain": 0.0022749999999999992,
    "top1_pool1000_gain": 0.0004500000000000001
  },
  "gain_over_floor_seen": {
    "psnr_gain_db": 0.1074981689453125,
    "ssim_gain": -0.0898105800151825,
    "top1_pool10_gain": 0.07760000000000002,
    "top1_pool100_gain": 0.012575,
    "top1_pool1000_gain": 0.001925
  },
  "kgg_psnr": 11.84484563520227,
  "kgg_top1_100": 0.8190854870775348,
  "train_seconds": 78.0586986541748
}
