[E2_rounds3__keyagnostic__linearmixer_shapes] step   1000 loss 0.2512 | SEEN psnr  11.18 top1@100 0.010 | UNSEEN psnr  11.07 top1@100 0.010 | floor 11.09
[E2_rounds3__keyagnostic__linearmixer_shapes] step   2000 loss 0.2544 | SEEN psnr  11.19 top1@100 0.010 | UNSEEN psnr  11.08 top1@100 0.009 | floor 11.09
[E2_rounds3__keyagnostic__linearmixer_shapes] step   3000 loss 0.2497 | SEEN psnr  11.20 top1@100 0.013 | UNSEEN psnr  11.08 top1@100 0.010 | floor 11.09
[E2_rounds3__keyagnostic__linearmixer_shapes] step   4000 loss 0.2505 | SEEN psnr  11.20 top1@100 0.009 | UNSEEN psnr  11.09 top1@100 0.009 | floor 11.09
[E2_rounds3__keyagnostic__linearmixer_shapes] step   5000 loss 0.2473 | SEEN psnr  11.20 top1@100 0.011 | UNSEEN psnr  11.09 top1@100 0.010 | floor 11.09
{
  "config": {
    "name": "E2_rounds3__keyagnostic__linearmixer_shapes",
    "cipher": {
      "name": "chaos",
      "map": "logistic",
      "rounds": 3,
      "mode": "permute_diffuse",
      "perm_scope": "full2d",
      "perm_keyed": true,
      "feedback": "cbc",
      "precision": "float64"
    },
    "dataset": "shapes",
    "eval_dataset": null,
    "model": "linearmixer",
    "model_kw": {
      "pos_embed": 0
    },
    "n_keys": null,
    "batch_size": 256,
    "steps": 5000,
    "lr": 0.0005,
    "warmup_steps": 200,
    "eval_n": 2000,
    "eval_every": 1000,
    "seed": 0,
    "device": "cuda:0",
    "workers": 6,
    "input_repr": "pixel",
    "coords": false,
    "loss": "l1",
    "amp": true
  },
  "cipher_tag": "logistic_r3_permute_diffuse_full2d_keyed_cbc_float64",
  "n_params": 9469219,
  "floor": {
    "psnr": 11.090311050415039,
    "ssim": 0.5391724705696106,
    "mse": 0.0847492590546608,
    "mae": 0.25266262888908386,
    "top1_pool10": 0.0982,
    "chance_pool10": 0.1,
    "top1_pool100": 0.010175,
    "chance_pool100": 0.01,
    "top1_pool1000": 0.001375,
    "chance_pool1000": 0.001
  },
  "seen": {
    "psnr": 11.201825141906738,
    "ssim": 0.5473783016204834,
    "mse": 0.08284348249435425,
    "mae": 0.24865232408046722,
    "top1_pool10": 0.100075,
    "chance_pool10": 0.1,
    "top1_pool100": 0.0108,
    "chance_pool100": 0.01,
    "top1_pool1000": 0.0012,
    "chance_pool1000": 0.001
  },
  "unseen": {
    "psnr": 11.088876724243164,
    "ssim": 0.5374992489814758,
    "mse": 0.08476440608501434,
    "mae": 0.2526909410953522,
    "top1_pool10": 0.0982,
    "chance_pool10": 0.1,
    "top1_pool100": 0.0097,
    "chance_pool100": 0.01,
    "top1_pool1000": 0.001225,
    "chance_pool1000": 0.001
  },
  "mismatch_control": {
    "psnr": 11.088963508605957,
    "ssim": 0.5374934077262878,
    "mse": 0.08476299792528152,
    "mae": 0.2526884377002716,
    "top1_pool10": 0.10265,
    "chance_pool10": 0.1,
    "top1_pool100": 0.009825,
    "chance_pool100": 0.01,
    "top1_pool1000": 0.000225,
    "chance_pool1000": 0.001
  },
  "gain_over_floor_unseen": {
    "psnr_gain_db": -0.001434326171875,
    "ssim_gain": -0.0016732215881347656,
    "top1_pool10_gain": 0.0,
    "top1_pool100_gain": -0.00047499999999999973,
    "top1_pool1000_gain": -0.00014999999999999996
  },
  "gain_over_floor_seen": {
    "psnr_gain_db": 0.11151409149169922,
    "ssim_gain": 0.008205831050872803,
    "top1_pool10_gain": 0.0018750000000000017,
    "top1_pool100_gain": 0.0006250000000000006,
    "top1_pool1000_gain": -0.00017500000000000003
  },
  "kgg_psnr": 1.012862286305599,
  "kgg_top1_100": 1.759999999999999,
  "train_seconds": 76.80781507492065
}
