[E2_rounds4__samekey__resunet_shapesB] step   1000 loss 0.0938 | SEEN psnr  16.24 top1@100 0.465 | UNSEEN psnr  10.16 top1@100 0.006 | floor 11.09
[E2_rounds4__samekey__resunet_shapesB] step   2000 loss 0.0475 | SEEN psnr  21.31 top1@100 0.999 | UNSEEN psnr  10.33 top1@100 0.009 | floor 11.09
[E2_rounds4__samekey__resunet_shapesB] step   3000 loss 0.0342 | SEEN psnr  22.98 top1@100 1.000 | UNSEEN psnr  10.46 top1@100 0.010 | floor 11.09
[E2_rounds4__samekey__resunet_shapesB] step   4000 loss 0.0280 | SEEN psnr  23.68 top1@100 1.000 | UNSEEN psnr  10.52 top1@100 0.010 | floor 11.09
[E2_rounds4__samekey__resunet_shapesB] step   5000 loss 0.0271 | SEEN psnr  23.83 top1@100 1.000 | UNSEEN psnr  10.54 top1@100 0.009 | floor 11.09
{
  "config": {
    "name": "E2_rounds4__samekey__resunet_shapesB",
    "cipher": {
      "name": "chaos",
      "map": "logistic",
      "rounds": 4,
      "mode": "permute_diffuse",
      "perm_scope": "full2d",
      "perm_keyed": true,
      "feedback": "none",
      "precision": "float64"
    },
    "dataset": "shapes",
    "eval_dataset": null,
    "model": "resunet",
    "model_kw": {},
    "n_keys": 1,
    "batch_size": 256,
    "steps": 5000,
    "lr": 0.0002,
    "warmup_steps": 200,
    "eval_n": 2000,
    "eval_every": 1000,
    "seed": 0,
    "device": "cuda:1",
    "workers": 6,
    "input_repr": "both",
    "coords": true,
    "prev_ch": true,
    "out_mode": "regress",
    "train_subset": null,
    "loss": "l1",
    "amp": true
  },
  "cipher_tag": "logistic_r4_permute_diffuse_full2d_keyed_none_float64",
  "n_params": 27188675,
  "floor": {
    "psnr": 11.090311050415039,
    "ssim": 0.5391724705696106,
    "mse": 0.0847492590546608,
    "mae": 0.25266262888908386,
    "top1_pool10": 0.0982,
    "chance_pool10": 0.1,
    "top1_pool100": 0.010175,
    "chance_pool100": 0.01,
    "top1_pool1000": 0.001375,
    "chance_pool1000": 0.001
  },
  "seen": {
    "psnr": 23.827945709228516,
    "ssim": 0.8725627064704895,
    "mse": 0.004887256771326065,
    "mae": 0.03272584453225136,
    "top1_pool10": 1.0,
    "chance_pool10": 0.1,
    "top1_pool100": 1.0,
    "chance_pool100": 0.01,
    "top1_pool1000": 1.0,
    "chance_pool1000": 0.001
  },
  "unseen": {
    "psnr": 10.542859077453613,
    "ssim": 0.3819606304168701,
    "mse": 0.09473288059234619,
    "mae": 0.2614571452140808,
    "top1_pool10": 0.102275,
    "chance_pool10": 0.1,
    "top1_pool100": 0.009275,
    "chance_pool100": 0.01,
    "top1_pool1000": 0.001125,
    "chance_pool1000": 0.001
  },
  "mismatch_control": {
    "psnr": 10.482928276062012,
    "ssim": 0.38028910756111145,
    "mse": 0.09598012268543243,
    "mae": 0.26361870765686035,
    "top1_pool10": 0.099475,
    "chance_pool10": 0.1,
    "top1_pool100": 0.008775,
    "chance_pool100": 0.01,
    "top1_pool1000": 0.001275,
    "chance_pool1000": 0.001
  },
  "gain_over_floor_unseen": {
    "psnr_gain_db": -0.5474519729614258,
    "ssim_gain": -0.15721184015274048,
    "top1_pool10_gain": 0.004075000000000009,
    "top1_pool100_gain": -0.0008999999999999998,
    "top1_pool1000_gain": -0.00025
  },
  "gain_over_floor_seen": {
    "psnr_gain_db": 12.737634658813477,
    "ssim_gain": 0.3333902359008789,
    "top1_pool10_gain": 0.9018,
    "top1_pool100_gain": 0.989825,
    "top1_pool1000_gain": 0.998625
  },
  "kgg_psnr": 1.0429790920861928,
  "kgg_top1_100": 1.0009092516353901,
  "train_seconds": 333.4716398715973
}
