[E2_rounds2__keyagnostic__linearmixer_cifar] step   1000 loss 0.2033 | SEEN psnr  12.67 top1@100 0.009 | UNSEEN psnr  12.66 top1@100 0.010 | floor 12.68
[E2_rounds2__keyagnostic__linearmixer_cifar] step   2000 loss 0.2086 | SEEN psnr  12.68 top1@100 0.010 | UNSEEN psnr  12.67 top1@100 0.010 | floor 12.68
[E2_rounds2__keyagnostic__linearmixer_cifar] step   3000 loss 0.2044 | SEEN psnr  12.67 top1@100 0.009 | UNSEEN psnr  12.66 top1@100 0.010 | floor 12.68
[E2_rounds2__keyagnostic__linearmixer_cifar] step   4000 loss 0.2046 | SEEN psnr  12.69 top1@100 0.010 | UNSEEN psnr  12.68 top1@100 0.011 | floor 12.68
[E2_rounds2__keyagnostic__linearmixer_cifar] step   5000 loss 0.2110 | SEEN psnr  12.69 top1@100 0.010 | UNSEEN psnr  12.68 top1@100 0.010 | floor 12.68
{
  "config": {
    "name": "E2_rounds2__keyagnostic__linearmixer_cifar",
    "cipher": {
      "name": "chaos",
      "map": "logistic",
      "rounds": 2,
      "mode": "permute_diffuse",
      "perm_scope": "full2d",
      "perm_keyed": true,
      "feedback": "none",
      "precision": "float64"
    },
    "dataset": "cifar10",
    "eval_dataset": null,
    "model": "linearmixer",
    "model_kw": {
      "pos_embed": 0
    },
    "n_keys": null,
    "batch_size": 256,
    "steps": 5000,
    "lr": 0.0005,
    "warmup_steps": 200,
    "eval_n": 2000,
    "eval_every": 1000,
    "seed": 0,
    "device": "cuda:2",
    "workers": 6,
    "input_repr": "pixel",
    "coords": false,
    "prev_ch": true,
    "out_mode": "regress",
    "train_subset": null,
    "loss": "l1",
    "amp": true
  },
  "cipher_tag": "logistic_r2_permute_diffuse_full2d_keyed_none_float64",
  "n_params": 18906403,
  "floor": {
    "psnr": 12.681406021118164,
    "ssim": 0.35571393370628357,
    "mse": 0.06180805340409279,
    "mae": 0.20674438774585724,
    "top1_pool10": 0.100375,
    "chance_pool10": 0.1,
    "top1_pool100": 0.010025,
    "chance_pool100": 0.01,
    "top1_pool1000": 0.001075,
    "chance_pool1000": 0.001
  },
  "seen": {
    "psnr": 12.690558433532715,
    "ssim": 0.354596883058548,
    "mse": 0.06249850615859032,
    "mae": 0.20642445981502533,
    "top1_pool10": 0.099725,
    "chance_pool10": 0.1,
    "top1_pool100": 0.009725,
    "chance_pool100": 0.01,
    "top1_pool1000": 0.001375,
    "chance_pool1000": 0.001
  },
  "unseen": {
    "psnr": 12.679678916931152,
    "ssim": 0.3522273898124695,
    "mse": 0.06238652393221855,
    "mae": 0.20641934871673584,
    "top1_pool10": 0.10095,
    "chance_pool10": 0.1,
    "top1_pool100": 0.010175,
    "chance_pool100": 0.01,
    "top1_pool1000": 0.0014,
    "chance_pool1000": 0.001
  },
  "mismatch_control": {
    "psnr": 12.679518699645996,
    "ssim": 0.35220953822135925,
    "mse": 0.062397073954343796,
    "mae": 0.20643672347068787,
    "top1_pool10": 0.101025,
    "chance_pool10": 0.1,
    "top1_pool100": 0.010225,
    "chance_pool100": 0.01,
    "top1_pool1000": 0.001375,
    "chance_pool1000": 0.001
  },
  "gain_over_floor_unseen": {
    "psnr_gain_db": -0.0017271041870117188,
    "ssim_gain": -0.003486543893814087,
    "top1_pool10_gain": 0.0005749999999999922,
    "top1_pool100_gain": 0.00015000000000000083,
    "top1_pool1000_gain": 0.000325
  },
  "gain_over_floor_seen": {
    "psnr_gain_db": 0.009152412414550781,
    "ssim_gain": -0.0011170506477355957,
    "top1_pool10_gain": -0.0006500000000000117,
    "top1_pool100_gain": -0.0002999999999999999,
    "top1_pool1000_gain": 0.0002999999999999999
  },
  "kgg_psnr": 1.1887048035844534,
  "kgg_top1_100": 1.5000000000000029,
  "train_seconds": 79.72935247421265
}
