[E2_rounds2__keyagnostic__resunet_shapes] step   1000 loss 0.2485 | SEEN psnr  11.20 top1@100 0.011 | UNSEEN psnr  11.09 top1@100 0.011 | floor 11.09
[E2_rounds2__keyagnostic__resunet_shapes] step   2000 loss 0.2528 | SEEN psnr  11.20 top1@100 0.011 | UNSEEN psnr  11.09 top1@100 0.010 | floor 11.09
[E2_rounds2__keyagnostic__resunet_shapes] step   3000 loss 0.2492 | SEEN psnr  11.20 top1@100 0.010 | UNSEEN psnr  11.09 top1@100 0.010 | floor 11.09
[E2_rounds2__keyagnostic__resunet_shapes] step   4000 loss 0.2555 | SEEN psnr  11.20 top1@100 0.010 | UNSEEN psnr  11.09 top1@100 0.010 | floor 11.09
[E2_rounds2__keyagnostic__resunet_shapes] step   5000 loss 0.2494 | SEEN psnr  11.20 top1@100 0.010 | UNSEEN psnr  11.09 top1@100 0.011 | floor 11.09
{
  "config": {
    "name": "E2_rounds2__keyagnostic__resunet_shapes",
    "cipher": {
      "name": "chaos",
      "map": "logistic",
      "rounds": 2,
      "mode": "permute_diffuse",
      "perm_scope": "full2d",
      "perm_keyed": true,
      "feedback": "cbc",
      "precision": "float64"
    },
    "dataset": "shapes",
    "eval_dataset": null,
    "model": "resunet",
    "model_kw": {},
    "n_keys": null,
    "batch_size": 256,
    "steps": 5000,
    "lr": 0.0002,
    "warmup_steps": 200,
    "eval_n": 2000,
    "eval_every": 1000,
    "seed": 0,
    "device": "cuda:2",
    "workers": 6,
    "input_repr": "both",
    "coords": true,
    "loss": "l1",
    "amp": true
  },
  "cipher_tag": "logistic_r2_permute_diffuse_full2d_keyed_cbc_float64",
  "n_params": 27190851,
  "floor": {
    "psnr": 11.090311050415039,
    "ssim": 0.5391724705696106,
    "mse": 0.0847492590546608,
    "mae": 0.25266262888908386,
    "top1_pool10": 0.0982,
    "chance_pool10": 0.1,
    "top1_pool100": 0.010175,
    "chance_pool100": 0.01,
    "top1_pool1000": 0.001375,
    "chance_pool1000": 0.001
  },
  "seen": {
    "psnr": 11.202449798583984,
    "ssim": 0.5489122867584229,
    "mse": 0.08283243328332901,
    "mae": 0.24864543974399567,
    "top1_pool10": 0.1014,
    "chance_pool10": 0.1,
    "top1_pool100": 0.010425,
    "chance_pool100": 0.01,
    "top1_pool1000": 0.0014,
    "chance_pool1000": 0.001
  },
  "unseen": {
    "psnr": 11.089771270751953,
    "ssim": 0.53898024559021,
    "mse": 0.08475197106599808,
    "mae": 0.25267544388771057,
    "top1_pool10": 0.101,
    "chance_pool10": 0.1,
    "top1_pool100": 0.01095,
    "chance_pool100": 0.01,
    "top1_pool1000": 0.001425,
    "chance_pool1000": 0.001
  },
  "mismatch_control": {
    "psnr": 11.089789390563965,
    "ssim": 0.5389785170555115,
    "mse": 0.0847516804933548,
    "mae": 0.25267499685287476,
    "top1_pool10": 0.101,
    "chance_pool10": 0.1,
    "top1_pool100": 0.010175,
    "chance_pool100": 0.01,
    "top1_pool1000": 0.000975,
    "chance_pool1000": 0.001
  },
  "gain_over_floor_unseen": {
    "psnr_gain_db": -0.0005397796630859375,
    "ssim_gain": -0.00019222497940063477,
    "top1_pool10_gain": 0.002800000000000011,
    "top1_pool100_gain": 0.0007749999999999996,
    "top1_pool1000_gain": 5.000000000000013e-05
  },
  "gain_over_floor_seen": {
    "psnr_gain_db": 0.11213874816894531,
    "ssim_gain": 0.009739816188812256,
    "top1_pool10_gain": 0.0032000000000000084,
    "top1_pool100_gain": 0.0002500000000000002,
    "top1_pool1000_gain": 2.5000000000000066e-05
  },
  "kgg_psnr": 1.0048134982055688,
  "kgg_top1_100": -2.0999999999999956,
  "train_seconds": 329.90999388694763
}
