[E2_rounds4__samekey__resunet_cifar] step   1000 loss 0.0754 | SEEN psnr  19.98 top1@100 0.997 | UNSEEN psnr  12.29 top1@100 0.016 | floor 12.68
[E2_rounds4__samekey__resunet_cifar] step   2000 loss 0.0581 | SEEN psnr  21.99 top1@100 1.000 | UNSEEN psnr  12.15 top1@100 0.012 | floor 12.68
[E2_rounds4__samekey__resunet_cifar] step   3000 loss 0.0490 | SEEN psnr  23.17 top1@100 1.000 | UNSEEN psnr  12.13 top1@100 0.011 | floor 12.68
[E2_rounds4__samekey__resunet_cifar] step   4000 loss 0.0463 | SEEN psnr  23.79 top1@100 1.000 | UNSEEN psnr  12.07 top1@100 0.012 | floor 12.68
[E2_rounds4__samekey__resunet_cifar] step   5000 loss 0.0453 | SEEN psnr  23.96 top1@100 1.000 | UNSEEN psnr  12.05 top1@100 0.013 | floor 12.68
{
  "config": {
    "name": "E2_rounds4__samekey__resunet_cifar",
    "cipher": {
      "name": "chaos",
      "map": "logistic",
      "rounds": 4,
      "mode": "permute_diffuse",
      "perm_scope": "full2d",
      "perm_keyed": true,
      "feedback": "none",
      "precision": "float64"
    },
    "dataset": "cifar10",
    "eval_dataset": null,
    "model": "resunet",
    "model_kw": {},
    "n_keys": 1,
    "batch_size": 256,
    "steps": 5000,
    "lr": 0.0002,
    "warmup_steps": 200,
    "eval_n": 2000,
    "eval_every": 1000,
    "seed": 0,
    "device": "cuda:2",
    "workers": 6,
    "input_repr": "both",
    "coords": true,
    "prev_ch": true,
    "out_mode": "regress",
    "train_subset": null,
    "loss": "l1",
    "amp": true
  },
  "cipher_tag": "logistic_r4_permute_diffuse_full2d_keyed_none_float64",
  "n_params": 27188675,
  "floor": {
    "psnr": 12.681406021118164,
    "ssim": 0.35571393370628357,
    "mse": 0.06180805340409279,
    "mae": 0.20674438774585724,
    "top1_pool10": 0.100375,
    "chance_pool10": 0.1,
    "top1_pool100": 0.010025,
    "chance_pool100": 0.01,
    "top1_pool1000": 0.001075,
    "chance_pool1000": 0.001
  },
  "seen": {
    "psnr": 23.956308364868164,
    "ssim": 0.8393317461013794,
    "mse": 0.004552788566797972,
    "mae": 0.04764939472079277,
    "top1_pool10": 1.0,
    "chance_pool10": 0.1,
    "top1_pool100": 1.0,
    "chance_pool100": 0.01,
    "top1_pool1000": 1.0,
    "chance_pool1000": 0.001
  },
  "unseen": {
    "psnr": 12.048059463500977,
    "ssim": 0.296029657125473,
    "mse": 0.06933239102363586,
    "mae": 0.218661829829216,
    "top1_pool10": 0.1062,
    "chance_pool10": 0.1,
    "top1_pool100": 0.0129,
    "chance_pool100": 0.01,
    "top1_pool1000": 0.00215,
    "chance_pool1000": 0.001
  },
  "mismatch_control": {
    "psnr": 12.030998229980469,
    "ssim": 0.29861268401145935,
    "mse": 0.06934804469347,
    "mae": 0.21881261467933655,
    "top1_pool10": 0.1019,
    "chance_pool10": 0.1,
    "top1_pool100": 0.010625,
    "chance_pool100": 0.01,
    "top1_pool1000": 0.0011,
    "chance_pool1000": 0.001
  },
  "gain_over_floor_unseen": {
    "psnr_gain_db": -0.6333465576171875,
    "ssim_gain": -0.05968427658081055,
    "top1_pool10_gain": 0.005824999999999997,
    "top1_pool100_gain": 0.002875000000000001,
    "top1_pool1000_gain": 0.001075
  },
  "gain_over_floor_seen": {
    "psnr_gain_db": 11.27490234375,
    "ssim_gain": 0.4836178123950958,
    "top1_pool10_gain": 0.899625,
    "top1_pool100_gain": 0.989975,
    "top1_pool1000_gain": 0.998925
  },
  "kgg_psnr": 1.0561731302238968,
  "kgg_top1_100": 0.997095886259754,
  "train_seconds": 540.576826095581
}
.3472366333008
}
