[E2_rounds1__keyagnostic__linearmixer_shapesB] step   1000 loss 0.2515 | SEEN psnr  11.18 top1@100 0.011 | UNSEEN psnr  11.06 top1@100 0.010 | floor 11.09
[E2_rounds1__keyagnostic__linearmixer_shapesB] step   2000 loss 0.2474 | SEEN psnr  11.20 top1@100 0.010 | UNSEEN psnr  11.08 top1@100 0.012 | floor 11.09
[E2_rounds1__keyagnostic__linearmixer_shapesB] step   3000 loss 0.2519 | SEEN psnr  11.20 top1@100 0.011 | UNSEEN psnr  11.08 top1@100 0.010 | floor 11.09
[E2_rounds1__keyagnostic__linearmixer_shapesB] step   4000 loss 0.2433 | SEEN psnr  11.20 top1@100 0.010 | UNSEEN psnr  11.09 top1@100 0.010 | floor 11.09
[E2_rounds1__keyagnostic__linearmixer_shapesB] step   5000 loss 0.2525 | SEEN psnr  11.20 top1@100 0.010 | UNSEEN psnr  11.09 top1@100 0.009 | floor 11.09
{
  "config": {
    "name": "E2_rounds1__keyagnostic__linearmixer_shapesB",
    "cipher": {
      "name": "chaos",
      "map": "logistic",
      "rounds": 1,
      "mode": "permute_diffuse",
      "perm_scope": "full2d",
      "perm_keyed": true,
      "feedback": "none",
      "precision": "float64"
    },
    "dataset": "shapes",
    "eval_dataset": null,
    "model": "linearmixer",
    "model_kw": {
      "pos_embed": 0
    },
    "n_keys": null,
    "batch_size": 256,
    "steps": 5000,
    "lr": 0.0005,
    "warmup_steps": 200,
    "eval_n": 2000,
    "eval_every": 1000,
    "seed": 0,
    "device": "cuda:2",
    "workers": 6,
    "input_repr": "pixel",
    "coords": false,
    "prev_ch": true,
    "out_mode": "regress",
    "train_subset": null,
    "loss": "l1",
    "amp": true
  },
  "cipher_tag": "logistic_r1_permute_diffuse_full2d_keyed_none_float64",
  "n_params": 18906403,
  "floor": {
    "psnr": 11.090311050415039,
    "ssim": 0.5391724705696106,
    "mse": 0.0847492590546608,
    "mae": 0.25266262888908386,
    "top1_pool10": 0.0982,
    "chance_pool10": 0.1,
    "top1_pool100": 0.010175,
    "chance_pool100": 0.01,
    "top1_pool1000": 0.001375,
    "chance_pool1000": 0.001
  },
  "seen": {
    "psnr": 11.201430320739746,
    "ssim": 0.5474522709846497,
    "mse": 0.0828491598367691,
    "mae": 0.2486647516489029,
    "top1_pool10": 0.1002,
    "chance_pool10": 0.1,
    "top1_pool100": 0.009775,
    "chance_pool100": 0.01,
    "top1_pool1000": 0.000875,
    "chance_pool1000": 0.001
  },
  "unseen": {
    "psnr": 11.088733673095703,
    "ssim": 0.5374966859817505,
    "mse": 0.08477196097373962,
    "mae": 0.25270482897758484,
    "top1_pool10": 0.0988,
    "chance_pool10": 0.1,
    "top1_pool100": 0.0088,
    "chance_pool100": 0.01,
    "top1_pool1000": 0.0008,
    "chance_pool1000": 0.001
  },
  "mismatch_control": {
    "psnr": 11.08915901184082,
    "ssim": 0.5375222563743591,
    "mse": 0.0847642719745636,
    "mae": 0.2526860237121582,
    "top1_pool10": 0.101075,
    "chance_pool10": 0.1,
    "top1_pool100": 0.011,
    "chance_pool100": 0.01,
    "top1_pool1000": 0.0026,
    "chance_pool1000": 0.001
  },
  "gain_over_floor_unseen": {
    "psnr_gain_db": -0.0015773773193359375,
    "ssim_gain": -0.0016757845878601074,
    "top1_pool10_gain": 0.0006000000000000033,
    "top1_pool100_gain": -0.0013749999999999995,
    "top1_pool1000_gain": -0.0005749999999999999
  },
  "gain_over_floor_seen": {
    "psnr_gain_db": 0.11111927032470703,
    "ssim_gain": 0.008279800415039062,
    "top1_pool10_gain": 0.0020000000000000018,
    "top1_pool100_gain": -0.0003999999999999993,
    "top1_pool1000_gain": -0.0004999999999999999
  },
  "kgg_psnr": 1.0141953534677344,
  "kgg_top1_100": -2.4375000000000044,
  "train_seconds": 92.20203757286072
}
