[E2_rounds4__samekey__linearmixer_shapes] step   1000 loss 0.2443 | SEEN psnr  11.09 top1@100 0.015 | UNSEEN psnr  10.97 top1@100 0.012 | floor 11.09
[E2_rounds4__samekey__linearmixer_shapes] step   2000 loss 0.2365 | SEEN psnr  10.82 top1@100 0.011 | UNSEEN psnr  10.74 top1@100 0.010 | floor 11.09
[E2_rounds4__samekey__linearmixer_shapes] step   3000 loss 0.2170 | SEEN psnr  10.56 top1@100 0.011 | UNSEEN psnr  10.47 top1@100 0.010 | floor 11.09
[E2_rounds4__samekey__linearmixer_shapes] step   4000 loss 0.1952 | SEEN psnr  10.45 top1@100 0.011 | UNSEEN psnr  10.37 top1@100 0.010 | floor 11.09
[E2_rounds4__samekey__linearmixer_shapes] step   5000 loss 0.1818 | SEEN psnr  10.42 top1@100 0.011 | UNSEEN psnr  10.34 top1@100 0.009 | floor 11.09
{
  "config": {
    "name": "E2_rounds4__samekey__linearmixer_shapes",
    "cipher": {
      "name": "chaos",
      "map": "logistic",
      "rounds": 4,
      "mode": "permute_diffuse",
      "perm_scope": "full2d",
      "perm_keyed": true,
      "feedback": "cbc",
      "precision": "float64"
    },
    "dataset": "shapes",
    "eval_dataset": null,
    "model": "linearmixer",
    "model_kw": {
      "pos_embed": 0
    },
    "n_keys": 1,
    "batch_size": 256,
    "steps": 5000,
    "lr": 0.0005,
    "warmup_steps": 200,
    "eval_n": 2000,
    "eval_every": 1000,
    "seed": 0,
    "device": "cuda:2",
    "workers": 6,
    "input_repr": "pixel",
    "coords": false,
    "loss": "l1",
    "amp": true
  },
  "cipher_tag": "logistic_r4_permute_diffuse_full2d_keyed_cbc_float64",
  "n_params": 9469219,
  "floor": {
    "psnr": 11.090311050415039,
    "ssim": 0.5391724705696106,
    "mse": 0.0847492590546608,
    "mae": 0.25266262888908386,
    "top1_pool10": 0.0982,
    "chance_pool10": 0.1,
    "top1_pool100": 0.010175,
    "chance_pool100": 0.01,
    "top1_pool1000": 0.001375,
    "chance_pool1000": 0.001
  },
  "seen": {
    "psnr": 10.41740608215332,
    "ssim": 0.32797494530677795,
    "mse": 0.09876685589551926,
    "mae": 0.2651408612728119,
    "top1_pool10": 0.100925,
    "chance_pool10": 0.1,
    "top1_pool100": 0.011075,
    "chance_pool100": 0.01,
    "top1_pool1000": 0.001625,
    "chance_pool1000": 0.001
  },
  "unseen": {
    "psnr": 10.337811470031738,
    "ssim": 0.3229082226753235,
    "mse": 0.10069311410188675,
    "mae": 0.2685137689113617,
    "top1_pool10": 0.10315,
    "chance_pool10": 0.1,
    "top1_pool100": 0.008775,
    "chance_pool100": 0.01,
    "top1_pool1000": 0.0004,
    "chance_pool1000": 0.001
  },
  "mismatch_control": {
    "psnr": 10.354544639587402,
    "ssim": 0.3230735659599304,
    "mse": 0.10087136179208755,
    "mae": 0.26809215545654297,
    "top1_pool10": 0.0975,
    "chance_pool10": 0.1,
    "top1_pool100": 0.008375,
    "chance_pool100": 0.01,
    "top1_pool1000": 0.001475,
    "chance_pool1000": 0.001
  },
  "gain_over_floor_unseen": {
    "psnr_gain_db": -0.7524995803833008,
    "ssim_gain": -0.2162642478942871,
    "top1_pool10_gain": 0.00495000000000001,
    "top1_pool100_gain": -0.0014000000000000002,
    "top1_pool1000_gain": -0.000975
  },
  "gain_over_floor_seen": {
    "psnr_gain_db": -0.6729049682617188,
    "ssim_gain": -0.21119752526283264,
    "top1_pool10_gain": 0.002725000000000005,
    "top1_pool100_gain": 0.0008999999999999998,
    "top1_pool1000_gain": 0.00025
  },
  "kgg_psnr": -0.11828507125931133,
  "kgg_top1_100": 2.5555555555555562,
  "train_seconds": 89.58885765075684
}
