[E2_rounds1__samekey__resunet_cifar] step   1000 loss 0.0652 | SEEN psnr  21.32 top1@100 1.000 | UNSEEN psnr  12.18 top1@100 0.005 | floor 12.68
[E2_rounds1__samekey__resunet_cifar] step   2000 loss 0.0500 | SEEN psnr  22.98 top1@100 1.000 | UNSEEN psnr  12.14 top1@100 0.009 | floor 12.68
[E2_rounds1__samekey__resunet_cifar] step   3000 loss 0.0461 | SEEN psnr  23.79 top1@100 1.000 | UNSEEN psnr  12.10 top1@100 0.010 | floor 12.68
[E2_rounds1__samekey__resunet_cifar] step   4000 loss 0.0416 | SEEN psnr  24.34 top1@100 1.000 | UNSEEN psnr  12.06 top1@100 0.008 | floor 12.68
[E2_rounds1__samekey__resunet_cifar] step   5000 loss 0.0392 | SEEN psnr  24.51 top1@100 1.000 | UNSEEN psnr  12.04 top1@100 0.008 | floor 12.68
{
  "config": {
    "name": "E2_rounds1__samekey__resunet_cifar",
    "cipher": {
      "name": "chaos",
      "map": "logistic",
      "rounds": 1,
      "mode": "permute_diffuse",
      "perm_scope": "full2d",
      "perm_keyed": true,
      "feedback": "none",
      "precision": "float64"
    },
    "dataset": "cifar10",
    "eval_dataset": null,
    "model": "resunet",
    "model_kw": {},
    "n_keys": 1,
    "batch_size": 256,
    "steps": 5000,
    "lr": 0.0002,
    "warmup_steps": 200,
    "eval_n": 2000,
    "eval_every": 1000,
    "seed": 0,
    "device": "cuda:2",
    "workers": 6,
    "input_repr": "both",
    "coords": true,
    "prev_ch": true,
    "out_mode": "regress",
    "train_subset": null,
    "loss": "l1",
    "amp": true
  },
  "cipher_tag": "logistic_r1_permute_diffuse_full2d_keyed_none_float64",
  "n_params": 27188675,
  "floor": {
    "psnr": 12.681406021118164,
    "ssim": 0.35571393370628357,
    "mse": 0.06180805340409279,
    "mae": 0.20674438774585724,
    "top1_pool10": 0.100375,
    "chance_pool10": 0.1,
    "top1_pool100": 0.010025,
    "chance_pool100": 0.01,
    "top1_pool1000": 0.001075,
    "chance_pool1000": 0.001
  },
  "seen": {
    "psnr": 24.513702392578125,
    "ssim": 0.8561679720878601,
    "mse": 0.004009590018540621,
    "mae": 0.04472700133919716,
    "top1_pool10": 1.0,
    "chance_pool10": 0.1,
    "top1_pool100": 1.0,
    "chance_pool100": 0.01,
    "top1_pool1000": 1.0,
    "chance_pool1000": 0.001
  },
  "unseen": {
    "psnr": 12.036423683166504,
    "ssim": 0.2961699962615967,
    "mse": 0.0690947100520134,
    "mae": 0.21846894919872284,
    "top1_pool10": 0.093275,
    "chance_pool10": 0.1,
    "top1_pool100": 0.00775,
    "chance_pool100": 0.01,
    "top1_pool1000": 0.000575,
    "chance_pool1000": 0.001
  },
  "mismatch_control": {
    "psnr": 12.029012680053711,
    "ssim": 0.2968626618385315,
    "mse": 0.0693003460764885,
    "mae": 0.21877212822437286,
    "top1_pool10": 0.100375,
    "chance_pool10": 0.1,
    "top1_pool100": 0.01175,
    "chance_pool100": 0.01,
    "top1_pool1000": 0.0026,
    "chance_pool1000": 0.001
  },
  "gain_over_floor_unseen": {
    "psnr_gain_db": -0.6449823379516602,
    "ssim_gain": -0.05954393744468689,
    "top1_pool10_gain": -0.007100000000000009,
    "top1_pool100_gain": -0.0022749999999999992,
    "top1_pool1000_gain": -0.0005
  },
  "gain_over_floor_seen": {
    "psnr_gain_db": 11.832296371459961,
    "ssim_gain": 0.5004540383815765,
    "top1_pool10_gain": 0.899625,
    "top1_pool100_gain": 0.989975,
    "top1_pool1000_gain": 0.998925
  },
  "kgg_psnr": 1.0545103264576254,
  "kgg_top1_100": 1.002298037829238,
  "train_seconds": 329.5115931034088
}
