[E2_rounds3__samekey__linearmixer_cifar] step   1000 loss 0.0523 | SEEN psnr  23.20 top1@100 1.000 | UNSEEN psnr  12.14 top1@100 0.011 | floor 12.68
[E2_rounds3__samekey__linearmixer_cifar] step   2000 loss 0.0438 | SEEN psnr  24.37 top1@100 1.000 | UNSEEN psnr  11.92 top1@100 0.009 | floor 12.68
[E2_rounds3__samekey__linearmixer_cifar] step   3000 loss 0.0400 | SEEN psnr  25.17 top1@100 1.000 | UNSEEN psnr  11.64 top1@100 0.009 | floor 12.68
[E2_rounds3__samekey__linearmixer_cifar] step   4000 loss 0.0380 | SEEN psnr  25.59 top1@100 1.000 | UNSEEN psnr  11.47 top1@100 0.009 | floor 12.68
[E2_rounds3__samekey__linearmixer_cifar] step   5000 loss 0.0362 | SEEN psnr  25.70 top1@100 1.000 | UNSEEN psnr  11.42 top1@100 0.009 | floor 12.68
{
  "config": {
    "name": "E2_rounds3__samekey__linearmixer_cifar",
    "cipher": {
      "name": "chaos",
      "map": "logistic",
      "rounds": 3,
      "mode": "permute_diffuse",
      "perm_scope": "full2d",
      "perm_keyed": true,
      "feedback": "none",
      "precision": "float64"
    },
    "dataset": "cifar10",
    "eval_dataset": null,
    "model": "linearmixer",
    "model_kw": {
      "pos_embed": 0
    },
    "n_keys": 1,
    "batch_size": 256,
    "steps": 5000,
    "lr": 0.0005,
    "warmup_steps": 200,
    "eval_n": 2000,
    "eval_every": 1000,
    "seed": 0,
    "device": "cuda:0",
    "workers": 6,
    "input_repr": "pixel",
    "coords": false,
    "prev_ch": true,
    "out_mode": "regress",
    "train_subset": null,
    "loss": "l1",
    "amp": true
  },
  "cipher_tag": "logistic_r3_permute_diffuse_full2d_keyed_none_float64",
  "n_params": 18906403,
  "floor": {
    "psnr": 12.681406021118164,
    "ssim": 0.35571393370628357,
    "mse": 0.06180805340409279,
    "mae": 0.20674438774585724,
    "top1_pool10": 0.100375,
    "chance_pool10": 0.1,
    "top1_pool100": 0.010025,
    "chance_pool100": 0.01,
    "top1_pool1000": 0.001075,
    "chance_pool1000": 0.001
  },
  "seen": {
    "psnr": 25.70334243774414,
    "ssim": 0.8917273879051208,
    "mse": 0.0029496268834918737,
    "mae": 0.039397548884153366,
    "top1_pool10": 1.0,
    "chance_pool10": 0.1,
    "top1_pool100": 1.0,
    "chance_pool100": 0.01,
    "top1_pool1000": 1.0,
    "chance_pool1000": 0.001
  },
  "unseen": {
    "psnr": 11.420082092285156,
    "ssim": 0.2520012855529785,
    "mse": 0.07762741297483444,
    "mae": 0.2297569364309311,
    "top1_pool10": 0.10805,
    "chance_pool10": 0.1,
    "top1_pool100": 0.00885,
    "chance_pool100": 0.01,
    "top1_pool1000": 0.000375,
    "chance_pool1000": 0.001
  },
  "mismatch_control": {
    "psnr": 11.383337020874023,
    "ssim": 0.2500401735305786,
    "mse": 0.07859394699335098,
    "mae": 0.2308739870786667,
    "top1_pool10": 0.09685,
    "chance_pool10": 0.1,
    "top1_pool100": 0.0104,
    "chance_pool100": 0.01,
    "top1_pool1000": 0.000875,
    "chance_pool1000": 0.001
  },
  "gain_over_floor_unseen": {
    "psnr_gain_db": -1.2613239288330078,
    "ssim_gain": -0.10371264815330505,
    "top1_pool10_gain": 0.007674999999999987,
    "top1_pool100_gain": -0.001174999999999999,
    "top1_pool1000_gain": -0.0007
  },
  "gain_over_floor_seen": {
    "psnr_gain_db": 13.021936416625977,
    "ssim_gain": 0.5360134541988373,
    "top1_pool10_gain": 0.899625,
    "top1_pool100_gain": 0.989975,
    "top1_pool1000_gain": 0.998925
  },
  "kgg_psnr": 1.0968614719407317,
  "kgg_top1_100": 1.001186898659057,
  "train_seconds": 109.97615170478821
}
