[E2_rounds2__samekey__linearmixer_cifar] step   1000 loss 0.0529 | SEEN psnr  23.18 top1@100 1.000 | UNSEEN psnr  12.04 top1@100 0.009 | floor 12.68
[E2_rounds2__samekey__linearmixer_cifar] step   2000 loss 0.0447 | SEEN psnr  24.43 top1@100 1.000 | UNSEEN psnr  11.91 top1@100 0.008 | floor 12.68
[E2_rounds2__samekey__linearmixer_cifar] step   3000 loss 0.0394 | SEEN psnr  25.32 top1@100 1.000 | UNSEEN psnr  11.67 top1@100 0.008 | floor 12.68
[E2_rounds2__samekey__linearmixer_cifar] step   4000 loss 0.0374 | SEEN psnr  25.71 top1@100 1.000 | UNSEEN psnr  11.52 top1@100 0.008 | floor 12.68
[E2_rounds2__samekey__linearmixer_cifar] step   5000 loss 0.0367 | SEEN psnr  25.83 top1@100 1.000 | UNSEEN psnr  11.48 top1@100 0.008 | floor 12.68
{
  "config": {
    "name": "E2_rounds2__samekey__linearmixer_cifar",
    "cipher": {
      "name": "chaos",
      "map": "logistic",
      "rounds": 2,
      "mode": "permute_diffuse",
      "perm_scope": "full2d",
      "perm_keyed": true,
      "feedback": "none",
      "precision": "float64"
    },
    "dataset": "cifar10",
    "eval_dataset": null,
    "model": "linearmixer",
    "model_kw": {
      "pos_embed": 0
    },
    "n_keys": 1,
    "batch_size": 256,
    "steps": 5000,
    "lr": 0.0005,
    "warmup_steps": 200,
    "eval_n": 2000,
    "eval_every": 1000,
    "seed": 0,
    "device": "cuda:0",
    "workers": 6,
    "input_repr": "pixel",
    "coords": false,
    "prev_ch": true,
    "out_mode": "regress",
    "train_subset": null,
    "loss": "l1",
    "amp": true
  },
  "cipher_tag": "logistic_r2_permute_diffuse_full2d_keyed_none_float64",
  "n_params": 18906403,
  "floor": {
    "psnr": 12.681406021118164,
    "ssim": 0.35571393370628357,
    "mse": 0.06180805340409279,
    "mae": 0.20674438774585724,
    "top1_pool10": 0.100375,
    "chance_pool10": 0.1,
    "top1_pool100": 0.010025,
    "chance_pool100": 0.01,
    "top1_pool1000": 0.001075,
    "chance_pool1000": 0.001
  },
  "seen": {
    "psnr": 25.826797485351562,
    "ssim": 0.8941182494163513,
    "mse": 0.002867214847356081,
    "mae": 0.0388803668320179,
    "top1_pool10": 1.0,
    "chance_pool10": 0.1,
    "top1_pool100": 1.0,
    "chance_pool100": 0.01,
    "top1_pool1000": 1.0,
    "chance_pool1000": 0.001
  },
  "unseen": {
    "psnr": 11.480587005615234,
    "ssim": 0.25682562589645386,
    "mse": 0.07696772366762161,
    "mae": 0.22810237109661102,
    "top1_pool10": 0.064975,
    "chance_pool10": 0.1,
    "top1_pool100": 0.008275,
    "chance_pool100": 0.01,
    "top1_pool1000": 0.001275,
    "chance_pool1000": 0.001
  },
  "mismatch_control": {
    "psnr": 11.477076530456543,
    "ssim": 0.258238822221756,
    "mse": 0.07714100927114487,
    "mae": 0.2289619892835617,
    "top1_pool10": 0.1071,
    "chance_pool10": 0.1,
    "top1_pool100": 0.0137,
    "chance_pool100": 0.01,
    "top1_pool1000": 0.001375,
    "chance_pool1000": 0.001
  },
  "gain_over_floor_unseen": {
    "psnr_gain_db": -1.2008190155029297,
    "ssim_gain": -0.09888830780982971,
    "top1_pool10_gain": -0.0354,
    "top1_pool100_gain": -0.0017499999999999998,
    "top1_pool1000_gain": 0.0002000000000000001
  },
  "gain_over_floor_seen": {
    "psnr_gain_db": 13.145391464233398,
    "ssim_gain": 0.5384043157100677,
    "top1_pool10_gain": 0.899625,
    "top1_pool100_gain": 0.989975,
    "top1_pool1000_gain": 0.998925
  },
  "kgg_psnr": 1.09134904949542,
  "kgg_top1_100": 1.0017677214071061,
  "train_seconds": 83.29160451889038
}
