[E2_scope_rowcol__keyagnostic__linearmixer_shapes] step   1000 loss 0.2516 | SEEN psnr  11.19 top1@100 0.010 | UNSEEN psnr  11.07 top1@100 0.011 | floor 11.09
[E2_scope_rowcol__keyagnostic__linearmixer_shapes] step   2000 loss 0.2517 | SEEN psnr  11.19 top1@100 0.011 | UNSEEN psnr  11.08 top1@100 0.009 | floor 11.09
[E2_scope_rowcol__keyagnostic__linearmixer_shapes] step   3000 loss 0.2493 | SEEN psnr  11.20 top1@100 0.009 | UNSEEN psnr  11.09 top1@100 0.010 | floor 11.09
[E2_scope_rowcol__keyagnostic__linearmixer_shapes] step   4000 loss 0.2522 | SEEN psnr  11.20 top1@100 0.010 | UNSEEN psnr  11.09 top1@100 0.012 | floor 11.09
[E2_scope_rowcol__keyagnostic__linearmixer_shapes] step   5000 loss 0.2534 | SEEN psnr  11.20 top1@100 0.009 | UNSEEN psnr  11.09 top1@100 0.011 | floor 11.09
{
  "config": {
    "name": "E2_scope_rowcol__keyagnostic__linearmixer_shapes",
    "cipher": {
      "name": "chaos",
      "map": "logistic",
      "rounds": 2,
      "mode": "permute_diffuse",
      "perm_scope": "rowcol",
      "perm_keyed": true,
      "feedback": "cbc",
      "precision": "float64"
    },
    "dataset": "shapes",
    "eval_dataset": null,
    "model": "linearmixer",
    "model_kw": {
      "pos_embed": 0
    },
    "n_keys": null,
    "batch_size": 256,
    "steps": 5000,
    "lr": 0.0005,
    "warmup_steps": 200,
    "eval_n": 2000,
    "eval_every": 1000,
    "seed": 0,
    "device": "cuda:0",
    "workers": 6,
    "input_repr": "pixel",
    "coords": false,
    "loss": "l1",
    "amp": true
  },
  "cipher_tag": "logistic_r2_permute_diffuse_rowcol_keyed_cbc_float64",
  "n_params": 9469219,
  "floor": {
    "psnr": 11.090311050415039,
    "ssim": 0.5391724705696106,
    "mse": 0.0847492590546608,
    "mae": 0.25266262888908386,
    "top1_pool10": 0.0982,
    "chance_pool10": 0.1,
    "top1_pool100": 0.010175,
    "chance_pool100": 0.01,
    "top1_pool1000": 0.001375,
    "chance_pool1000": 0.001
  },
  "seen": {
    "psnr": 11.201753616333008,
    "ssim": 0.5459355711936951,
    "mse": 0.0828409343957901,
    "mae": 0.24865415692329407,
    "top1_pool10": 0.1045,
    "chance_pool10": 0.1,
    "top1_pool100": 0.00895,
    "chance_pool100": 0.01,
    "top1_pool1000": 0.001775,
    "chance_pool1000": 0.001
  },
  "unseen": {
    "psnr": 11.089201927185059,
    "ssim": 0.5360376238822937,
    "mse": 0.08476316183805466,
    "mae": 0.2526775598526001,
    "top1_pool10": 0.10205,
    "chance_pool10": 0.1,
    "top1_pool100": 0.010925,
    "chance_pool100": 0.01,
    "top1_pool1000": 0.001375,
    "chance_pool1000": 0.001
  },
  "mismatch_control": {
    "psnr": 11.088994979858398,
    "ssim": 0.5360054969787598,
    "mse": 0.08476566523313522,
    "mae": 0.2526857256889343,
    "top1_pool10": 0.101325,
    "chance_pool10": 0.1,
    "top1_pool100": 0.0099,
    "chance_pool100": 0.01,
    "top1_pool1000": 0.001775,
    "chance_pool1000": 0.001
  },
  "gain_over_floor_unseen": {
    "psnr_gain_db": -0.0011091232299804688,
    "ssim_gain": -0.0031348466873168945,
    "top1_pool10_gain": 0.003850000000000006,
    "top1_pool100_gain": 0.0007500000000000007,
    "top1_pool1000_gain": 0.0
  },
  "gain_over_floor_seen": {
    "psnr_gain_db": 0.11144256591796875,
    "ssim_gain": 0.006763100624084473,
    "top1_pool10_gain": 0.0063,
    "top1_pool100_gain": -0.0012250000000000004,
    "top1_pool1000_gain": 0.0004000000000000002
  },
  "kgg_psnr": 1.009952420072568,
  "kgg_top1_100": 1.6122448979591841,
  "train_seconds": 112.87368130683899
}
