[E2_scope_rowcol_permonly__keyagnostic__linearmixer_shapesB] step   1000 loss 0.1278 | SEEN psnr  14.78 top1@100 0.102 | UNSEEN psnr  14.67 top1@100 0.097 | floor 11.09
[E2_scope_rowcol_permonly__keyagnostic__linearmixer_shapesB] step   2000 loss 0.1254 | SEEN psnr  14.87 top1@100 0.103 | UNSEEN psnr  14.74 top1@100 0.099 | floor 11.09
[E2_scope_rowcol_permonly__keyagnostic__linearmixer_shapesB] step   3000 loss 0.1217 | SEEN psnr  14.86 top1@100 0.103 | UNSEEN psnr  14.73 top1@100 0.099 | floor 11.09
[E2_scope_rowcol_permonly__keyagnostic__linearmixer_shapesB] step   4000 loss 0.1216 | SEEN psnr  14.87 top1@100 0.104 | UNSEEN psnr  14.74 top1@100 0.100 | floor 11.09
[E2_scope_rowcol_permonly__keyagnostic__linearmixer_shapesB] step   5000 loss 0.1234 | SEEN psnr  14.89 top1@100 0.103 | UNSEEN psnr  14.76 top1@100 0.100 | floor 11.09
{
  "config": {
    "name": "E2_scope_rowcol_permonly__keyagnostic__linearmixer_shapesB",
    "cipher": {
      "name": "chaos",
      "map": "logistic",
      "rounds": 1,
      "mode": "permute_only",
      "perm_scope": "rowcol",
      "perm_keyed": true,
      "feedback": "none",
      "precision": "float64"
    },
    "dataset": "shapes",
    "eval_dataset": null,
    "model": "linearmixer",
    "model_kw": {
      "pos_embed": 0
    },
    "n_keys": null,
    "batch_size": 256,
    "steps": 5000,
    "lr": 0.0005,
    "warmup_steps": 200,
    "eval_n": 2000,
    "eval_every": 1000,
    "seed": 0,
    "device": "cuda:2",
    "workers": 6,
    "input_repr": "pixel",
    "coords": false,
    "prev_ch": true,
    "out_mode": "regress",
    "train_subset": null,
    "loss": "l1",
    "amp": true
  },
  "cipher_tag": "logistic_r1_permute_only_rowcol_keyed_none_float64",
  "n_params": 18906403,
  "floor": {
    "psnr": 11.090311050415039,
    "ssim": 0.5391724705696106,
    "mse": 0.0847492590546608,
    "mae": 0.25266262888908386,
    "top1_pool10": 0.0982,
    "chance_pool10": 0.1,
    "top1_pool100": 0.010175,
    "chance_pool100": 0.01,
    "top1_pool1000": 0.001375,
    "chance_pool1000": 0.001
  },
  "seen": {
    "psnr": 14.893228530883789,
    "ssim": 0.6464890241622925,
    "mse": 0.037568263709545135,
    "mae": 0.12030744552612305,
    "top1_pool10": 0.45885,
    "chance_pool10": 0.1,
    "top1_pool100": 0.1035,
    "chance_pool100": 0.01,
    "top1_pool1000": 0.021175,
    "chance_pool1000": 0.001
  },
  "unseen": {
    "psnr": 14.764667510986328,
    "ssim": 0.6384419798851013,
    "mse": 0.038727499544620514,
    "mae": 0.12325354665517807,
    "top1_pool10": 0.45855,
    "chance_pool10": 0.1,
    "top1_pool100": 0.099875,
    "chance_pool100": 0.01,
    "top1_pool1000": 0.02035,
    "chance_pool1000": 0.001
  },
  "mismatch_control": {
    "psnr": 8.805488586425781,
    "ssim": 0.4620118737220764,
    "mse": 0.1541839838027954,
    "mae": 0.3213766813278198,
    "top1_pool10": 0.09475,
    "chance_pool10": 0.1,
    "top1_pool100": 0.00985,
    "chance_pool100": 0.01,
    "top1_pool1000": 0.0002,
    "chance_pool1000": 0.001
  },
  "gain_over_floor_unseen": {
    "psnr_gain_db": 3.674356460571289,
    "ssim_gain": 0.09926950931549072,
    "top1_pool10_gain": 0.36035,
    "top1_pool100_gain": 0.0897,
    "top1_pool1000_gain": 0.018975
  },
  "gain_over_floor_seen": {
    "psnr_gain_db": 3.80291748046875,
    "ssim_gain": 0.10731655359268188,
    "top1_pool10_gain": 0.36064999999999997,
    "top1_pool100_gain": 0.09332499999999999,
    "top1_pool1000_gain": 0.019799999999999998
  },
  "kgg_psnr": 0.03380589259633749,
  "kgg_top1_100": 0.03884275381730501,
  "train_seconds": 94.89760184288025
}
