[E2_scope_rowcol_permonly__samekey__linearmixer_shapes] step   1000 loss 0.0432 | SEEN psnr  23.10 top1@100 1.000 | UNSEEN psnr  14.20 top1@100 0.093 | floor 11.09
[E2_scope_rowcol_permonly__samekey__linearmixer_shapes] step   2000 loss 0.0342 | SEEN psnr  24.73 top1@100 1.000 | UNSEEN psnr  14.05 top1@100 0.093 | floor 11.09
[E2_scope_rowcol_permonly__samekey__linearmixer_shapes] step   3000 loss 0.0262 | SEEN psnr  26.08 top1@100 1.000 | UNSEEN psnr  13.94 top1@100 0.093 | floor 11.09
[E2_scope_rowcol_permonly__samekey__linearmixer_shapes] step   4000 loss 0.0242 | SEEN psnr  26.75 top1@100 1.000 | UNSEEN psnr  13.87 top1@100 0.093 | floor 11.09
[E2_scope_rowcol_permonly__samekey__linearmixer_shapes] step   5000 loss 0.0232 | SEEN psnr  26.89 top1@100 1.000 | UNSEEN psnr  13.86 top1@100 0.093 | floor 11.09
{
  "config": {
    "name": "E2_scope_rowcol_permonly__samekey__linearmixer_shapes",
    "cipher": {
      "name": "chaos",
      "map": "logistic",
      "rounds": 1,
      "mode": "permute_only",
      "perm_scope": "rowcol",
      "perm_keyed": true,
      "feedback": "cbc",
      "precision": "float64"
    },
    "dataset": "shapes",
    "eval_dataset": null,
    "model": "linearmixer",
    "model_kw": {
      "pos_embed": 0
    },
    "n_keys": 1,
    "batch_size": 256,
    "steps": 5000,
    "lr": 0.0005,
    "warmup_steps": 200,
    "eval_n": 2000,
    "eval_every": 1000,
    "seed": 0,
    "device": "cuda:2",
    "workers": 6,
    "input_repr": "pixel",
    "coords": false,
    "loss": "l1",
    "amp": true
  },
  "cipher_tag": "logistic_r1_permute_only_rowcol_keyed_cbc_float64",
  "n_params": 9469219,
  "floor": {
    "psnr": 11.090311050415039,
    "ssim": 0.5391724705696106,
    "mse": 0.0847492590546608,
    "mae": 0.25266262888908386,
    "top1_pool10": 0.0982,
    "chance_pool10": 0.1,
    "top1_pool100": 0.010175,
    "chance_pool100": 0.01,
    "top1_pool1000": 0.001375,
    "chance_pool1000": 0.001
  },
  "seen": {
    "psnr": 26.886369705200195,
    "ssim": 0.9180822968482971,
    "mse": 0.0023102727718651295,
    "mae": 0.022768760100007057,
    "top1_pool10": 1.0,
    "chance_pool10": 0.1,
    "top1_pool100": 1.0,
    "chance_pool100": 0.01,
    "top1_pool1000": 1.0,
    "chance_pool1000": 0.001
  },
  "unseen": {
    "psnr": 13.856538772583008,
    "ssim": 0.43569937348365784,
    "mse": 0.04978930577635765,
    "mae": 0.14567652344703674,
    "top1_pool10": 0.420225,
    "chance_pool10": 0.1,
    "top1_pool100": 0.093275,
    "chance_pool100": 0.01,
    "top1_pool1000": 0.01935,
    "chance_pool1000": 0.001
  },
  "mismatch_control": {
    "psnr": 8.944229125976562,
    "ssim": 0.3155179023742676,
    "mse": 0.14475643634796143,
    "mae": 0.31205490231513977,
    "top1_pool10": 0.095025,
    "chance_pool10": 0.1,
    "top1_pool100": 0.0094,
    "chance_pool100": 0.01,
    "top1_pool1000": 0.000375,
    "chance_pool1000": 0.001
  },
  "gain_over_floor_unseen": {
    "psnr_gain_db": 2.7662277221679688,
    "ssim_gain": -0.10347309708595276,
    "top1_pool10_gain": 0.322025,
    "top1_pool100_gain": 0.0831,
    "top1_pool1000_gain": 0.017974999999999998
  },
  "gain_over_floor_seen": {
    "psnr_gain_db": 15.796058654785156,
    "ssim_gain": 0.3789098262786865,
    "top1_pool10_gain": 0.9018,
    "top1_pool100_gain": 0.989825,
    "top1_pool1000_gain": 0.998625
  },
  "kgg_psnr": 0.8248786116446848,
  "kgg_top1_100": 0.916045765665648,
  "train_seconds": 89.9341094493866
}
