[E2_scope_rowcol__samekey__resunet_shapes] step   1000 loss 0.2447 | SEEN psnr  11.20 top1@100 0.011 | UNSEEN psnr  11.09 top1@100 0.010 | floor 11.09
[E2_scope_rowcol__samekey__resunet_shapes] step   2000 loss 0.2541 | SEEN psnr  11.20 top1@100 0.010 | UNSEEN psnr  11.09 top1@100 0.010 | floor 11.09
[E2_scope_rowcol__samekey__resunet_shapes] step   3000 loss 0.2575 | SEEN psnr  11.20 top1@100 0.010 | UNSEEN psnr  11.09 top1@100 0.010 | floor 11.09
[E2_scope_rowcol__samekey__resunet_shapes] step   4000 loss 0.2524 | SEEN psnr  11.20 top1@100 0.010 | UNSEEN psnr  11.09 top1@100 0.010 | floor 11.09
[E2_scope_rowcol__samekey__resunet_shapes] step   5000 loss 0.2503 | SEEN psnr  11.20 top1@100 0.011 | UNSEEN psnr  11.09 top1@100 0.010 | floor 11.09
{
  "config": {
    "name": "E2_scope_rowcol__samekey__resunet_shapes",
    "cipher": {
      "name": "chaos",
      "map": "logistic",
      "rounds": 2,
      "mode": "permute_diffuse",
      "perm_scope": "rowcol",
      "perm_keyed": true,
      "feedback": "cbc",
      "precision": "float64"
    },
    "dataset": "shapes",
    "eval_dataset": null,
    "model": "resunet",
    "model_kw": {},
    "n_keys": 1,
    "batch_size": 256,
    "steps": 5000,
    "lr": 0.0002,
    "warmup_steps": 200,
    "eval_n": 2000,
    "eval_every": 1000,
    "seed": 0,
    "device": "cuda:0",
    "workers": 6,
    "input_repr": "both",
    "coords": true,
    "loss": "l1",
    "amp": true
  },
  "cipher_tag": "logistic_r2_permute_diffuse_rowcol_keyed_cbc_float64",
  "n_params": 27190851,
  "floor": {
    "psnr": 11.090311050415039,
    "ssim": 0.5391724705696106,
    "mse": 0.0847492590546608,
    "mae": 0.25266262888908386,
    "top1_pool10": 0.0982,
    "chance_pool10": 0.1,
    "top1_pool100": 0.010175,
    "chance_pool100": 0.01,
    "top1_pool1000": 0.001375,
    "chance_pool1000": 0.001
  },
  "seen": {
    "psnr": 11.202423095703125,
    "ssim": 0.5487528443336487,
    "mse": 0.08283291757106781,
    "mae": 0.24864424765110016,
    "top1_pool10": 0.1006,
    "chance_pool10": 0.1,
    "top1_pool100": 0.0106,
    "chance_pool100": 0.01,
    "top1_pool1000": 0.001225,
    "chance_pool1000": 0.001
  },
  "unseen": {
    "psnr": 11.089767456054688,
    "ssim": 0.5388230681419373,
    "mse": 0.08475163578987122,
    "mae": 0.2526738941669464,
    "top1_pool10": 0.1006,
    "chance_pool10": 0.1,
    "top1_pool100": 0.01045,
    "chance_pool100": 0.01,
    "top1_pool1000": 0.001325,
    "chance_pool1000": 0.001
  },
  "mismatch_control": {
    "psnr": 11.089801788330078,
    "ssim": 0.5388331413269043,
    "mse": 0.08475139737129211,
    "mae": 0.2526734173297882,
    "top1_pool10": 0.100925,
    "chance_pool10": 0.1,
    "top1_pool100": 0.010475,
    "chance_pool100": 0.01,
    "top1_pool1000": 0.00135,
    "chance_pool1000": 0.001
  },
  "gain_over_floor_unseen": {
    "psnr_gain_db": -0.0005435943603515625,
    "ssim_gain": -0.00034940242767333984,
    "top1_pool10_gain": 0.0023999999999999994,
    "top1_pool100_gain": 0.0002749999999999992,
    "top1_pool1000_gain": -4.9999999999999914e-05
  },
  "gain_over_floor_seen": {
    "psnr_gain_db": 0.11211204528808594,
    "ssim_gain": 0.009580373764038086,
    "top1_pool10_gain": 0.0023999999999999994,
    "top1_pool100_gain": 0.00042500000000000003,
    "top1_pool1000_gain": -0.00014999999999999996
  },
  "kgg_psnr": 1.0048486704435258,
  "kgg_top1_100": 0.35294117647059015,
  "train_seconds": 332.1935784816742
}
