[E2_scope_rowcol__samekey__linearmixer_shapes] step   1000 loss 0.2483 | SEEN psnr  11.11 top1@100 0.017 | UNSEEN psnr  10.88 top1@100 0.011 | floor 11.09
[E2_scope_rowcol__samekey__linearmixer_shapes] step   2000 loss 0.2416 | SEEN psnr  10.95 top1@100 0.012 | UNSEEN psnr  10.67 top1@100 0.010 | floor 11.09
[E2_scope_rowcol__samekey__linearmixer_shapes] step   3000 loss 0.2240 | SEEN psnr  10.66 top1@100 0.014 | UNSEEN psnr  10.36 top1@100 0.012 | floor 11.09
[E2_scope_rowcol__samekey__linearmixer_shapes] step   4000 loss 0.1967 | SEEN psnr  10.56 top1@100 0.012 | UNSEEN psnr  10.26 top1@100 0.011 | floor 11.09
[E2_scope_rowcol__samekey__linearmixer_shapes] step   5000 loss 0.1891 | SEEN psnr  10.52 top1@100 0.012 | UNSEEN psnr  10.25 top1@100 0.012 | floor 11.09
{
  "config": {
    "name": "E2_scope_rowcol__samekey__linearmixer_shapes",
    "cipher": {
      "name": "chaos",
      "map": "logistic",
      "rounds": 2,
      "mode": "permute_diffuse",
      "perm_scope": "rowcol",
      "perm_keyed": true,
      "feedback": "cbc",
      "precision": "float64"
    },
    "dataset": "shapes",
    "eval_dataset": null,
    "model": "linearmixer",
    "model_kw": {
      "pos_embed": 0
    },
    "n_keys": 1,
    "batch_size": 256,
    "steps": 5000,
    "lr": 0.0005,
    "warmup_steps": 200,
    "eval_n": 2000,
    "eval_every": 1000,
    "seed": 0,
    "device": "cuda:2",
    "workers": 6,
    "input_repr": "pixel",
    "coords": false,
    "loss": "l1",
    "amp": true
  },
  "cipher_tag": "logistic_r2_permute_diffuse_rowcol_keyed_cbc_float64",
  "n_params": 9469219,
  "floor": {
    "psnr": 11.090311050415039,
    "ssim": 0.5391724705696106,
    "mse": 0.0847492590546608,
    "mae": 0.25266262888908386,
    "top1_pool10": 0.0982,
    "chance_pool10": 0.1,
    "top1_pool100": 0.010175,
    "chance_pool100": 0.01,
    "top1_pool1000": 0.001375,
    "chance_pool1000": 0.001
  },
  "seen": {
    "psnr": 10.519438743591309,
    "ssim": 0.3416132628917694,
    "mse": 0.09757251292467117,
    "mae": 0.2617635726928711,
    "top1_pool10": 0.127925,
    "chance_pool10": 0.1,
    "top1_pool100": 0.011875,
    "chance_pool100": 0.01,
    "top1_pool1000": 0.0018,
    "chance_pool1000": 0.001
  },
  "unseen": {
    "psnr": 10.250032424926758,
    "ssim": 0.33252406120300293,
    "mse": 0.10301793366670609,
    "mae": 0.2708643078804016,
    "top1_pool10": 0.101625,
    "chance_pool10": 0.1,
    "top1_pool100": 0.0122,
    "chance_pool100": 0.01,
    "top1_pool1000": 0.001875,
    "chance_pool1000": 0.001
  },
  "mismatch_control": {
    "psnr": 10.293784141540527,
    "ssim": 0.3339376449584961,
    "mse": 0.10209663212299347,
    "mae": 0.26901260018348694,
    "top1_pool10": 0.1,
    "chance_pool10": 0.1,
    "top1_pool100": 0.01095,
    "chance_pool100": 0.01,
    "top1_pool1000": 0.001425,
    "chance_pool1000": 0.001
  },
  "gain_over_floor_unseen": {
    "psnr_gain_db": -0.8402786254882812,
    "ssim_gain": -0.20664840936660767,
    "top1_pool10_gain": 0.0034249999999999975,
    "top1_pool100_gain": 0.0020250000000000008,
    "top1_pool1000_gain": 0.0005
  },
  "gain_over_floor_seen": {
    "psnr_gain_db": -0.5708723068237305,
    "ssim_gain": -0.1975592076778412,
    "top1_pool10_gain": 0.029725000000000015,
    "top1_pool100_gain": 0.0017000000000000001,
    "top1_pool1000_gain": 0.00042500000000000003
  },
  "kgg_psnr": -0.47192045479224126,
  "kgg_top1_100": -0.19117647058823564,
  "train_seconds": 121.63302087783813
}
