[E2_scope_rowcol_permonly__keyagnostic__linearmixer_shapes] step   1000 loss 0.1217 | SEEN psnr  14.83 top1@100 0.102 | UNSEEN psnr  14.70 top1@100 0.099 | floor 11.09
[E2_scope_rowcol_permonly__keyagnostic__linearmixer_shapes] step   2000 loss 0.1187 | SEEN psnr  14.83 top1@100 0.103 | UNSEEN psnr  14.71 top1@100 0.099 | floor 11.09
[E2_scope_rowcol_permonly__keyagnostic__linearmixer_shapes] step   3000 loss 0.1244 | SEEN psnr  14.84 top1@100 0.104 | UNSEEN psnr  14.71 top1@100 0.099 | floor 11.09
[E2_scope_rowcol_permonly__keyagnostic__linearmixer_shapes] step   4000 loss 0.1157 | SEEN psnr  14.91 top1@100 0.104 | UNSEEN psnr  14.78 top1@100 0.100 | floor 11.09
[E2_scope_rowcol_permonly__keyagnostic__linearmixer_shapes] step   5000 loss 0.1210 | SEEN psnr  14.89 top1@100 0.104 | UNSEEN psnr  14.77 top1@100 0.100 | floor 11.09
{
  "config": {
    "name": "E2_scope_rowcol_permonly__keyagnostic__linearmixer_shapes",
    "cipher": {
      "name": "chaos",
      "map": "logistic",
      "rounds": 1,
      "mode": "permute_only",
      "perm_scope": "rowcol",
      "perm_keyed": true,
      "feedback": "cbc",
      "precision": "float64"
    },
    "dataset": "shapes",
    "eval_dataset": null,
    "model": "linearmixer",
    "model_kw": {
      "pos_embed": 0
    },
    "n_keys": null,
    "batch_size": 256,
    "steps": 5000,
    "lr": 0.0005,
    "warmup_steps": 200,
    "eval_n": 2000,
    "eval_every": 1000,
    "seed": 0,
    "device": "cuda:0",
    "workers": 6,
    "input_repr": "pixel",
    "coords": false,
    "loss": "l1",
    "amp": true
  },
  "cipher_tag": "logistic_r1_permute_only_rowcol_keyed_cbc_float64",
  "n_params": 9469219,
  "floor": {
    "psnr": 11.090311050415039,
    "ssim": 0.5391724705696106,
    "mse": 0.0847492590546608,
    "mae": 0.25266262888908386,
    "top1_pool10": 0.0982,
    "chance_pool10": 0.1,
    "top1_pool100": 0.010175,
    "chance_pool100": 0.01,
    "top1_pool1000": 0.001375,
    "chance_pool1000": 0.001
  },
  "seen": {
    "psnr": 14.894078254699707,
    "ssim": 0.6447083950042725,
    "mse": 0.03756323829293251,
    "mae": 0.12033069133758545,
    "top1_pool10": 0.4587,
    "chance_pool10": 0.1,
    "top1_pool100": 0.103625,
    "chance_pool100": 0.01,
    "top1_pool1000": 0.021325,
    "chance_pool1000": 0.001
  },
  "unseen": {
    "psnr": 14.76529598236084,
    "ssim": 0.6364323496818542,
    "mse": 0.038721561431884766,
    "mae": 0.12327843904495239,
    "top1_pool10": 0.459225,
    "chance_pool10": 0.1,
    "top1_pool100": 0.0997,
    "chance_pool100": 0.01,
    "top1_pool1000": 0.020025,
    "chance_pool1000": 0.001
  },
  "mismatch_control": {
    "psnr": 8.806208610534668,
    "ssim": 0.4603855609893799,
    "mse": 0.15411853790283203,
    "mae": 0.3213115334510803,
    "top1_pool10": 0.095025,
    "chance_pool10": 0.1,
    "top1_pool100": 0.009725,
    "chance_pool100": 0.01,
    "top1_pool1000": 0.000275,
    "chance_pool1000": 0.001
  },
  "gain_over_floor_unseen": {
    "psnr_gain_db": 3.674984931945801,
    "ssim_gain": 0.09725987911224365,
    "top1_pool10_gain": 0.361025,
    "top1_pool100_gain": 0.089525,
    "top1_pool1000_gain": 0.01865
  },
  "gain_over_floor_seen": {
    "psnr_gain_db": 3.803767204284668,
    "ssim_gain": 0.10553592443466187,
    "top1_pool10_gain": 0.3605,
    "top1_pool100_gain": 0.09344999999999999,
    "top1_pool1000_gain": 0.01995
  },
  "kgg_psnr": 0.03385650735770667,
  "kgg_top1_100": 0.042001070090957715,
  "train_seconds": 108.76208806037903
}
