[E2_scope_blockwise64__keyagnostic__resunet_cifar] step   1000 loss 0.2050 | SEEN psnr  12.69 top1@100 0.010 | UNSEEN psnr  12.68 top1@100 0.010 | floor 12.68
[E2_scope_blockwise64__keyagnostic__resunet_cifar] step   2000 loss 0.2019 | SEEN psnr  12.69 top1@100 0.010 | UNSEEN psnr  12.68 top1@100 0.010 | floor 12.68
[E2_scope_blockwise64__keyagnostic__resunet_cifar] step   3000 loss 0.2091 | SEEN psnr  12.69 top1@100 0.010 | UNSEEN psnr  12.68 top1@100 0.010 | floor 12.68
[E2_scope_blockwise64__keyagnostic__resunet_cifar] step   4000 loss 0.2080 | SEEN psnr  12.70 top1@100 0.010 | UNSEEN psnr  12.69 top1@100 0.011 | floor 12.68
[E2_scope_blockwise64__keyagnostic__resunet_cifar] step   5000 loss 0.2092 | SEEN psnr  12.70 top1@100 0.010 | UNSEEN psnr  12.69 top1@100 0.010 | floor 12.68
{
  "config": {
    "name": "E2_scope_blockwise64__keyagnostic__resunet_cifar",
    "cipher": {
      "name": "chaos",
      "map": "logistic",
      "rounds": 2,
      "mode": "permute_diffuse",
      "perm_scope": "blockwise",
      "perm_keyed": true,
      "feedback": "none",
      "precision": "float64",
      "block_size": 64
    },
    "dataset": "cifar10",
    "eval_dataset": null,
    "model": "resunet",
    "model_kw": {},
    "n_keys": null,
    "batch_size": 256,
    "steps": 5000,
    "lr": 0.0002,
    "warmup_steps": 200,
    "eval_n": 2000,
    "eval_every": 1000,
    "seed": 0,
    "device": "cuda:0",
    "workers": 6,
    "input_repr": "both",
    "coords": true,
    "prev_ch": true,
    "out_mode": "regress",
    "train_subset": null,
    "loss": "l1",
    "amp": true
  },
  "cipher_tag": "logistic_r2_permute_diffuse_blockwise_keyed_none_float64",
  "n_params": 27188675,
  "floor": {
    "psnr": 12.681406021118164,
    "ssim": 0.35571393370628357,
    "mse": 0.06180805340409279,
    "mae": 0.20674438774585724,
    "top1_pool10": 0.100375,
    "chance_pool10": 0.1,
    "top1_pool100": 0.010025,
    "chance_pool100": 0.01,
    "top1_pool1000": 0.001075,
    "chance_pool1000": 0.001
  },
  "seen": {
    "psnr": 12.69809627532959,
    "ssim": 0.3561413586139679,
    "mse": 0.06243634596467018,
    "mae": 0.20635569095611572,
    "top1_pool10": 0.100375,
    "chance_pool10": 0.1,
    "top1_pool100": 0.009975,
    "chance_pool100": 0.01,
    "top1_pool1000": 0.0012,
    "chance_pool1000": 0.001
  },
  "unseen": {
    "psnr": 12.688356399536133,
    "ssim": 0.35374996066093445,
    "mse": 0.06230910122394562,
    "mae": 0.2063135951757431,
    "top1_pool10": 0.10135,
    "chance_pool10": 0.1,
    "top1_pool100": 0.0101,
    "chance_pool100": 0.01,
    "top1_pool1000": 0.001475,
    "chance_pool1000": 0.001
  },
  "mismatch_control": {
    "psnr": 12.686911582946777,
    "ssim": 0.35368213057518005,
    "mse": 0.06233559176325798,
    "mae": 0.20636437833309174,
    "top1_pool10": 0.10075,
    "chance_pool10": 0.1,
    "top1_pool100": 0.00995,
    "chance_pool100": 0.01,
    "top1_pool1000": 0.001075,
    "chance_pool1000": 0.001
  },
  "gain_over_floor_unseen": {
    "psnr_gain_db": 0.00695037841796875,
    "ssim_gain": -0.001963973045349121,
    "top1_pool10_gain": 0.0009749999999999898,
    "top1_pool100_gain": 7.500000000000041e-05,
    "top1_pool1000_gain": 0.00039999999999999996
  },
  "gain_over_floor_seen": {
    "psnr_gain_db": 0.01669025421142578,
    "ssim_gain": 0.00042742490768432617,
    "top1_pool10_gain": 0.0,
    "top1_pool100_gain": -4.99999999999997e-05,
    "top1_pool1000_gain": 0.0001249999999999999
  },
  "kgg_psnr": 0.5835666533340952,
  "kgg_top1_100": 2.5000000000000173,
  "train_seconds": 509.43934774398804
}
