[E2_scope_blockwise64__keyagnostic__resunet_shapes] step   1000 loss 0.2504 | SEEN psnr  11.20 top1@100 0.010 | UNSEEN psnr  11.08 top1@100 0.010 | floor 11.09
[E2_scope_blockwise64__keyagnostic__resunet_shapes] step   2000 loss 0.2490 | SEEN psnr  11.20 top1@100 0.010 | UNSEEN psnr  11.09 top1@100 0.010 | floor 11.09
[E2_scope_blockwise64__keyagnostic__resunet_shapes] step   3000 loss 0.2504 | SEEN psnr  11.20 top1@100 0.010 | UNSEEN psnr  11.09 top1@100 0.011 | floor 11.09
[E2_scope_blockwise64__keyagnostic__resunet_shapes] step   4000 loss 0.2468 | SEEN psnr  11.20 top1@100 0.010 | UNSEEN psnr  11.09 top1@100 0.010 | floor 11.09
[E2_scope_blockwise64__keyagnostic__resunet_shapes] step   5000 loss 0.2462 | SEEN psnr  11.20 top1@100 0.011 | UNSEEN psnr  11.09 top1@100 0.010 | floor 11.09
{
  "config": {
    "name": "E2_scope_blockwise64__keyagnostic__resunet_shapes",
    "cipher": {
      "name": "chaos",
      "map": "logistic",
      "rounds": 2,
      "mode": "permute_diffuse",
      "perm_scope": "blockwise",
      "perm_keyed": true,
      "feedback": "cbc",
      "precision": "float64",
      "block_size": 64
    },
    "dataset": "shapes",
    "eval_dataset": null,
    "model": "resunet",
    "model_kw": {},
    "n_keys": null,
    "batch_size": 256,
    "steps": 5000,
    "lr": 0.0002,
    "warmup_steps": 200,
    "eval_n": 2000,
    "eval_every": 1000,
    "seed": 0,
    "device": "cuda:2",
    "workers": 6,
    "input_repr": "both",
    "coords": true,
    "loss": "l1",
    "amp": true
  },
  "cipher_tag": "logistic_r2_permute_diffuse_blockwise_keyed_cbc_float64",
  "n_params": 27190851,
  "floor": {
    "psnr": 11.090311050415039,
    "ssim": 0.5391724705696106,
    "mse": 0.0847492590546608,
    "mae": 0.25266262888908386,
    "top1_pool10": 0.0982,
    "chance_pool10": 0.1,
    "top1_pool100": 0.010175,
    "chance_pool100": 0.01,
    "top1_pool1000": 0.001375,
    "chance_pool1000": 0.001
  },
  "seen": {
    "psnr": 11.202438354492188,
    "ssim": 0.5488734245300293,
    "mse": 0.08283297717571259,
    "mae": 0.24864672124385834,
    "top1_pool10": 0.101725,
    "chance_pool10": 0.1,
    "top1_pool100": 0.011125,
    "chance_pool100": 0.01,
    "top1_pool1000": 0.00115,
    "chance_pool1000": 0.001
  },
  "unseen": {
    "psnr": 11.089816093444824,
    "ssim": 0.5389516949653625,
    "mse": 0.08475102484226227,
    "mae": 0.2526741623878479,
    "top1_pool10": 0.100125,
    "chance_pool10": 0.1,
    "top1_pool100": 0.010325,
    "chance_pool100": 0.01,
    "top1_pool1000": 0.001575,
    "chance_pool1000": 0.001
  },
  "mismatch_control": {
    "psnr": 11.089813232421875,
    "ssim": 0.5389536023139954,
    "mse": 0.08475104719400406,
    "mae": 0.25267452001571655,
    "top1_pool10": 0.10055,
    "chance_pool10": 0.1,
    "top1_pool100": 0.010475,
    "chance_pool100": 0.01,
    "top1_pool1000": 0.001125,
    "chance_pool1000": 0.001
  },
  "gain_over_floor_unseen": {
    "psnr_gain_db": -0.0004949569702148438,
    "ssim_gain": -0.00022077560424804688,
    "top1_pool10_gain": 0.00192500000000001,
    "top1_pool100_gain": 0.00015000000000000083,
    "top1_pool1000_gain": 0.0002000000000000001
  },
  "gain_over_floor_seen": {
    "psnr_gain_db": 0.11212730407714844,
    "ssim_gain": 0.009700953960418701,
    "top1_pool10_gain": 0.0035250000000000004,
    "top1_pool100_gain": 0.0009499999999999995,
    "top1_pool1000_gain": -0.00022499999999999994
  },
  "kgg_psnr": 1.0044142412438124,
  "kgg_top1_100": 0.8421052631578938,
  "train_seconds": 329.7157266139984
}
