[E2_scope_blockwise64__samekey__resunet_cifar] step   1000 loss 0.0608 | SEEN psnr  21.87 top1@100 1.000 | UNSEEN psnr  12.22 top1@100 0.012 | floor 12.68
[E2_scope_blockwise64__samekey__resunet_cifar] step   2000 loss 0.0450 | SEEN psnr  23.91 top1@100 1.000 | UNSEEN psnr  12.12 top1@100 0.014 | floor 12.68
[E2_scope_blockwise64__samekey__resunet_cifar] step   3000 loss 0.0407 | SEEN psnr  24.90 top1@100 1.000 | UNSEEN psnr  12.05 top1@100 0.015 | floor 12.68
[E2_scope_blockwise64__samekey__resunet_cifar] step   4000 loss 0.0371 | SEEN psnr  25.47 top1@100 1.000 | UNSEEN psnr  11.97 top1@100 0.016 | floor 12.68
[E2_scope_blockwise64__samekey__resunet_cifar] step   5000 loss 0.0377 | SEEN psnr  25.65 top1@100 1.000 | UNSEEN psnr  11.95 top1@100 0.016 | floor 12.68
{
  "config": {
    "name": "E2_scope_blockwise64__samekey__resunet_cifar",
    "cipher": {
      "name": "chaos",
      "map": "logistic",
      "rounds": 2,
      "mode": "permute_diffuse",
      "perm_scope": "blockwise",
      "perm_keyed": true,
      "feedback": "none",
      "precision": "float64",
      "block_size": 64
    },
    "dataset": "cifar10",
    "eval_dataset": null,
    "model": "resunet",
    "model_kw": {},
    "n_keys": 1,
    "batch_size": 256,
    "steps": 5000,
    "lr": 0.0002,
    "warmup_steps": 200,
    "eval_n": 2000,
    "eval_every": 1000,
    "seed": 0,
    "device": "cuda:2",
    "workers": 6,
    "input_repr": "both",
    "coords": true,
    "prev_ch": true,
    "out_mode": "regress",
    "train_subset": null,
    "loss": "l1",
    "amp": true
  },
  "cipher_tag": "logistic_r2_permute_diffuse_blockwise_keyed_none_float64",
  "n_params": 27188675,
  "floor": {
    "psnr": 12.681406021118164,
    "ssim": 0.35571393370628357,
    "mse": 0.06180805340409279,
    "mae": 0.20674438774585724,
    "top1_pool10": 0.100375,
    "chance_pool10": 0.1,
    "top1_pool100": 0.010025,
    "chance_pool100": 0.01,
    "top1_pool1000": 0.001075,
    "chance_pool1000": 0.001
  },
  "seen": {
    "psnr": 25.645376205444336,
    "ssim": 0.8864811658859253,
    "mse": 0.003088217694312334,
    "mae": 0.039072275161743164,
    "top1_pool10": 1.0,
    "chance_pool10": 0.1,
    "top1_pool100": 1.0,
    "chance_pool100": 0.01,
    "top1_pool1000": 1.0,
    "chance_pool1000": 0.001
  },
  "unseen": {
    "psnr": 11.95433235168457,
    "ssim": 0.28133466839790344,
    "mse": 0.07001469284296036,
    "mae": 0.21909712255001068,
    "top1_pool10": 0.154225,
    "chance_pool10": 0.1,
    "top1_pool100": 0.01595,
    "chance_pool100": 0.01,
    "top1_pool1000": 0.0019,
    "chance_pool1000": 0.001
  },
  "mismatch_control": {
    "psnr": 11.828485488891602,
    "ssim": 0.27689626812934875,
    "mse": 0.07203046977519989,
    "mae": 0.22237657010555267,
    "top1_pool10": 0.096075,
    "chance_pool10": 0.1,
    "top1_pool100": 0.0077,
    "chance_pool100": 0.01,
    "top1_pool1000": 0.0002,
    "chance_pool1000": 0.001
  },
  "gain_over_floor_unseen": {
    "psnr_gain_db": -0.7270736694335938,
    "ssim_gain": -0.07437926530838013,
    "top1_pool10_gain": 0.053849999999999995,
    "top1_pool100_gain": 0.005925,
    "top1_pool1000_gain": 0.000825
  },
  "gain_over_floor_seen": {
    "psnr_gain_db": 12.963970184326172,
    "ssim_gain": 0.5307672321796417,
    "top1_pool10_gain": 0.899625,
    "top1_pool100_gain": 0.989975,
    "top1_pool1000_gain": 0.998925
  },
  "kgg_psnr": 1.0560841824761869,
  "kgg_top1_100": 0.9940150003787974,
  "train_seconds": 559.4723780155182
}
