[E2_scope_rowcol_permonly__samekey__resunet_shapes] step   1000 loss 0.0419 | SEEN psnr  22.16 top1@100 1.000 | UNSEEN psnr  13.93 top1@100 0.094 | floor 11.09
[E2_scope_rowcol_permonly__samekey__resunet_shapes] step   2000 loss 0.0282 | SEEN psnr  24.60 top1@100 1.000 | UNSEEN psnr  13.86 top1@100 0.091 | floor 11.09
[E2_scope_rowcol_permonly__samekey__resunet_shapes] step   3000 loss 0.0185 | SEEN psnr  25.54 top1@100 1.000 | UNSEEN psnr  13.75 top1@100 0.092 | floor 11.09
[E2_scope_rowcol_permonly__samekey__resunet_shapes] step   4000 loss 0.0156 | SEEN psnr  26.00 top1@100 1.000 | UNSEEN psnr  13.78 top1@100 0.092 | floor 11.09
[E2_scope_rowcol_permonly__samekey__resunet_shapes] step   5000 loss 0.0137 | SEEN psnr  26.07 top1@100 1.000 | UNSEEN psnr  13.77 top1@100 0.092 | floor 11.09
{
  "config": {
    "name": "E2_scope_rowcol_permonly__samekey__resunet_shapes",
    "cipher": {
      "name": "chaos",
      "map": "logistic",
      "rounds": 1,
      "mode": "permute_only",
      "perm_scope": "rowcol",
      "perm_keyed": true,
      "feedback": "cbc",
      "precision": "float64"
    },
    "dataset": "shapes",
    "eval_dataset": null,
    "model": "resunet",
    "model_kw": {},
    "n_keys": 1,
    "batch_size": 256,
    "steps": 5000,
    "lr": 0.0002,
    "warmup_steps": 200,
    "eval_n": 2000,
    "eval_every": 1000,
    "seed": 0,
    "device": "cuda:0",
    "workers": 6,
    "input_repr": "both",
    "coords": true,
    "loss": "l1",
    "amp": true
  },
  "cipher_tag": "logistic_r1_permute_only_rowcol_keyed_cbc_float64",
  "n_params": 27190851,
  "floor": {
    "psnr": 11.090311050415039,
    "ssim": 0.5391724705696106,
    "mse": 0.0847492590546608,
    "mae": 0.25266262888908386,
    "top1_pool10": 0.0982,
    "chance_pool10": 0.1,
    "top1_pool100": 0.010175,
    "chance_pool100": 0.01,
    "top1_pool1000": 0.001375,
    "chance_pool1000": 0.001
  },
  "seen": {
    "psnr": 26.067386627197266,
    "ssim": 0.9213663339614868,
    "mse": 0.0032466736156493425,
    "mae": 0.021359387785196304,
    "top1_pool10": 1.0,
    "chance_pool10": 0.1,
    "top1_pool100": 1.0,
    "chance_pool100": 0.01,
    "top1_pool1000": 1.0,
    "chance_pool1000": 0.001
  },
  "unseen": {
    "psnr": 13.77347469329834,
    "ssim": 0.5069865584373474,
    "mse": 0.05191000550985336,
    "mae": 0.13898205757141113,
    "top1_pool10": 0.418,
    "chance_pool10": 0.1,
    "top1_pool100": 0.0921,
    "chance_pool100": 0.01,
    "top1_pool1000": 0.019175,
    "chance_pool1000": 0.001
  },
  "mismatch_control": {
    "psnr": 8.684904098510742,
    "ssim": 0.357937753200531,
    "mse": 0.15449583530426025,
    "mae": 0.3217945694923401,
    "top1_pool10": 0.097175,
    "chance_pool10": 0.1,
    "top1_pool100": 0.00945,
    "chance_pool100": 0.01,
    "top1_pool1000": 0.000175,
    "chance_pool1000": 0.001
  },
  "gain_over_floor_unseen": {
    "psnr_gain_db": 2.683163642883301,
    "ssim_gain": -0.032185912132263184,
    "top1_pool10_gain": 0.3198,
    "top1_pool100_gain": 0.081925,
    "top1_pool1000_gain": 0.0178
  },
  "gain_over_floor_seen": {
    "psnr_gain_db": 14.977075576782227,
    "ssim_gain": 0.3821938633918762,
    "top1_pool10_gain": 0.9018,
    "top1_pool100_gain": 0.989825,
    "top1_pool1000_gain": 0.998625
  },
  "kgg_psnr": 0.8208486276825099,
  "kgg_top1_100": 0.9172328441896296,
  "train_seconds": 330.09562706947327
}
