[E2_scope_rowcol_permonly__samekey__linearmixer_shapesB] step   1000 loss 0.0430 | SEEN psnr  23.34 top1@100 1.000 | UNSEEN psnr  14.22 top1@100 0.093 | floor 11.09
[E2_scope_rowcol_permonly__samekey__linearmixer_shapesB] step   2000 loss 0.0345 | SEEN psnr  24.74 top1@100 1.000 | UNSEEN psnr  14.06 top1@100 0.093 | floor 11.09
[E2_scope_rowcol_permonly__samekey__linearmixer_shapesB] step   3000 loss 0.0258 | SEEN psnr  26.21 top1@100 1.000 | UNSEEN psnr  13.92 top1@100 0.092 | floor 11.09
[E2_scope_rowcol_permonly__samekey__linearmixer_shapesB] step   4000 loss 0.0225 | SEEN psnr  26.97 top1@100 1.000 | UNSEEN psnr  13.83 top1@100 0.093 | floor 11.09
[E2_scope_rowcol_permonly__samekey__linearmixer_shapesB] step   5000 loss 0.0222 | SEEN psnr  27.14 top1@100 1.000 | UNSEEN psnr  13.82 top1@100 0.093 | floor 11.09
{
  "config": {
    "name": "E2_scope_rowcol_permonly__samekey__linearmixer_shapesB",
    "cipher": {
      "name": "chaos",
      "map": "logistic",
      "rounds": 1,
      "mode": "permute_only",
      "perm_scope": "rowcol",
      "perm_keyed": true,
      "feedback": "none",
      "precision": "float64"
    },
    "dataset": "shapes",
    "eval_dataset": null,
    "model": "linearmixer",
    "model_kw": {
      "pos_embed": 0
    },
    "n_keys": 1,
    "batch_size": 256,
    "steps": 5000,
    "lr": 0.0005,
    "warmup_steps": 200,
    "eval_n": 2000,
    "eval_every": 1000,
    "seed": 0,
    "device": "cuda:0",
    "workers": 6,
    "input_repr": "pixel",
    "coords": false,
    "prev_ch": true,
    "out_mode": "regress",
    "train_subset": null,
    "loss": "l1",
    "amp": true
  },
  "cipher_tag": "logistic_r1_permute_only_rowcol_keyed_none_float64",
  "n_params": 18906403,
  "floor": {
    "psnr": 11.090311050415039,
    "ssim": 0.5391724705696106,
    "mse": 0.0847492590546608,
    "mae": 0.25266262888908386,
    "top1_pool10": 0.0982,
    "chance_pool10": 0.1,
    "top1_pool100": 0.010175,
    "chance_pool100": 0.01,
    "top1_pool1000": 0.001375,
    "chance_pool1000": 0.001
  },
  "seen": {
    "psnr": 27.142478942871094,
    "ssim": 0.9247519969940186,
    "mse": 0.002178159076720476,
    "mae": 0.021477794274687767,
    "top1_pool10": 1.0,
    "chance_pool10": 0.1,
    "top1_pool100": 1.0,
    "chance_pool100": 0.01,
    "top1_pool1000": 1.0,
    "chance_pool1000": 0.001
  },
  "unseen": {
    "psnr": 13.817445755004883,
    "ssim": 0.4308295249938965,
    "mse": 0.0501476489007473,
    "mae": 0.1455562710762024,
    "top1_pool10": 0.420125,
    "chance_pool10": 0.1,
    "top1_pool100": 0.092625,
    "chance_pool100": 0.01,
    "top1_pool1000": 0.01895,
    "chance_pool1000": 0.001
  },
  "mismatch_control": {
    "psnr": 8.922080993652344,
    "ssim": 0.310623437166214,
    "mse": 0.14531899988651276,
    "mae": 0.31266769766807556,
    "top1_pool10": 0.09575,
    "chance_pool10": 0.1,
    "top1_pool100": 0.009575,
    "chance_pool100": 0.01,
    "top1_pool1000": 0.000375,
    "chance_pool1000": 0.001
  },
  "gain_over_floor_unseen": {
    "psnr_gain_db": 2.7271347045898438,
    "ssim_gain": -0.10834294557571411,
    "top1_pool10_gain": 0.321925,
    "top1_pool100_gain": 0.08245,
    "top1_pool1000_gain": 0.017575
  },
  "gain_over_floor_seen": {
    "psnr_gain_db": 16.052167892456055,
    "ssim_gain": 0.38557952642440796,
    "top1_pool10_gain": 0.9018,
    "top1_pool100_gain": 0.989825,
    "top1_pool1000_gain": 0.998625
  },
  "kgg_psnr": 0.8301080126459741,
  "kgg_top1_100": 0.9167024474023187,
  "train_seconds": 67.40619659423828
}
