[E2_scope_blockwise64__samekey__linearmixer_cifar] step   1000 loss 0.0535 | SEEN psnr  23.17 top1@100 1.000 | UNSEEN psnr  12.07 top1@100 0.017 | floor 12.68
[E2_scope_blockwise64__samekey__linearmixer_cifar] step   2000 loss 0.0451 | SEEN psnr  24.36 top1@100 1.000 | UNSEEN psnr  11.84 top1@100 0.012 | floor 12.68
[E2_scope_blockwise64__samekey__linearmixer_cifar] step   3000 loss 0.0404 | SEEN psnr  25.09 top1@100 1.000 | UNSEEN psnr  11.63 top1@100 0.011 | floor 12.68
[E2_scope_blockwise64__samekey__linearmixer_cifar] step   4000 loss 0.0380 | SEEN psnr  25.47 top1@100 1.000 | UNSEEN psnr  11.49 top1@100 0.011 | floor 12.68
[E2_scope_blockwise64__samekey__linearmixer_cifar] step   5000 loss 0.0373 | SEEN psnr  25.58 top1@100 1.000 | UNSEEN psnr  11.45 top1@100 0.011 | floor 12.68
{
  "config": {
    "name": "E2_scope_blockwise64__samekey__linearmixer_cifar",
    "cipher": {
      "name": "chaos",
      "map": "logistic",
      "rounds": 2,
      "mode": "permute_diffuse",
      "perm_scope": "blockwise",
      "perm_keyed": true,
      "feedback": "none",
      "precision": "float64",
      "block_size": 64
    },
    "dataset": "cifar10",
    "eval_dataset": null,
    "model": "linearmixer",
    "model_kw": {
      "pos_embed": 0
    },
    "n_keys": 1,
    "batch_size": 256,
    "steps": 5000,
    "lr": 0.0005,
    "warmup_steps": 200,
    "eval_n": 2000,
    "eval_every": 1000,
    "seed": 0,
    "device": "cuda:0",
    "workers": 6,
    "input_repr": "pixel",
    "coords": false,
    "prev_ch": true,
    "out_mode": "regress",
    "train_subset": null,
    "loss": "l1",
    "amp": true
  },
  "cipher_tag": "logistic_r2_permute_diffuse_blockwise_keyed_none_float64",
  "n_params": 18906403,
  "floor": {
    "psnr": 12.681406021118164,
    "ssim": 0.35571393370628357,
    "mse": 0.06180805340409279,
    "mae": 0.20674438774585724,
    "top1_pool10": 0.100375,
    "chance_pool10": 0.1,
    "top1_pool100": 0.010025,
    "chance_pool100": 0.01,
    "top1_pool1000": 0.001075,
    "chance_pool1000": 0.001
  },
  "seen": {
    "psnr": 25.58089828491211,
    "ssim": 0.8894920945167542,
    "mse": 0.0030333467293530703,
    "mae": 0.040074024349451065,
    "top1_pool10": 1.0,
    "chance_pool10": 0.1,
    "top1_pool100": 1.0,
    "chance_pool100": 0.01,
    "top1_pool1000": 1.0,
    "chance_pool1000": 0.001
  },
  "unseen": {
    "psnr": 11.451238632202148,
    "ssim": 0.25574398040771484,
    "mse": 0.07795998454093933,
    "mae": 0.23025506734848022,
    "top1_pool10": 0.092,
    "chance_pool10": 0.1,
    "top1_pool100": 0.01075,
    "chance_pool100": 0.01,
    "top1_pool1000": 0.001075,
    "chance_pool1000": 0.001
  },
  "mismatch_control": {
    "psnr": 11.486872673034668,
    "ssim": 0.2578733563423157,
    "mse": 0.07697296887636185,
    "mae": 0.22897450625896454,
    "top1_pool10": 0.09895,
    "chance_pool10": 0.1,
    "top1_pool100": 0.010075,
    "chance_pool100": 0.01,
    "top1_pool1000": 0.00185,
    "chance_pool1000": 0.001
  },
  "gain_over_floor_unseen": {
    "psnr_gain_db": -1.2301673889160156,
    "ssim_gain": -0.09996995329856873,
    "top1_pool10_gain": -0.008375000000000007,
    "top1_pool100_gain": 0.000725,
    "top1_pool1000_gain": 0.0
  },
  "gain_over_floor_seen": {
    "psnr_gain_db": 12.899492263793945,
    "ssim_gain": 0.5337781608104706,
    "top1_pool10_gain": 0.899625,
    "top1_pool100_gain": 0.989975,
    "top1_pool1000_gain": 0.998925
  },
  "kgg_psnr": 1.095365566625349,
  "kgg_top1_100": 0.9992676582741987,
  "train_seconds": 69.98143124580383
}
