[E2_scope_rowcol_permonly__samekey__resunet_cifar] step   1000 loss 0.0454 | SEEN psnr  24.26 top1@100 1.000 | UNSEEN psnr  12.18 top1@100 0.041 | floor 12.68
[E2_scope_rowcol_permonly__samekey__resunet_cifar] step   2000 loss 0.0352 | SEEN psnr  26.63 top1@100 1.000 | UNSEEN psnr  12.05 top1@100 0.041 | floor 12.68
[E2_scope_rowcol_permonly__samekey__resunet_cifar] step   3000 loss 0.0286 | SEEN psnr  28.24 top1@100 1.000 | UNSEEN psnr  11.92 top1@100 0.039 | floor 12.68
[E2_scope_rowcol_permonly__samekey__resunet_cifar] step   4000 loss 0.0258 | SEEN psnr  29.26 top1@100 1.000 | UNSEEN psnr  11.82 top1@100 0.037 | floor 12.68
[E2_scope_rowcol_permonly__samekey__resunet_cifar] step   5000 loss 0.0254 | SEEN psnr  29.50 top1@100 1.000 | UNSEEN psnr  11.81 top1@100 0.037 | floor 12.68
{
  "config": {
    "name": "E2_scope_rowcol_permonly__samekey__resunet_cifar",
    "cipher": {
      "name": "chaos",
      "map": "logistic",
      "rounds": 1,
      "mode": "permute_only",
      "perm_scope": "rowcol",
      "perm_keyed": true,
      "feedback": "none",
      "precision": "float64"
    },
    "dataset": "cifar10",
    "eval_dataset": null,
    "model": "resunet",
    "model_kw": {},
    "n_keys": 1,
    "batch_size": 256,
    "steps": 5000,
    "lr": 0.0002,
    "warmup_steps": 200,
    "eval_n": 2000,
    "eval_every": 1000,
    "seed": 0,
    "device": "cuda:0",
    "workers": 6,
    "input_repr": "both",
    "coords": true,
    "prev_ch": true,
    "out_mode": "regress",
    "train_subset": null,
    "loss": "l1",
    "amp": true
  },
  "cipher_tag": "logistic_r1_permute_only_rowcol_keyed_none_float64",
  "n_params": 27188675,
  "floor": {
    "psnr": 12.681406021118164,
    "ssim": 0.35571393370628357,
    "mse": 0.06180805340409279,
    "mae": 0.20674438774585724,
    "top1_pool10": 0.100375,
    "chance_pool10": 0.1,
    "top1_pool100": 0.010025,
    "chance_pool100": 0.01,
    "top1_pool1000": 0.001075,
    "chance_pool1000": 0.001
  },
  "seen": {
    "psnr": 29.503801345825195,
    "ssim": 0.9513547420501709,
    "mse": 0.0013655415968969464,
    "mae": 0.02540983259677887,
    "top1_pool10": 1.0,
    "chance_pool10": 0.1,
    "top1_pool100": 1.0,
    "chance_pool100": 0.01,
    "top1_pool1000": 1.0,
    "chance_pool1000": 0.001
  },
  "unseen": {
    "psnr": 11.807568550109863,
    "ssim": 0.23339568078517914,
    "mse": 0.08099120855331421,
    "mae": 0.21687468886375427,
    "top1_pool10": 0.18575,
    "chance_pool10": 0.1,
    "top1_pool100": 0.03715,
    "chance_pool100": 0.01,
    "top1_pool1000": 0.0066,
    "chance_pool1000": 0.001
  },
  "mismatch_control": {
    "psnr": 9.954253196716309,
    "ssim": 0.2057332694530487,
    "mse": 0.11323121935129166,
    "mae": 0.2719571888446808,
    "top1_pool10": 0.1018,
    "chance_pool10": 0.1,
    "top1_pool100": 0.008275,
    "chance_pool100": 0.01,
    "top1_pool1000": 0.0009,
    "chance_pool1000": 0.001
  },
  "gain_over_floor_unseen": {
    "psnr_gain_db": -0.8738374710083008,
    "ssim_gain": -0.12231825292110443,
    "top1_pool10_gain": 0.08537499999999999,
    "top1_pool100_gain": 0.027125000000000003,
    "top1_pool1000_gain": 0.005525
  },
  "gain_over_floor_seen": {
    "psnr_gain_db": 16.82239532470703,
    "ssim_gain": 0.5956408083438873,
    "top1_pool10_gain": 0.899625,
    "top1_pool100_gain": 0.989975,
    "top1_pool1000_gain": 0.998925
  },
  "kgg_psnr": 1.0519448897818313,
  "kgg_top1_100": 0.9726003181898533,
  "train_seconds": 555.9601535797119
}
