[E2_scope_blockwise64__samekey__resunet_shapesB] step   1000 loss 0.0448 | SEEN psnr  22.38 top1@100 1.000 | UNSEEN psnr  10.54 top1@100 0.021 | floor 11.09
[E2_scope_blockwise64__samekey__resunet_shapesB] step   2000 loss 0.0279 | SEEN psnr  24.69 top1@100 1.000 | UNSEEN psnr  10.37 top1@100 0.018 | floor 11.09
[E2_scope_blockwise64__samekey__resunet_shapesB] step   3000 loss 0.0200 | SEEN psnr  25.93 top1@100 1.000 | UNSEEN psnr  10.44 top1@100 0.015 | floor 11.09
[E2_scope_blockwise64__samekey__resunet_shapesB] step   4000 loss 0.0161 | SEEN psnr  26.46 top1@100 1.000 | UNSEEN psnr  10.53 top1@100 0.014 | floor 11.09
[E2_scope_blockwise64__samekey__resunet_shapesB] step   5000 loss 0.0152 | SEEN psnr  26.57 top1@100 1.000 | UNSEEN psnr  10.54 top1@100 0.014 | floor 11.09
{
  "config": {
    "name": "E2_scope_blockwise64__samekey__resunet_shapesB",
    "cipher": {
      "name": "chaos",
      "map": "logistic",
      "rounds": 2,
      "mode": "permute_diffuse",
      "perm_scope": "blockwise",
      "perm_keyed": true,
      "feedback": "none",
      "precision": "float64",
      "block_size": 64
    },
    "dataset": "shapes",
    "eval_dataset": null,
    "model": "resunet",
    "model_kw": {},
    "n_keys": 1,
    "batch_size": 256,
    "steps": 5000,
    "lr": 0.0002,
    "warmup_steps": 200,
    "eval_n": 2000,
    "eval_every": 1000,
    "seed": 0,
    "device": "cuda:0",
    "workers": 6,
    "input_repr": "both",
    "coords": true,
    "prev_ch": true,
    "out_mode": "regress",
    "train_subset": null,
    "loss": "l1",
    "amp": true
  },
  "cipher_tag": "logistic_r2_permute_diffuse_blockwise_keyed_none_float64",
  "n_params": 27188675,
  "floor": {
    "psnr": 11.090311050415039,
    "ssim": 0.5391724705696106,
    "mse": 0.0847492590546608,
    "mae": 0.25266262888908386,
    "top1_pool10": 0.0982,
    "chance_pool10": 0.1,
    "top1_pool100": 0.010175,
    "chance_pool100": 0.01,
    "top1_pool1000": 0.001375,
    "chance_pool1000": 0.001
  },
  "seen": {
    "psnr": 26.57338523864746,
    "ssim": 0.9285916090011597,
    "mse": 0.0027459505945444107,
    "mae": 0.01990364119410515,
    "top1_pool10": 1.0,
    "chance_pool10": 0.1,
    "top1_pool100": 1.0,
    "chance_pool100": 0.01,
    "top1_pool1000": 1.0,
    "chance_pool1000": 0.001
  },
  "unseen": {
    "psnr": 10.541194915771484,
    "ssim": 0.3474235236644745,
    "mse": 0.09414869546890259,
    "mae": 0.2602664530277252,
    "top1_pool10": 0.14715,
    "chance_pool10": 0.1,
    "top1_pool100": 0.0142,
    "chance_pool100": 0.01,
    "top1_pool1000": 0.001125,
    "chance_pool1000": 0.001
  },
  "mismatch_control": {
    "psnr": 10.460546493530273,
    "ssim": 0.3466387093067169,
    "mse": 0.09592393040657043,
    "mae": 0.26350656151771545,
    "top1_pool10": 0.097525,
    "chance_pool10": 0.1,
    "top1_pool100": 0.0098,
    "chance_pool100": 0.01,
    "top1_pool1000": 0.00155,
    "chance_pool1000": 0.001
  },
  "gain_over_floor_unseen": {
    "psnr_gain_db": -0.5491161346435547,
    "ssim_gain": -0.1917489469051361,
    "top1_pool10_gain": 0.04895000000000001,
    "top1_pool100_gain": 0.004025000000000001,
    "top1_pool1000_gain": -0.00025
  },
  "gain_over_floor_seen": {
    "psnr_gain_db": 15.483074188232422,
    "ssim_gain": 0.3894191384315491,
    "top1_pool10_gain": 0.9018,
    "top1_pool100_gain": 0.989825,
    "top1_pool1000_gain": 0.998625
  },
  "kgg_psnr": 1.0354655753739719,
  "kgg_top1_100": 0.9959336246306166,
  "train_seconds": 329.31604194641113
}
