suite E2: 64 runs on GPUs 0,2
[gpu2] E2_posctrl_fixedperm_only__samekey__linearmixer_cifar rc=0 79s
[gpu0] E2_posctrl_fixedperm_only__samekey__resunet_cifar rc=0 347s
[gpu2] E2_posctrl_fixedperm_only__keyagnostic__resunet_cifar rc=0 345s
[gpu0] E2_posctrl_fixedperm_only__keyagnostic__linearmixer_cifar rc=0 82s
[gpu0] E2_negctrl_aes__samekey__linearmixer_cifar rc=0 265s
[gpu2] E2_negctrl_aes__samekey__resunet_cifar rc=0 402s
[gpu2] E2_negctrl_aes__keyagnostic__linearmixer_cifar rc=0 223s
[gpu0] E2_negctrl_aes__keyagnostic__resunet_cifar rc=0 384s
[gpu0] E2_rounds1__samekey__linearmixer_cifar rc=0 92s
[gpu2] E2_rounds1__samekey__resunet_cifar rc=0 347s
[gpu2] E2_rounds1__keyagnostic__linearmixer_cifar rc=0 95s
[gpu0] E2_rounds1__keyagnostic__resunet_cifar rc=0 374s
[gpu0] E2_rounds2__samekey__linearmixer_cifar rc=0 101s
[gpu2] E2_rounds2__samekey__resunet_cifar rc=0 346s
[gpu2] E2_rounds2__keyagnostic__linearmixer_cifar rc=0 96s
[gpu0] E2_rounds2__keyagnostic__resunet_cifar rc=0 348s
[gpu0] E2_rounds3__samekey__linearmixer_cifar rc=0 126s
skip-done: 17 already complete, 47 to run
suite E2: 47 runs on GPUs 0,2,1
[gpu1] E2_rounds3__keyagnostic__linearmixer_cifar rc=0 105s
[gpu2] E2_rounds3__samekey__resunet_cifar rc=0 469s
[gpu2] E2_rounds3__keyagnostic__linearmixer_cifar rc=0 123s
[gpu1] E2_rounds4__samekey__resunet_cifar rc=0 347s
[gpu1] E2_rounds4__samekey__linearmixer_cifar rc=0 110s
[gpu2] E2_rounds3__keyagnostic__resunet_cifar rc=0 646s
[gpu0] E2_rounds3__keyagnostic__resunet_cifar rc=0 680s
[gpu0] E2_rounds3__samekey__resunet_cifar rc=0 693s
[gpu2] E2_rounds4__keyagnostic__linearmixer_cifar rc=0 178s
[gpu0] E2_rounds4__samekey__linearmixer_cifar rc=0 178s
[gpu1] E2_rounds4__keyagnostic__resunet_cifar rc=0 353s
[gpu2] E2_rounds4__samekey__resunet_cifar rc=0 557s
[gpu2] E2_permute_only_r1__samekey__linearmixer_cifar rc=0 110s
[gpu2] E2_permute_only_r1__keyagnostic__linearmixer_cifar rc=0 111s
[gpu2] E2_rounds4__keyagnostic__linearmixer_cifar rc=0 121s
[gpu1] E2_permute_only_r1__keyagnostic__resunet_cifar rc=0 347s
[gpu0] E2_permute_only_r1__samekey__resunet_cifar rc=0 634s
[gpu1] E2_permute_only_r2__samekey__linearmixer_cifar rc=0 88s
[gpu1] E2_permute_only_r2__keyagnostic__linearmixer_cifar rc=0 83s
[gpu0] E2_rounds4__keyagnostic__resunet_cifar rc=0 679s
[gpu0] E2_permute_only_r1__samekey__linearmixer_cifar rc=0 108s
[gpu2] E2_permute_only_r2__samekey__resunet_cifar rc=0 700s
[gpu2] E2_permute_only_r1__samekey__resunet_cifar rc=0 703s
[gpu1] E2_diffuse_only_r1__samekey__resunet_cifar rc=0 362s
[gpu2] E2_diffuse_only_r1__samekey__linearmixer_cifar rc=0 129s
[gpu2] E2_permute_only_r1__keyagnostic__linearmixer_cifar rc=0 126s
[gpu0] E2_permute_only_r2__keyagnostic__resunet_cifar rc=0 649s
[gpu2] E2_diffuse_only_r1__keyagnostic__linearmixer_cifar rc=0 112s
[gpu2] E2_diffuse_only_r1_cbc__samekey__linearmixer_cifar rc=0 115s
[gpu1] E2_diffuse_only_r1__keyagnostic__resunet_cifar rc=0 348s
[gpu1] E2_diffuse_only_r1_cbc__keyagnostic__linearmixer_cifar rc=0 81s
[gpu0] E2_permute_only_r1__keyagnostic__resunet_cifar rc=0 681s
[gpu0] E2_permute_only_r2__samekey__linearmixer_cifar rc=0 109s
[gpu2] E2_permute_only_r2__samekey__resunet_cifar rc=0 617s
[gpu1] E2_scope_rowcol__samekey__resunet_cifar rc=0 351s
[gpu2] E2_permute_only_r2__keyagnostic__linearmixer_cifar rc=0 121s
[gpu0] E2_diffuse_only_r1_cbc__samekey__resunet_cifar rc=0 644s
[gpu1] E2_scope_rowcol__samekey__linearmixer_cifar rc=0 155s
[gpu2] E2_diffuse_only_r1_cbc__keyagnostic__resunet_cifar rc=0 638s
[gpu1] E2_scope_rowcol__keyagnostic__linearmixer_cifar rc=0 118s
[gpu1] E2_scope_blockwise64__samekey__linearmixer_cifar rc=0 86s
[gpu0] E2_permute_only_r2__keyagnostic__resunet_cifar rc=0 686s
[gpu0] E2_diffuse_only_r1__samekey__linearmixer_cifar rc=0 116s
[gpu0] E2_scope_rowcol__keyagnostic__resunet_cifar rc=0 638s
[gpu1] E2_scope_blockwise64__keyagnostic__resunet_cifar rc=0 345s
[gpu2] E2_diffuse_only_r1__samekey__resunet_cifar rc=0 686s
[gpu0] E2_scope_blockwise64__keyagnostic__linearmixer_cifar rc=0 110s
[gpu2] E2_scope_blockwise64__samekey__resunet_cifar rc=0 668s
[gpu2] E2_diffuse_only_r1__keyagnostic__linearmixer_cifar rc=0 112s
[gpu0] E2_scope_rowcol_permonly__samekey__linearmixer_cifar rc=0 122s
[gpu0] E2_scope_rowcol_permonly__keyagnostic__linearmixer_cifar rc=0 126s
[gpu1] E2_scope_rowcol_permonly__samekey__resunet_cifar rc=0 348s
[gpu0] E2_diffuse_only_r1__keyagnostic__resunet_cifar rc=0 527s
[gpu1] E2_fixedperm_keyed_diff__samekey__linearmixer_cifar rc=0 141s
[gpu0] E2_diffuse_only_r1_cbc__samekey__linearmixer_cifar rc=0 111s
[gpu1] E2_fixedperm_keyed_diff__keyagnostic__resunet_cifar rc=0 342s
[gpu2] E2_scope_rowcol_permonly__keyagnostic__resunet_cifar rc=0 704s
[gpu2] E2_diffuse_only_r1_cbc__samekey__resunet_cifar rc=0 703s
[gpu1] E2_fixedperm_keyed_diff__keyagnostic__linearmixer_cifar rc=0 90s
[gpu2] E2_diffuse_only_r1_cbc__keyagnostic__linearmixer_cifar rc=0 114s
[gpu0] E2_fixedperm_keyed_diff__samekey__resunet_cifar rc=0 644s
[gpu1] E2_feedback_cbc__samekey__linearmixer_cifar rc=0 80s
[gpu1] E2_feedback_cbc__keyagnostic__linearmixer_cifar rc=0 85s
[gpu0] E2_diffuse_only_r1_cbc__keyagnostic__resunet_cifar rc=0 698s
[gpu0] E2_scope_rowcol__samekey__linearmixer_cifar rc=0 120s
[gpu1] E2_float32__samekey__resunet_cifar rc=0 346s
[gpu2] E2_feedback_cbc__samekey__resunet_cifar rc=0 659s
[gpu1] E2_float32__samekey__linearmixer_cifar rc=0 86s
[gpu1] E2_float32__keyagnostic__linearmixer_cifar rc=0 78s
[gpu0] E2_feedback_cbc__keyagnostic__resunet_cifar rc=0 633s
[gpu2] E2_scope_rowcol__samekey__resunet_cifar rc=0 694s
[gpu2] E2_scope_rowcol__keyagnostic__linearmixer_cifar rc=0 153s
[gpu0] E2_scope_rowcol__keyagnostic__resunet_cifar rc=0 457s
[gpu0] E2_scope_blockwise64__samekey__linearmixer_cifar rc=0 87s
[gpu2] E2_float32__keyagnostic__resunet_cifar rc=0 602s
DONE E2: 47/47 ok
[gpu2] E2_scope_blockwise64__samekey__resunet_cifar rc=0 578s
[gpu0] E2_scope_blockwise64__keyagnostic__resunet_cifar rc=0 528s
[gpu2] E2_scope_blockwise64__keyagnostic__linearmixer_cifar rc=0 147s
[gpu2] E2_scope_rowcol_permonly__samekey__linearmixer_cifar rc=0 178s
[gpu0] E2_scope_rowcol_permonly__samekey__resunet_cifar rc=0 577s
[gpu0] E2_scope_rowcol_permonly__keyagnostic__linearmixer_cifar rc=0 113s
[gpu2] E2_scope_rowcol_permonly__keyagnostic__resunet_cifar rc=0 596s
[gpu2] E2_fixedperm_keyed_diff__samekey__linearmixer_cifar rc=0 115s
[gpu0] E2_fixedperm_keyed_diff__samekey__resunet_cifar rc=0 646s
[gpu0] E2_fixedperm_keyed_diff__keyagnostic__linearmixer_cifar rc=0 151s
[gpu2] E2_fixedperm_keyed_diff__keyagnostic__resunet_cifar rc=0 684s
[gpu2] E2_feedback_cbc__samekey__linearmixer_cifar rc=0 149s
[gpu0] E2_feedback_cbc__samekey__resunet_cifar rc=0 596s
[gpu0] E2_feedback_cbc__keyagnostic__linearmixer_cifar rc=0 100s
[gpu2] E2_feedback_cbc__keyagnostic__resunet_cifar rc=0 687s
[gpu2] E2_float32__samekey__linearmixer_cifar rc=0 122s
[gpu0] E2_float32__samekey__resunet_cifar rc=0 694s
[gpu0] E2_float32__keyagnostic__linearmixer_cifar rc=0 96s
[gpu2] E2_float32__keyagnostic__resunet_cifar rc=0 614s
DONE E2: 64/64 ok
