suite E1: 14 runs on GPUs 0,2
[gpu2] E1_nkeys_64__linearmixer_cifar rc=0 116s
[gpu2] E1_nkeys_1__linearmixer_cifar rc=0 98s
[gpu0] E1_nkeys_64__resunet_cifar rc=0 556s
[gpu0] E1_nkeys_256__linearmixer_cifar rc=0 137s
[gpu0] E1_nkeys_1__resunet_cifar rc=0 637s
[gpu0] E1_nkeys_4__linearmixer_cifar rc=0 108s
[gpu2] E1_nkeys_4__resunet_cifar rc=0 708s
[gpu2] E1_nkeys_256__resunet_cifar rc=0 802s
[gpu2] E1_nkeys_16__linearmixer_cifar rc=0 105s
[gpu2] E1_nkeys_1024__linearmixer_cifar rc=0 122s
[gpu0] E1_nkeys_1024__resunet_cifar rc=0 787s
[gpu0] E1_nkeys_inf__linearmixer_cifar rc=0 122s
[gpu0] E1_nkeys_16__resunet_cifar rc=0 594s
[gpu0] E1_nkeys_64__linearmixer_cifar rc=0 92s
[gpu2] E1_nkeys_64__resunet_cifar rc=0 674s
[gpu2] E1_nkeys_256__linearmixer_cifar rc=0 115s
[gpu0] E1_nkeys_256__resunet_cifar rc=0 348s
[gpu2] E1_nkeys_inf__resunet_cifar rc=0 777s
DONE E1: 14/14 ok
[gpu0] E1_nkeys_1024__linearmixer_cifar rc=0 91s
[gpu2] E1_nkeys_1024__resunet_cifar rc=0 384s
[gpu2] E1_nkeys_inf__linearmixer_cifar rc=0 88s
[gpu0] E1_nkeys_inf__resunet_cifar rc=0 347s
DONE E1: 14/14 ok
skip-done: 14 already complete, 0 to run
suite E1: 0 runs on GPUs 0,2,1
DONE E1: 0/0 ok
