suite E2: 60 runs on GPUs 0,2
[gpu2] E2_posctrl_fixedperm_only__samekey__linearmixer_shapes rc=0 81s
[gpu0] E2_posctrl_fixedperm_only__samekey__resunet_shapes rc=0 343s
[gpu2] E2_posctrl_fixedperm_only__keyagnostic__resunet_shapes rc=0 346s
[gpu0] E2_posctrl_fixedperm_only__keyagnostic__linearmixer_shapes rc=0 88s
[gpu0] E2_negctrl_aes__samekey__linearmixer_shapes rc=0 80s
[gpu2] E2_negctrl_aes__samekey__resunet_shapes rc=0 353s
[gpu0] E2_negctrl_aes__keyagnostic__resunet_shapes rc=0 358s
[gpu2] E2_negctrl_aes__keyagnostic__linearmixer_shapes rc=0 97s
[gpu2] E2_rounds1__samekey__linearmixer_shapes rc=0 90s
[gpu0] E2_rounds1__samekey__resunet_shapes rc=0 342s
[gpu0] E2_rounds1__keyagnostic__linearmixer_shapes rc=0 89s
[gpu2] E2_rounds1__keyagnostic__resunet_shapes rc=0 343s
[gpu2] E2_rounds2__samekey__linearmixer_shapes rc=0 79s
[gpu0] E2_rounds2__samekey__resunet_shapes rc=0 347s
[gpu0] E2_rounds2__keyagnostic__linearmixer_shapes rc=0 81s
[gpu2] E2_rounds2__keyagnostic__resunet_shapes rc=0 345s
[gpu2] E2_rounds3__samekey__linearmixer_shapes rc=0 95s
[gpu0] E2_rounds3__samekey__resunet_shapes rc=0 347s
[gpu0] E2_rounds3__keyagnostic__linearmixer_shapes rc=0 92s
[gpu2] E2_rounds3__keyagnostic__resunet_shapes rc=0 345s
[gpu2] E2_rounds4__samekey__linearmixer_shapes rc=0 104s
[gpu0] E2_rounds4__samekey__resunet_shapes rc=0 344s
[gpu2] E2_rounds4__keyagnostic__resunet_shapes rc=0 343s
[gpu0] E2_rounds4__keyagnostic__linearmixer_shapes rc=0 113s
[gpu0] E2_permute_only_r1__samekey__linearmixer_shapes rc=0 73s
[gpu2] E2_permute_only_r1__samekey__resunet_shapes rc=0 339s
[gpu2] E2_permute_only_r1__keyagnostic__linearmixer_shapes rc=0 79s
[gpu0] E2_permute_only_r1__keyagnostic__resunet_shapes rc=0 345s
[gpu0] E2_permute_only_r2__samekey__linearmixer_shapes rc=0 67s
[gpu2] E2_permute_only_r2__samekey__resunet_shapes rc=0 343s
[gpu0] E2_permute_only_r2__keyagnostic__resunet_shapes rc=0 346s
[gpu2] E2_permute_only_r2__keyagnostic__linearmixer_shapes rc=0 75s
[gpu2] E2_diffuse_only_r1__samekey__linearmixer_shapes rc=0 93s
[gpu0] E2_diffuse_only_r1__samekey__resunet_shapes rc=0 342s
[gpu0] E2_diffuse_only_r1__keyagnostic__linearmixer_shapes rc=0 78s
[gpu2] E2_diffuse_only_r1__keyagnostic__resunet_shapes rc=0 340s
[gpu2] E2_scope_rowcol__samekey__linearmixer_shapes rc=0 139s
[gpu0] E2_scope_rowcol__samekey__resunet_shapes rc=0 346s
[gpu0] E2_scope_rowcol__keyagnostic__linearmixer_shapes rc=0 129s
[gpu2] E2_scope_rowcol__keyagnostic__resunet_shapes rc=0 349s
[gpu2] E2_scope_blockwise64__samekey__linearmixer_shapes rc=0 88s
[gpu0] E2_scope_blockwise64__samekey__resunet_shapes rc=0 346s
[gpu0] E2_scope_blockwise64__keyagnostic__linearmixer_shapes rc=0 77s
[gpu2] E2_scope_blockwise64__keyagnostic__resunet_shapes rc=0 344s
[gpu2] E2_scope_rowcol_permonly__samekey__linearmixer_shapes rc=0 103s
[gpu0] E2_scope_rowcol_permonly__samekey__resunet_shapes rc=0 342s
[gpu0] E2_scope_rowcol_permonly__keyagnostic__linearmixer_shapes rc=0 122s
[gpu2] E2_scope_rowcol_permonly__keyagnostic__resunet_shapes rc=0 339s
[gpu2] E2_fixedperm_keyed_diff__samekey__linearmixer_shapes rc=0 105s
[gpu0] E2_fixedperm_keyed_diff__samekey__resunet_shapes rc=0 347s
[gpu0] E2_fixedperm_keyed_diff__keyagnostic__linearmixer_shapes rc=0 89s
[gpu2] E2_fixedperm_keyed_diff__keyagnostic__resunet_shapes rc=0 348s
[gpu2] E2_no_feedback__samekey__linearmixer_shapes rc=0 94s
[gpu0] E2_no_feedback__samekey__resunet_shapes rc=0 346s
[gpu0] E2_no_feedback__keyagnostic__linearmixer_shapes rc=0 102s
[gpu2] E2_no_feedback__keyagnostic__resunet_shapes rc=0 345s
[gpu2] E2_float32__samekey__linearmixer_shapes rc=0 82s
[gpu0] E2_float32__samekey__resunet_shapes rc=0 348s
[gpu0] E2_float32__keyagnostic__linearmixer_shapes rc=0 76s
[gpu2] E2_float32__keyagnostic__resunet_shapes rc=0 344s
DONE E2: 60/60 ok
