skip-done: 0 already complete, 64 to run
suite E2: 64 runs on GPUs 0,2,1
[gpu2] E2_posctrl_fixedperm_only__samekey__linearmixer_shapesB rc=0 112s
[gpu2] E2_posctrl_fixedperm_only__keyagnostic__linearmixer_shapesB rc=0 139s
[gpu1] E2_posctrl_fixedperm_only__keyagnostic__resunet_shapesB rc=0 355s
[gpu1] E2_negctrl_aes__samekey__linearmixer_shapesB rc=0 186s
[gpu0] E2_posctrl_fixedperm_only__samekey__resunet_shapesB rc=0 685s
[gpu0] E2_negctrl_aes__keyagnostic__linearmixer_shapesB rc=0 173s
[gpu2] E2_negctrl_aes__samekey__resunet_shapesB rc=0 609s
[gpu1] E2_negctrl_aes__keyagnostic__resunet_shapesB rc=0 394s
[gpu2] E2_rounds1__samekey__linearmixer_shapesB rc=0 110s
[gpu2] E2_rounds1__keyagnostic__linearmixer_shapesB rc=0 107s
[gpu1] E2_rounds1__keyagnostic__resunet_shapesB rc=0 342s
[gpu1] E2_rounds2__samekey__linearmixer_shapesB rc=0 87s
[gpu0] E2_rounds1__samekey__resunet_shapesB rc=0 634s
[gpu0] E2_rounds2__keyagnostic__linearmixer_shapesB rc=0 114s
[gpu1] E2_rounds2__keyagnostic__resunet_shapesB rc=0 346s
[gpu2] E2_rounds2__samekey__resunet_shapesB rc=0 645s
[gpu1] E2_rounds3__samekey__linearmixer_shapesB rc=0 133s
[gpu1] E2_rounds3__keyagnostic__linearmixer_shapesB rc=0 105s
[gpu0] E2_rounds3__samekey__resunet_shapesB rc=0 592s
[gpu1] E2_rounds4__samekey__resunet_shapesB rc=0 349s
[gpu0] E2_rounds4__samekey__linearmixer_shapesB rc=0 118s
[gpu2] E2_rounds3__keyagnostic__resunet_shapesB rc=0 610s
[gpu0] E2_rounds4__keyagnostic__linearmixer_shapesB rc=0 122s
[gpu0] E2_permute_only_r1__samekey__linearmixer_shapesB rc=0 91s
[gpu1] E2_rounds4__keyagnostic__resunet_shapesB rc=0 346s
[gpu1] E2_permute_only_r1__keyagnostic__linearmixer_shapesB rc=0 74s
[gpu2] E2_permute_only_r1__samekey__resunet_shapesB rc=0 644s
[gpu1] E2_permute_only_r2__samekey__resunet_shapesB rc=0 344s
[gpu2] E2_permute_only_r2__samekey__linearmixer_shapesB rc=0 118s
[gpu2] E2_permute_only_r2__keyagnostic__linearmixer_shapesB rc=0 109s
[gpu0] E2_permute_only_r1__keyagnostic__resunet_shapesB rc=0 692s
[gpu0] E2_diffuse_only_r1__samekey__linearmixer_shapesB rc=0 97s
[gpu1] E2_permute_only_r2__keyagnostic__resunet_shapesB rc=0 345s
[gpu1] E2_diffuse_only_r1__keyagnostic__linearmixer_shapesB rc=0 90s
[gpu0] E2_diffuse_only_r1__keyagnostic__resunet_shapesB rc=0 342s
[gpu2] E2_diffuse_only_r1__samekey__resunet_shapesB rc=0 534s
[gpu0] E2_diffuse_only_r1_cbc__samekey__linearmixer_shapesB rc=0 91s
[gpu0] E2_diffuse_only_r1_cbc__keyagnostic__linearmixer_shapesB rc=0 85s
[gpu1] E2_diffuse_only_r1_cbc__samekey__resunet_shapesB rc=0 345s
[gpu1] E2_scope_rowcol__samekey__linearmixer_shapesB rc=0 167s
[gpu2] E2_diffuse_only_r1_cbc__keyagnostic__resunet_shapesB rc=0 347s
[gpu0] E2_scope_rowcol__samekey__resunet_shapesB rc=0 352s
[gpu2] E2_scope_rowcol__keyagnostic__linearmixer_shapesB rc=0 133s
[gpu2] E2_scope_blockwise64__samekey__linearmixer_shapesB rc=0 88s
[gpu1] E2_scope_rowcol__keyagnostic__resunet_shapesB rc=0 343s
[gpu1] E2_scope_blockwise64__keyagnostic__linearmixer_shapesB rc=0 81s
[gpu0] E2_scope_blockwise64__samekey__resunet_shapesB rc=0 344s
[gpu0] E2_scope_rowcol_permonly__samekey__linearmixer_shapesB rc=0 80s
[gpu2] E2_scope_blockwise64__keyagnostic__resunet_shapesB rc=0 339s
[gpu2] E2_scope_rowcol_permonly__keyagnostic__linearmixer_shapesB rc=0 106s
[gpu1] E2_scope_rowcol_permonly__samekey__resunet_shapesB rc=0 340s
[gpu1] E2_fixedperm_keyed_diff__samekey__linearmixer_shapesB rc=0 92s
[gpu0] E2_scope_rowcol_permonly__keyagnostic__resunet_shapesB rc=0 341s
[gpu0] E2_fixedperm_keyed_diff__keyagnostic__linearmixer_shapesB rc=0 100s
[gpu2] E2_fixedperm_keyed_diff__samekey__resunet_shapesB rc=0 344s
[gpu2] E2_feedback_cbc__samekey__linearmixer_shapesB rc=0 89s
[gpu1] E2_fixedperm_keyed_diff__keyagnostic__resunet_shapesB rc=0 345s
[gpu1] E2_feedback_cbc__keyagnostic__linearmixer_shapesB rc=0 82s
[gpu0] E2_feedback_cbc__samekey__resunet_shapesB rc=0 342s
[gpu0] E2_float32__samekey__linearmixer_shapesB rc=0 93s
[gpu2] E2_feedback_cbc__keyagnostic__resunet_shapesB rc=0 343s
[gpu2] E2_float32__keyagnostic__linearmixer_shapesB rc=0 90s
[gpu1] E2_float32__samekey__resunet_shapesB rc=0 346s
[gpu0] E2_float32__keyagnostic__resunet_shapesB rc=0 344s
DONE E2: 64/64 ok
